Archive member included because of file (symbol)

E:\FAKU\Sistemas_Embebidos\WORKSPACES\uIP_Static_IP\CMSISv2p00_LPC17xx\Debug\libCMSISv2p00_LPC17xx.a(system_LPC17xx.o)
                              ./src/cr_startup_lpc176x.o (SystemInit)
e:/faku/sistemas_embebidos/software/nxp/lpcxpresso_4.3.0_1023/lpcxpresso/tools/bin/../lib/gcc/arm-none-eabi/4.5.1/../../../../arm-none-eabi/lib/thumb2\libcr_nohost.a(_cr__main.o)
                              ./src/cr_startup_lpc176x.o (__main)
e:/faku/sistemas_embebidos/software/nxp/lpcxpresso_4.3.0_1023/lpcxpresso/tools/bin/../lib/gcc/arm-none-eabi/4.5.1/../../../../arm-none-eabi/lib/thumb2\libcr_c.a(fpprintf.o)
                              ./apps/webserver/httpd-cgi.o (snprintf)
e:/faku/sistemas_embebidos/software/nxp/lpcxpresso_4.3.0_1023/lpcxpresso/tools/bin/../lib/gcc/arm-none-eabi/4.5.1/../../../../arm-none-eabi/lib/thumb2\libcr_c.a(initio.o)
                              e:/faku/sistemas_embebidos/software/nxp/lpcxpresso_4.3.0_1023/lpcxpresso/tools/bin/../lib/gcc/arm-none-eabi/4.5.1/../../../../arm-none-eabi/lib/thumb2\libcr_nohost.a(_cr__main.o) (_initio)
e:/faku/sistemas_embebidos/software/nxp/lpcxpresso_4.3.0_1023/lpcxpresso/tools/bin/../lib/gcc/arm-none-eabi/4.5.1/../../../../arm-none-eabi/lib/thumb2\libcr_c.a(printf.o)
                              e:/faku/sistemas_embebidos/software/nxp/lpcxpresso_4.3.0_1023/lpcxpresso/tools/bin/../lib/gcc/arm-none-eabi/4.5.1/../../../../arm-none-eabi/lib/thumb2\libcr_c.a(fpprintf.o) (__vfprintf)
e:/faku/sistemas_embebidos/software/nxp/lpcxpresso_4.3.0_1023/lpcxpresso/tools/bin/../lib/gcc/arm-none-eabi/4.5.1/../../../../arm-none-eabi/lib/thumb2\libcr_c.a(setvbuf.o)
                              e:/faku/sistemas_embebidos/software/nxp/lpcxpresso_4.3.0_1023/lpcxpresso/tools/bin/../lib/gcc/arm-none-eabi/4.5.1/../../../../arm-none-eabi/lib/thumb2\libcr_c.a(initio.o) (setvbuf)
e:/faku/sistemas_embebidos/software/nxp/lpcxpresso_4.3.0_1023/lpcxpresso/tools/bin/../lib/gcc/arm-none-eabi/4.5.1/../../../../arm-none-eabi/lib/thumb2\libcr_c.a(stdio.o)
                              e:/faku/sistemas_embebidos/software/nxp/lpcxpresso_4.3.0_1023/lpcxpresso/tools/bin/../lib/gcc/arm-none-eabi/4.5.1/../../../../arm-none-eabi/lib/thumb2\libcr_c.a(fpprintf.o) (__Ciob)
e:/faku/sistemas_embebidos/software/nxp/lpcxpresso_4.3.0_1023/lpcxpresso/tools/bin/../lib/gcc/arm-none-eabi/4.5.1/../../../../arm-none-eabi/lib/thumb2\libcr_c.a(strchr.o)
                              ./apps/webserver/httpd-cgi.o (strchr)
e:/faku/sistemas_embebidos/software/nxp/lpcxpresso_4.3.0_1023/lpcxpresso/tools/bin/../lib/gcc/arm-none-eabi/4.5.1/../../../../arm-none-eabi/lib/thumb2\libcr_c.a(strcpy.o)
                              ./apps/webserver/httpd.o (strcpy)
e:/faku/sistemas_embebidos/software/nxp/lpcxpresso_4.3.0_1023/lpcxpresso/tools/bin/../lib/gcc/arm-none-eabi/4.5.1/../../../../arm-none-eabi/lib/thumb2\libcr_c.a(strlen.o)
                              ./apps/webserver/httpd-cgi.o (strlen)
e:/faku/sistemas_embebidos/software/nxp/lpcxpresso_4.3.0_1023/lpcxpresso/tools/bin/../lib/gcc/arm-none-eabi/4.5.1/../../../../arm-none-eabi/lib/thumb2\libcr_c.a(strncmp.o)
                              ./apps/webserver/httpd-cgi.o (strncmp)
e:/faku/sistemas_embebidos/software/nxp/lpcxpresso_4.3.0_1023/lpcxpresso/tools/bin/../lib/gcc/arm-none-eabi/4.5.1/../../../../arm-none-eabi/lib/thumb2\libcr_c.a(strncpy.o)
                              ./apps/webserver/httpd.o (strncpy)
e:/faku/sistemas_embebidos/software/nxp/lpcxpresso_4.3.0_1023/lpcxpresso/tools/bin/../lib/gcc/arm-none-eabi/4.5.1/../../../../arm-none-eabi/lib/thumb2\libcr_c.a(strrchr.o)
                              ./apps/webserver/httpd.o (strrchr)
e:/faku/sistemas_embebidos/software/nxp/lpcxpresso_4.3.0_1023/lpcxpresso/tools/bin/../lib/gcc/arm-none-eabi/4.5.1/../../../../arm-none-eabi/lib/thumb2\libcr_c.a(memcpy.o)
                              ./uip/psock.o (memcpy)
e:/faku/sistemas_embebidos/software/nxp/lpcxpresso_4.3.0_1023/lpcxpresso/tools/bin/../lib/gcc/arm-none-eabi/4.5.1/../../../../arm-none-eabi/lib/thumb2\libcr_c.a(memset.o)
                              ./uip/uip_arp.o (memset)
e:/faku/sistemas_embebidos/software/nxp/lpcxpresso_4.3.0_1023/lpcxpresso/tools/bin/../lib/gcc/arm-none-eabi/4.5.1/../../../../arm-none-eabi/lib/thumb2\libcr_c.a(__fillbuf.o)
                              e:/faku/sistemas_embebidos/software/nxp/lpcxpresso_4.3.0_1023/lpcxpresso/tools/bin/../lib/gcc/arm-none-eabi/4.5.1/../../../../arm-none-eabi/lib/thumb2\libcr_c.a(stdio.o) (__filbuf)
e:/faku/sistemas_embebidos/software/nxp/lpcxpresso_4.3.0_1023/lpcxpresso/tools/bin/../lib/gcc/arm-none-eabi/4.5.1/../../../../arm-none-eabi/lib/thumb2\libcr_c.a(_deferredlazyseek.o)
                              e:/faku/sistemas_embebidos/software/nxp/lpcxpresso_4.3.0_1023/lpcxpresso/tools/bin/../lib/gcc/arm-none-eabi/4.5.1/../../../../arm-none-eabi/lib/thumb2\libcr_c.a(__fillbuf.o) (_deferredlazyseek)
[...]
Memory Configuration

Name             Origin             Length             Attributes
MFlash512        0x00000000         0x00080000         xr
RamLoc32         0x10000000         0x00008000         xrw
RamAHB32         0x2007c000         0x00008000         xrw
*default*        0x00000000         0xffffffff

Linker script and memory map

LOAD ./uip/psock.o
LOAD ./uip/timer.o
LOAD ./uip/uip-fw.o
LOAD ./uip/uip-neighbor.o
LOAD ./uip/uip-split.o
LOAD ./uip/uip.o
LOAD ./uip/uip_arp.o
LOAD ./uip/uiplib.o
LOAD ./src/cr_startup_lpc176x.o
LOAD ./main/clock-arch.o
LOAD ./main/main.o
LOAD ./main/tapdev.o
LOAD ./main/lpc1700/lpc17xx_emac.o
LOAD ./main/lpc1700/lpc17xx_systick.o
LOAD ./apps/webserver/http-strings.o
LOAD ./apps/webserver/httpd-cgi.o
LOAD ./apps/webserver/httpd-fs.o
LOAD ./apps/webserver/httpd.o
LOAD E:\FAKU\Sistemas_Embebidos\WORKSPACES\uIP_Static_IP\CMSISv2p00_LPC17xx\Debug\libCMSISv2p00_LPC17xx.a
START GROUP
LOAD e:/faku/sistemas_embebidos/software/nxp/lpcxpresso_4.3.0_1023/lpcxpresso/tools/bin/../lib/gcc/arm-none-eabi/4.5.1/../../../../arm-none-eabi/lib/thumb2\libcr_nohost.a
LOAD e:/faku/sistemas_embebidos/software/nxp/lpcxpresso_4.3.0_1023/lpcxpresso/tools/bin/../lib/gcc/arm-none-eabi/4.5.1/../../../../arm-none-eabi/lib/thumb2\libcr_c.a
LOAD e:/faku/sistemas_embebidos/software/nxp/lpcxpresso_4.3.0_1023/lpcxpresso/tools/bin/../lib/gcc/arm-none-eabi/4.5.1/thumb2\libcr_eabihelpers.a
END GROUP
                0x00080000                __top_MFlash512 = 0x80000
                0x10008000                __top_RamLoc32 = 0x10008000
                0x20084000                __top_RamAHB32 = 0x20084000

.text           0x00000000     0xa918
 FILL mask 0xff
 *(.isr_vector)
 .isr_vector    0x00000000       0xcc ./src/cr_startup_lpc176x.o
                0x00000000                g_pfnVectors
                0x000000cc                . = ALIGN (0x4)
                0x000000cc                __section_table_start = .
                0x000000cc                __data_section_table = .
                0x000000cc        0x4 LONG 0xa918 LOADADDR (.data)
                0x000000d0        0x4 LONG 0x10000000 ADDR (.data)
                0x000000d4        0x4 LONG 0x40 SIZEOF (.data)
                0x000000d8        0x4 LONG 0xa918 LOADADDR (.data_RAM2)
                0x000000dc        0x4 LONG 0x2007c000 ADDR (.data_RAM2)
                0x000000e0        0x4 LONG 0x0 SIZEOF (.data_RAM2)
                0x000000e4                __data_section_table_end = .
                0x000000e4                __bss_section_table = .
                0x000000e4        0x4 LONG 0x10000040 ADDR (.bss)
                0x000000e8        0x4 LONG 0x2860 SIZEOF (.bss)
                0x000000ec        0x4 LONG 0x2007c000 ADDR (.bss_RAM2)
                0x000000f0        0x4 LONG 0x0 SIZEOF (.bss_RAM2)
                0x000000f4                __bss_section_table_end = .
                0x000000f4                __section_table_end = .
 *(.after_vectors*)
 .after_vectors
                0x000000f4      0x174 ./src/cr_startup_lpc176x.o
                0x000000f4                data_init
                0x00000144                bss_init
                0x00000184                ResetISR
                0x00000218                NMI_Handler
                0x00000220                HardFault_Handler
                0x00000228                MemManage_Handler
                0x00000230                BusFault_Handler
                0x00000238                UsageFault_Handler
                0x00000240                SVCall_Handler
                0x00000248                DebugMon_Handler
                0x00000250                PendSV_Handler
                0x00000260                EINT2_IRQHandler
                0x00000260                UART1_IRQHandler
                0x00000260                EINT3_IRQHandler
                0x00000260                CANActivity_IRQHandler
                0x00000260                TIMER3_IRQHandler
                0x00000260                UART0_IRQHandler
                0x00000260                PWM1_IRQHandler
                0x00000260                USBActivity_IRQHandler
                0x00000260                IntDefaultHandler
                0x00000260                PLL0_IRQHandler
                0x00000260                CAN_IRQHandler
                0x00000260                I2C0_IRQHandler
                0x00000260                I2C1_IRQHandler
                0x00000260                I2S_IRQHandler
                0x00000260                I2C2_IRQHandler
                0x00000260                RTC_IRQHandler
                0x00000260                TIMER0_IRQHandler
                0x00000260                SPI_IRQHandler
                0x00000260                RIT_IRQHandler
                0x00000260                EINT1_IRQHandler
                0x00000260                TIMER1_IRQHandler
                0x00000260                UART2_IRQHandler
                0x00000260                ADC_IRQHandler
                0x00000260                SSP1_IRQHandler
                0x00000260                USB_IRQHandler
                0x00000260                BOD_IRQHandler
                0x00000260                SSP0_IRQHandler
                0x00000260                WDT_IRQHandler
                0x00000260                QEI_IRQHandler
                0x00000260                EINT0_IRQHandler
                0x00000260                TIMER2_IRQHandler
                0x00000260                DMA_IRQHandler
                0x00000260                PLL1_IRQHandler
                0x00000260                UART3_IRQHandler
                0x00000260                MCPWM_IRQHandler
                0x00000260                ENET_IRQHandler
 *(.text*)
 .text.buf_setup
                0x00000268       0x24 ./uip/psock.o
 .text.buf_bufto
                0x0000028c       0xa0 ./uip/psock.o
 .text.send_data
                0x0000032c       0x6c ./uip/psock.o
 .text.data_acked
                0x00000398       0x84 ./uip/psock.o
 .text.psock_send
                0x0000041c       0x94 ./uip/psock.o
                0x0000041c                psock_send
 .text.psock_generator_send
                0x000004b0       0xb8 ./uip/psock.o
                0x000004b0                psock_generator_send
 .text.psock_datalen
                0x00000568       0x24 ./uip/psock.o
                0x00000568                psock_datalen
 .text.psock_newdata
                0x0000058c       0x58 ./uip/psock.o
                0x0000058c                psock_newdata
 .text.psock_readto
                0x000005e4       0xcc ./uip/psock.o
                0x000005e4                psock_readto
 .text.psock_init
                0x000006b0       0x48 ./uip/psock.o
                0x000006b0                psock_init
 .text.timer_set
                0x000006f8       0x24 ./uip/timer.o
                0x000006f8                timer_set
 .text.timer_reset
                0x0000071c       0x20 ./uip/timer.o
                0x0000071c                timer_reset
 .text.timer_expired
                0x0000073c       0x2c ./uip/timer.o
                0x0000073c                timer_expired
 .text.uip_add32
                0x00000768      0x14c ./uip/uip.o
                0x00000768                uip_add32
 .text.chksum   0x000008b4       0x98 ./uip/uip.o
 .text.uip_ipchksum
                0x0000094c       0x3c ./uip/uip.o
                0x0000094c                uip_ipchksum
 .text.upper_layer_chksum
                0x00000988       0x8c ./uip/uip.o
 .text.uip_tcpchksum
                0x00000a14       0x14 ./uip/uip.o
                0x00000a14                uip_tcpchksum
 .text.uip_init
                0x00000a28       0xcc ./uip/uip.o
                0x00000a28                uip_init
 .text.uip_listen
                0x00000af4       0x84 ./uip/uip.o
                0x00000af4                uip_listen
 .text.uip_add_rcv_nxt
                0x00000b78       0x84 ./uip/uip.o
 .text.uip_process
                0x00000bfc     0x1d84 ./uip/uip.o
                0x00000bfc                uip_process
 .text.htons    0x00002980       0x30 ./uip/uip.o
                0x00002980                htons
 .text.uip_send
                0x000029b0       0x54 ./uip/uip.o
                0x000029b0                uip_send
 .text.uip_arp_timer
                0x00002a04       0xc0 ./uip/uip_arp.o
                0x00002a04                uip_arp_timer
 .text.uip_arp_update
                0x00002ac4      0x254 ./uip/uip_arp.o
 .text.uip_arp_arpin
                0x00002d18      0x1e0 ./uip/uip_arp.o
                0x00002d18                uip_arp_arpin
 .text.uip_arp_out
                0x00002ef8      0x318 ./uip/uip_arp.o
                0x00002ef8                uip_arp_out
 .text.clock_init
                0x00003210       0x10 ./main/clock-arch.o
                0x00003210                clock_init
 .text.clock_time
                0x00003220       0x18 ./main/clock-arch.o
                0x00003220                clock_time
 .text.uip_log  0x00003238       0x14 ./main/main.o
                0x00003238                uip_log
 .text.main     0x0000324c      0x240 ./main/main.o
                0x0000324c                main
 .text.tapdev_init
                0x0000348c        0xc ./main/tapdev.o
                0x0000348c                tapdev_init
 .text.tapdev_read
                0x00003498       0x1c ./main/tapdev.o
                0x00003498                tapdev_read
 .text.tapdev_send
                0x000034b4       0x1c ./main/tapdev.o
                0x000034b4                tapdev_send
 .text.EMAC_Init
                0x000034d0      0x37c ./main/lpc1700/lpc17xx_emac.o
                0x000034d0                EMAC_Init
 .text.write_PHY
                0x0000384c       0x60 ./main/lpc1700/lpc17xx_emac.o
 .text.read_PHY
                0x000038ac       0x74 ./main/lpc1700/lpc17xx_emac.o
 .text.EMAC_ReadPacket
                0x00003920       0xac ./main/lpc1700/lpc17xx_emac.o
                0x00003920                EMAC_ReadPacket
 .text.EMAC_SendPacket
                0x000039cc      0x10c ./main/lpc1700/lpc17xx_emac.o
                0x000039cc                EMAC_SendPacket
 .text.rx_descr_init
                0x00003ad8       0xd4 ./main/lpc1700/lpc17xx_emac.o
 .text.tx_descr_init
                0x00003bac       0xc0 ./main/lpc1700/lpc17xx_emac.o
 .text.NVIC_SetPriority
                0x00003c6c       0x5c ./main/lpc1700/lpc17xx_systick.o
 .text.SysTick_Config
                0x00003cc8       0x64 ./main/lpc1700/lpc17xx_systick.o
 .text.SysTick_Handler
                0x00003d2c       0x24 ./main/lpc1700/lpc17xx_systick.o
                0x00003d2c                SysTick_Handler
 .text.init_timer
                0x00003d50       0x34 ./main/lpc1700/lpc17xx_systick.o
                0x00003d50                init_timer
 .text.nullfunction
                0x00003d84       0x30 ./apps/webserver/httpd-cgi.o
 .text.httpd_cgi
                0x00003db4       0x64 ./apps/webserver/httpd-cgi.o
                0x00003db4                httpd_cgi
 .text.generate_file_stats
                0x00003e18       0x44 ./apps/webserver/httpd-cgi.o
 .text.file_stats
                0x00003e5c       0x74 ./apps/webserver/httpd-cgi.o
 .text.generate_tcp_stats
                0x00003ed0      0x128 ./apps/webserver/httpd-cgi.o
 .text.tcp_stats
                0x00003ff8       0xb4 ./apps/webserver/httpd-cgi.o
 .text.generate_port_status
                0x000040ac       0x74 ./apps/webserver/httpd-cgi.o
 .text.port_status
                0x00004120       0x64 ./apps/webserver/httpd-cgi.o
 .text.port_toggle
                0x00004184       0x5c ./apps/webserver/httpd-cgi.o
 .text.generate_net_stats
                0x000041e0       0x54 ./apps/webserver/httpd-cgi.o
 .text.net_stats
                0x00004234       0x8c ./apps/webserver/httpd-cgi.o
 .text.httpd_fs_strcmp
                0x000042c0       0x6c ./apps/webserver/httpd-fs.o
 .text.httpd_fs_open
                0x0000432c       0x88 ./apps/webserver/httpd-fs.o
                0x0000432c                httpd_fs_open
 .text.httpd_fs_count
                0x000043b4       0x60 ./apps/webserver/httpd-fs.o
                0x000043b4                httpd_fs_count
 .text.generate_part_of_file
                0x00004414       0x78 ./apps/webserver/httpd.o
 .text.send_file
                0x0000448c       0x94 ./apps/webserver/httpd.o
 .text.send_part_of_file
                0x00004520       0x68 ./apps/webserver/httpd.o
 .text.next_scriptstate
                0x00004588       0x50 ./apps/webserver/httpd.o
 .text.handle_script
                0x000045d8      0x22c ./apps/webserver/httpd.o
 .text.send_headers
                0x00004804      0x2d4 ./apps/webserver/httpd.o
 .text.handle_output
                0x00004ad8      0x17c ./apps/webserver/httpd.o
 .text.handle_input
                0x00004c54      0x1c4 ./apps/webserver/httpd.o
 .text.handle_connection
                0x00004e18       0x28 ./apps/webserver/httpd.o
 .text.httpd_appcall
                0x00004e40      0x118 ./apps/webserver/httpd.o
                0x00004e40                httpd_appcall
 .text.httpd_init
                0x00004f58       0x10 ./apps/webserver/httpd.o
                0x00004f58                httpd_init
 .text.SystemInit
                0x00004f68       0xe4 E:\FAKU\Sistemas_Embebidos\WORKSPACES\uIP_Static_IP\CMSISv2p00_LPC17xx\Debug\libCMSISv2p00_LPC17xx.a(system_LPC17xx.o)
                0x00004f68                SystemInit
 .text.__main   0x0000504c       0x14 e:/faku/sistemas_embebidos/software/nxp/lpcxpresso_4.3.0_1023/lpcxpresso/tools/bin/../lib/gcc/arm-none-eabi/4.5.1/../../../../arm-none-eabi/lib/thumb2\libcr_nohost.a(_cr__main.o)
                0x0000504c                __main
 .text.fp_round
                0x00005060       0x56 e:/faku/sistemas_embebidos/software/nxp/lpcxpresso_4.3.0_1023/lpcxpresso/tools/bin/../lib/gcc/arm-none-eabi/4.5.1/../../../../arm-none-eabi/lib/thumb2\libcr_c.a(fpprintf.o)
 .text.lose_trailing_zeros
                0x000050b6       0x1e e:/faku/sistemas_embebidos/software/nxp/lpcxpresso_4.3.0_1023/lpcxpresso/tools/bin/../lib/gcc/arm-none-eabi/4.5.1/../../../../arm-none-eabi/lib/thumb2\libcr_c.a(fpprintf.o)
 .text.pr_dec.clone.0
                0x000050d4       0x24 e:/faku/sistemas_embebidos/software/nxp/lpcxpresso_4.3.0_1023/lpcxpresso/tools/bin/../lib/gcc/arm-none-eabi/4.5.1/../../../../arm-none-eabi/lib/thumb2\libcr_c.a(fpprintf.o)
 .text.sprintf  0x000050f8       0x70 e:/faku/sistemas_embebidos/software/nxp/lpcxpresso_4.3.0_1023/lpcxpresso/tools/bin/../lib/gcc/arm-none-eabi/4.5.1/../../../../arm-none-eabi/lib/thumb2\libcr_c.a(fpprintf.o)
                0x000050f8                sprintf
 .text.fp_display
                0x00005168      0x918 e:/faku/sistemas_embebidos/software/nxp/lpcxpresso_4.3.0_1023/lpcxpresso/tools/bin/../lib/gcc/arm-none-eabi/4.5.1/../../../../arm-none-eabi/lib/thumb2\libcr_c.a(fpprintf.o)
 .text.snprintf
                0x00005a80       0x6c e:/faku/sistemas_embebidos/software/nxp/lpcxpresso_4.3.0_1023/lpcxpresso/tools/bin/../lib/gcc/arm-none-eabi/4.5.1/../../../../arm-none-eabi/lib/thumb2\libcr_c.a(fpprintf.o)
                0x00005a80                snprintf
 .text._initio  0x00005aec       0x9c e:/faku/sistemas_embebidos/software/nxp/lpcxpresso_4.3.0_1023/lpcxpresso/tools/bin/../lib/gcc/arm-none-eabi/4.5.1/../../../../arm-none-eabi/lib/thumb2\libcr_c.a(initio.o)
                0x00005aec                _initio
 .text.__vfprintf
                0x00005b88      0xc3c e:/faku/sistemas_embebidos/software/nxp/lpcxpresso_4.3.0_1023/lpcxpresso/tools/bin/../lib/gcc/arm-none-eabi/4.5.1/../../../../arm-none-eabi/lib/thumb2\libcr_c.a(printf.o)
                0x00005b88                __vfprintf
 .text.setvbuf  0x000067c4       0x48 e:/faku/sistemas_embebidos/software/nxp/lpcxpresso_4.3.0_1023/lpcxpresso/tools/bin/../lib/gcc/arm-none-eabi/4.5.1/../../../../arm-none-eabi/lib/thumb2\libcr_c.a(setvbuf.o)
                0x000067c4                setvbuf
 .text.strchr   0x0000680c       0x18 e:/faku/sistemas_embebidos/software/nxp/lpcxpresso_4.3.0_1023/lpcxpresso/tools/bin/../lib/gcc/arm-none-eabi/4.5.1/../../../../arm-none-eabi/lib/thumb2\libcr_c.a(strchr.o)
                0x0000680c                strchr
 .text.strcpy   0x00006824       0x42 e:/faku/sistemas_embebidos/software/nxp/lpcxpresso_4.3.0_1023/lpcxpresso/tools/bin/../lib/gcc/arm-none-eabi/4.5.1/../../../../arm-none-eabi/lib/thumb2\libcr_c.a(strcpy.o)
                0x00006824                strcpy
 .text.strlen   0x00006866       0x4e e:/faku/sistemas_embebidos/software/nxp/lpcxpresso_4.3.0_1023/lpcxpresso/tools/bin/../lib/gcc/arm-none-eabi/4.5.1/../../../../arm-none-eabi/lib/thumb2\libcr_c.a(strlen.o)
                0x00006866                strlen
 .text.strncmp  0x000068b4       0x58 e:/faku/sistemas_embebidos/software/nxp/lpcxpresso_4.3.0_1023/lpcxpresso/tools/bin/../lib/gcc/arm-none-eabi/4.5.1/../../../../arm-none-eabi/lib/thumb2\libcr_c.a(strncmp.o)
                0x000068b4                strncmp
 .text.strncpy  0x0000690c       0x58 e:/faku/sistemas_embebidos/software/nxp/lpcxpresso_4.3.0_1023/lpcxpresso/tools/bin/../lib/gcc/arm-none-eabi/4.5.1/../../../../arm-none-eabi/lib/thumb2\libcr_c.a(strncpy.o)
                0x0000690c                strncpy
 .text.strrchr  0x00006964       0x24 e:/faku/sistemas_embebidos/software/nxp/lpcxpresso_4.3.0_1023/lpcxpresso/tools/bin/../lib/gcc/arm-none-eabi/4.5.1/../../../../arm-none-eabi/lib/thumb2\libcr_c.a(strrchr.o)
                0x00006964                strrchr
 .text.memcpy   0x00006988        0x4 e:/faku/sistemas_embebidos/software/nxp/lpcxpresso_4.3.0_1023/lpcxpresso/tools/bin/../lib/gcc/arm-none-eabi/4.5.1/../../../../arm-none-eabi/lib/thumb2\libcr_c.a(memcpy.o)
                0x00006988                memcpy
 .text.memset   0x0000698c        0x4 e:/faku/sistemas_embebidos/software/nxp/lpcxpresso_4.3.0_1023/lpcxpresso/tools/bin/../lib/gcc/arm-none-eabi/4.5.1/../../../../arm-none-eabi/lib/thumb2\libcr_c.a(memset.o)
                0x0000698c                memset
 .text._deferredlazyseek
                0x00006990       0x44 e:/faku/sistemas_embebidos/software/nxp/lpcxpresso_4.3.0_1023/lpcxpresso/tools/bin/../lib/gcc/arm-none-eabi/4.5.1/../../../../arm-none-eabi/lib/thumb2\libcr_c.a(_deferredlazyseek.o)
                0x00006990                _deferredlazyseek
 .text.__flsbuf
                0x000069d4      0x15e e:/faku/sistemas_embebidos/software/nxp/lpcxpresso_4.3.0_1023/lpcxpresso/tools/bin/../lib/gcc/arm-none-eabi/4.5.1/../../../../arm-none-eabi/lib/thumb2\libcr_c.a(_deferredlazyseek.o)
                0x000069d4                __flsbuf
 .text._fdopen  0x00006b32       0x6e e:/faku/sistemas_embebidos/software/nxp/lpcxpresso_4.3.0_1023/lpcxpresso/tools/bin/../lib/gcc/arm-none-eabi/4.5.1/../../../../arm-none-eabi/lib/thumb2\libcr_c.a(_fdopen.o)
                0x00006b32                _fdopen
 .text._fflush  0x00006ba0       0x58 e:/faku/sistemas_embebidos/software/nxp/lpcxpresso_4.3.0_1023/lpcxpresso/tools/bin/../lib/gcc/arm-none-eabi/4.5.1/../../../../arm-none-eabi/lib/thumb2\libcr_c.a(_fflush.o)
                0x00006ba0                _fflush
 .text._frexpl  0x00006bf8       0x62 e:/faku/sistemas_embebidos/software/nxp/lpcxpresso_4.3.0_1023/lpcxpresso/tools/bin/../lib/gcc/arm-none-eabi/4.5.1/../../../../arm-none-eabi/lib/thumb2\libcr_c.a(_frexpl.o)
                0x00006bf8                _frexpl
 *fill*         0x00006c5a        0x2 00
 .text._ldexpl  0x00006c5c       0x50 e:/faku/sistemas_embebidos/software/nxp/lpcxpresso_4.3.0_1023/lpcxpresso/tools/bin/../lib/gcc/arm-none-eabi/4.5.1/../../../../arm-none-eabi/lib/thumb2\libcr_c.a(_ldexpl.o)
                0x00006c5c                _ldexpl
 .text._Cwritebuf
                0x00006cac       0x88 e:/faku/sistemas_embebidos/software/nxp/lpcxpresso_4.3.0_1023/lpcxpresso/tools/bin/../lib/gcc/arm-none-eabi/4.5.1/../../../../arm-none-eabi/lib/thumb2\libcr_c.a(_writebuf.o)
                0x00006cac                _Cwritebuf
 .text.malloc   0x00006d34       0xd0 e:/faku/sistemas_embebidos/software/nxp/lpcxpresso_4.3.0_1023/lpcxpresso/tools/bin/../lib/gcc/arm-none-eabi/4.5.1/../../../../arm-none-eabi/lib/thumb2\libcr_c.a(alloc.o)
                0x00006d34                malloc
 .text.free     0x00006e04        0xa e:/faku/sistemas_embebidos/software/nxp/lpcxpresso_4.3.0_1023/lpcxpresso/tools/bin/../lib/gcc/arm-none-eabi/4.5.1/../../../../arm-none-eabi/lib/thumb2\libcr_c.a(alloc.o)
                0x00006e04                free
 *fill*         0x00006e0e        0x2 00
 .text._Csys_alloc
                0x00006e10       0x20 e:/faku/sistemas_embebidos/software/nxp/lpcxpresso_4.3.0_1023/lpcxpresso/tools/bin/../lib/gcc/arm-none-eabi/4.5.1/../../../../arm-none-eabi/lib/thumb2\libcr_c.a(alloc.o)
                0x00006e10                _Csys_alloc
 .text.fclose   0x00006e30       0x72 e:/faku/sistemas_embebidos/software/nxp/lpcxpresso_4.3.0_1023/lpcxpresso/tools/bin/../lib/gcc/arm-none-eabi/4.5.1/../../../../arm-none-eabi/lib/thumb2\libcr_c.a(fclose.o)
                0x00006e30                fclose
 *fill*         0x00006ea2        0x2 00
 .text.fflush   0x00006ea4       0x34 e:/faku/sistemas_embebidos/software/nxp/lpcxpresso_4.3.0_1023/lpcxpresso/tools/bin/../lib/gcc/arm-none-eabi/4.5.1/../../../../arm-none-eabi/lib/thumb2\libcr_c.a(fflush.o)
                0x00006ea4                fflush
 .text.fseek    0x00006ed8      0x110 e:/faku/sistemas_embebidos/software/nxp/lpcxpresso_4.3.0_1023/lpcxpresso/tools/bin/../lib/gcc/arm-none-eabi/4.5.1/../../../../arm-none-eabi/lib/thumb2\libcr_c.a(fseek.o)
                0x00006ed8                fseek
 .text.ftell    0x00006fe8       0x50 e:/faku/sistemas_embebidos/software/nxp/lpcxpresso_4.3.0_1023/lpcxpresso/tools/bin/../lib/gcc/arm-none-eabi/4.5.1/../../../../arm-none-eabi/lib/thumb2\libcr_c.a(ftell.o)
                0x00006fe8                ftell
 .text.remove   0x00007038       0x14 e:/faku/sistemas_embebidos/software/nxp/lpcxpresso_4.3.0_1023/lpcxpresso/tools/bin/../lib/gcc/arm-none-eabi/4.5.1/../../../../arm-none-eabi/lib/thumb2\libcr_c.a(remove.o)
                0x00007038                remove
 .text._do_fflush
                0x0000704c       0x44 e:/faku/sistemas_embebidos/software/nxp/lpcxpresso_4.3.0_1023/lpcxpresso/tools/bin/../lib/gcc/arm-none-eabi/4.5.1/../../../../arm-none-eabi/lib/thumb2\libcr_c.a(_do_fflush.o)
                0x0000704c                _do_fflush
 .text.__aeabi_dmul
                0x00007090      0x128 e:/faku/sistemas_embebidos/software/nxp/lpcxpresso_4.3.0_1023/lpcxpresso/tools/bin/../lib/gcc/arm-none-eabi/4.5.1/thumb2\libcr_eabihelpers.a(double.o)
                0x00007090                __aeabi_dmul
 .text.__aeabi_ddiv
                0x000071b8      0x144 e:/faku/sistemas_embebidos/software/nxp/lpcxpresso_4.3.0_1023/lpcxpresso/tools/bin/../lib/gcc/arm-none-eabi/4.5.1/thumb2\libcr_eabihelpers.a(double.o)
                0x000071b8                __aeabi_ddiv
 .text.__aeabi_dsub
                0x000072fc      0x1d8 e:/faku/sistemas_embebidos/software/nxp/lpcxpresso_4.3.0_1023/lpcxpresso/tools/bin/../lib/gcc/arm-none-eabi/4.5.1/thumb2\libcr_eabihelpers.a(double.o)
                0x000072fc                __aeabi_dsub
 .text.__aeabi_dadd
                0x000074d4      0x13c e:/faku/sistemas_embebidos/software/nxp/lpcxpresso_4.3.0_1023/lpcxpresso/tools/bin/../lib/gcc/arm-none-eabi/4.5.1/thumb2\libcr_eabihelpers.a(double.o)
                0x000074d4                __aeabi_dadd
 .text.__aeabi_d2iz
                0x00007610       0x3e e:/faku/sistemas_embebidos/software/nxp/lpcxpresso_4.3.0_1023/lpcxpresso/tools/bin/../lib/gcc/arm-none-eabi/4.5.1/thumb2\libcr_eabihelpers.a(double.o)
                0x00007610                __aeabi_d2iz
 .text.__bhs_ui2d
                0x0000764e       0x50 e:/faku/sistemas_embebidos/software/nxp/lpcxpresso_4.3.0_1023/lpcxpresso/tools/bin/../lib/gcc/arm-none-eabi/4.5.1/thumb2\libcr_eabihelpers.a(double.o)
                0x0000764e                __bhs_ui2d
 .text.__aeabi_i2d
                0x0000769e       0x10 e:/faku/sistemas_embebidos/software/nxp/lpcxpresso_4.3.0_1023/lpcxpresso/tools/bin/../lib/gcc/arm-none-eabi/4.5.1/thumb2\libcr_eabihelpers.a(double.o)
                0x0000769e                __aeabi_i2d
 .text.__aeabi_dcmpeq
                0x000076ae       0x36 e:/faku/sistemas_embebidos/software/nxp/lpcxpresso_4.3.0_1023/lpcxpresso/tools/bin/../lib/gcc/arm-none-eabi/4.5.1/thumb2\libcr_eabihelpers.a(double.o)
                0x000076ae                __aeabi_dcmpeq
 .text.__aeabi_dcmplt
                0x000076e4       0x5a e:/faku/sistemas_embebidos/software/nxp/lpcxpresso_4.3.0_1023/lpcxpresso/tools/bin/../lib/gcc/arm-none-eabi/4.5.1/thumb2\libcr_eabihelpers.a(double.o)
                0x000076e4                __aeabi_dcmplt
 .text.__aeabi_dcmple
                0x0000773e       0x5a e:/faku/sistemas_embebidos/software/nxp/lpcxpresso_4.3.0_1023/lpcxpresso/tools/bin/../lib/gcc/arm-none-eabi/4.5.1/thumb2\libcr_eabihelpers.a(double.o)
                0x0000773e                __aeabi_dcmple
 .text.__aeabi_dcmpge
                0x00007798       0x5a e:/faku/sistemas_embebidos/software/nxp/lpcxpresso_4.3.0_1023/lpcxpresso/tools/bin/../lib/gcc/arm-none-eabi/4.5.1/thumb2\libcr_eabihelpers.a(double.o)
                0x00007798                __aeabi_dcmpge
 .text.__aeabi_memcpy
                0x000077f2       0x26 e:/faku/sistemas_embebidos/software/nxp/lpcxpresso_4.3.0_1023/lpcxpresso/tools/bin/../lib/gcc/arm-none-eabi/4.5.1/thumb2\libcr_eabihelpers.a(memcpy.o)
                0x000077f2                __aeabi_memcpy4
                0x000077f2                __aeabi_memcpy8
                0x000077f2                __aeabi_memcpy
 .text.__aeabi_memset_lowlevel
                0x00007818       0x24 e:/faku/sistemas_embebidos/software/nxp/lpcxpresso_4.3.0_1023/lpcxpresso/tools/bin/../lib/gcc/arm-none-eabi/4.5.1/thumb2\libcr_eabihelpers.a(memcpy.o)
                0x00007818                __aeabi_lowlevel_memset
 .text.__sys_appexit
                0x0000783c        0x2 e:/faku/sistemas_embebidos/software/nxp/lpcxpresso_4.3.0_1023/lpcxpresso/tools/bin/../lib/gcc/arm-none-eabi/4.5.1/../../../../arm-none-eabi/lib/thumb2\libcr_nohost.a(__sys_appexit.o)
                0x0000783c                __sys_appexit
                0x0000783c                __exit
 .text.__sys_close
                0x0000783e        0x6 e:/faku/sistemas_embebidos/software/nxp/lpcxpresso_4.3.0_1023/lpcxpresso/tools/bin/../lib/gcc/arm-none-eabi/4.5.1/../../../../arm-none-eabi/lib/thumb2\libcr_nohost.a(__sys_close.o)
                0x0000783e                __sys_close
 .text.__sys_flen
                0x00007844        0x6 e:/faku/sistemas_embebidos/software/nxp/lpcxpresso_4.3.0_1023/lpcxpresso/tools/bin/../lib/gcc/arm-none-eabi/4.5.1/../../../../arm-none-eabi/lib/thumb2\libcr_nohost.a(__sys_flen.o)
                0x00007844                __sys_flen
 .text.__sys_istty
                0x0000784a        0x6 e:/faku/sistemas_embebidos/software/nxp/lpcxpresso_4.3.0_1023/lpcxpresso/tools/bin/../lib/gcc/arm-none-eabi/4.5.1/../../../../arm-none-eabi/lib/thumb2\libcr_nohost.a(__sys_istty.o)
                0x0000784a                __sys_istty
 .text.__sys_remove
                0x00007850        0x6 e:/faku/sistemas_embebidos/software/nxp/lpcxpresso_4.3.0_1023/lpcxpresso/tools/bin/../lib/gcc/arm-none-eabi/4.5.1/../../../../arm-none-eabi/lib/thumb2\libcr_nohost.a(__sys_remove.o)
                0x00007850                __sys_remove
 .text.__sys_seek
                0x00007856        0x6 e:/faku/sistemas_embebidos/software/nxp/lpcxpresso_4.3.0_1023/lpcxpresso/tools/bin/../lib/gcc/arm-none-eabi/4.5.1/../../../../arm-none-eabi/lib/thumb2\libcr_nohost.a(__sys_seek.o)
                0x00007856                __sys_seek
 .text.__sys_tmpnam
                0x0000785c        0x6 e:/faku/sistemas_embebidos/software/nxp/lpcxpresso_4.3.0_1023/lpcxpresso/tools/bin/../lib/gcc/arm-none-eabi/4.5.1/../../../../arm-none-eabi/lib/thumb2\libcr_nohost.a(__sys_tmpnam.o)
                0x0000785c                __sys_tmpnam
 .text.__sys_write
                0x00007862        0x4 e:/faku/sistemas_embebidos/software/nxp/lpcxpresso_4.3.0_1023/lpcxpresso/tools/bin/../lib/gcc/arm-none-eabi/4.5.1/../../../../arm-none-eabi/lib/thumb2\libcr_nohost.a(__sys_write.o)
                0x00007862                __sys_write
                0x00007862                __write
 *fill*         0x00007866        0x2 00
 .text._sbrk    0x00007868       0x40 e:/faku/sistemas_embebidos/software/nxp/lpcxpresso_4.3.0_1023/lpcxpresso/tools/bin/../lib/gcc/arm-none-eabi/4.5.1/../../../../arm-none-eabi/lib/thumb2\libcr_nohost.a(_cr_sbrk.o)
                0x00007868                _sbrk
 .text.__check_heap_overflow
                0x000078a8       0x2c e:/faku/sistemas_embebidos/software/nxp/lpcxpresso_4.3.0_1023/lpcxpresso/tools/bin/../lib/gcc/arm-none-eabi/4.5.1/../../../../arm-none-eabi/lib/thumb2\libcr_nohost.a(_cr_check_heap.o)
                0x000078a8                __check_heap_overflow
 *(.rodata .rodata.*)
 .rodata        0x000078d4      0x128 ./uip/uip.o
                0x000078dc                uip_ethaddr
 .rodata        0x000079fc        0xc ./uip/uip_arp.o
 .rodata        0x00007a08      0x288 ./apps/webserver/http-strings.o
                0x00007a08                http_http
                0x00007a10                http_200
                0x00007a18                http_301
                0x00007a20                http_302
                0x00007a28                http_get
                0x00007a30                http_10
                0x00007a3c                http_11
                0x00007a48                http_content_type
                0x00007a58                http_texthtml
                0x00007a64                http_location
                0x00007a70                http_host
                0x00007a78                http_crnl
                0x00007a7c                http_index_html
                0x00007a88                http_404_html
                0x00007a94                http_referer
                0x00007aa0                http_header_200
                0x00007af4                http_header_404
                0x00007b50                http_content_type_plain
                0x00007b70                http_content_type_html
                0x00007b8c                http_content_type_css
                0x00007ba8                http_content_type_text
                0x00007bc4                http_content_type_png
                0x00007be0                http_content_type_gif
                0x00007bfc                http_content_type_jpg
                0x00007c1c                http_content_type_binary
                0x00007c48                http_html
                0x00007c50                http_shtml
                0x00007c58                http_htm
                0x00007c60                http_css
                0x00007c68                http_png
                0x00007c70                http_gif
                0x00007c78                http_jpg
                0x00007c80                http_text
                0x00007c88                http_txt
 .rodata        0x00007c90      0x144 ./apps/webserver/httpd-cgi.o
 .rodata        0x00007dd4     0x2934 ./apps/webserver/httpd-fs.o
                0x0000a5c8                file_404_html
                0x0000a5dc                file_boton_gif
                0x0000a5f0                file_boton_NA_gif
                0x0000a604                file_capear_shtml
                0x0000a618                file_fade_png
                0x0000a62c                file_files_shtml
                0x0000a640                file_footer_html
                0x0000a654                file_gpio_shtml
                0x0000a668                file_header_html
                0x0000a67c                file_index_html
                0x0000a690                file_index_ORIGINAL_html
                0x0000a6a4                file_portchange_shtml
                0x0000a6b8                file_processes_shtml
                0x0000a6cc                file_stats_shtml
                0x0000a6e0                file_style_css
                0x0000a6f4                file_tcp_shtml
 .rodata.str1.1
                0x0000a708       0x34 e:/faku/sistemas_embebidos/software/nxp/lpcxpresso_4.3.0_1023/lpcxpresso/tools/bin/../lib/gcc/arm-none-eabi/4.5.1/../../../../arm-none-eabi/lib/thumb2\libcr_c.a(fpprintf.o)
                                 0x35 (size before relaxing)
 .rodata.str1.1
                0x0000a73c        0x4 e:/faku/sistemas_embebidos/software/nxp/lpcxpresso_4.3.0_1023/lpcxpresso/tools/bin/../lib/gcc/arm-none-eabi/4.5.1/../../../../arm-none-eabi/lib/thumb2\libcr_c.a(initio.o)
 .rodata.str1.1
                0x0000a740       0x31 e:/faku/sistemas_embebidos/software/nxp/lpcxpresso_4.3.0_1023/lpcxpresso/tools/bin/../lib/gcc/arm-none-eabi/4.5.1/../../../../arm-none-eabi/lib/thumb2\libcr_c.a(printf.o)
                                 0x38 (size before relaxing)
 .rodata.str1.1
                0x0000a771       0x18 e:/faku/sistemas_embebidos/software/nxp/lpcxpresso_4.3.0_1023/lpcxpresso/tools/bin/../lib/gcc/arm-none-eabi/4.5.1/../../../../arm-none-eabi/lib/thumb2\libcr_c.a(alloc.o)
 .rodata.__ctype
                0x0000a789      0x180 e:/faku/sistemas_embebidos/software/nxp/lpcxpresso_4.3.0_1023/lpcxpresso/tools/bin/../lib/gcc/arm-none-eabi/4.5.1/../../../../arm-none-eabi/lib/thumb2\libcr_c.a(ctype.o)
                0x0000a789                __ctype
 *fill*         0x0000a909        0x7 00
 .rodata.__huge_vall
                0x0000a910        0x8 e:/faku/sistemas_embebidos/software/nxp/lpcxpresso_4.3.0_1023/lpcxpresso/tools/bin/../lib/gcc/arm-none-eabi/4.5.1/../../../../arm-none-eabi/lib/thumb2\libcr_c.a(_hugeval.o)
                0x0000a910                __huge_vall
                0x0000a918                . = ALIGN (0x4)

.glue_7         0x0000a918        0x0
 .glue_7        0x00000000        0x0 linker stubs

.glue_7t        0x0000a918        0x0
 .glue_7t       0x00000000        0x0 linker stubs

.vfp11_veneer   0x0000a918        0x0
 .vfp11_veneer  0x00000000        0x0 linker stubs

.v4_bx          0x0000a918        0x0
 .v4_bx         0x00000000        0x0 linker stubs

.ARM.extab
 *(.ARM.extab* .gnu.linkonce.armextab.*)
                0x0000a918                __exidx_start = .

.ARM.exidx
 *(.ARM.exidx* .gnu.linkonce.armexidx.*)
                0x0000a918                __exidx_end = .
                0x0000a918                _etext = .

.data_RAM2      0x2007c000        0x0 load address 0x0000a918
 FILL mask 0xff
 *(.data.$RAM2*)
 *(.data.$RamAHB32*)
                0x2007c000                . = ALIGN (0x4)

.uninit_RESERVED
                0x10000000        0x0
 *(.bss.$RESERVED*)
                0x10000000                . = ALIGN (0x4)
                0x10000000                _end_uninit_RESERVED = .

.data           0x10000000       0x40 load address 0x0000a918
 FILL mask 0xff
                0x10000000                _data = .
 *(vtable)
 *(.data*)
 .data          0x10000000       0x3c ./apps/webserver/httpd-cgi.o
 .data.SystemCoreClock
                0x1000003c        0x4 E:\FAKU\Sistemas_Embebidos\WORKSPACES\uIP_Static_IP\CMSISv2p00_LPC17xx\Debug\libCMSISv2p00_LPC17xx.a(system_LPC17xx.o)
                0x1000003c                SystemCoreClock
                0x10000040                . = ALIGN (0x4)
                0x10000040                _edata = .

.bss_RAM2       0x2007c000        0x0
 *(.bss.$RAM2*)
 *(.bss.$RamAHB32*)
                0x2007c000                . = ALIGN (0x4)

.bss            0x10000040     0x2860
                0x10000040                _bss = .
 *(.bss*)
 .bss           0x10000040       0x10 ./uip/uip.o
 .bss           0x10000050       0x68 ./uip/uip_arp.o
 .bss           0x100000b8        0x4 ./main/lpc1700/lpc17xx_systick.o
                0x100000b8                systick_counter
 .bss           0x100000bc       0x20 ./apps/webserver/httpd-fs.o
 .bss.errno     0x100000dc        0x4 e:/faku/sistemas_embebidos/software/nxp/lpcxpresso_4.3.0_1023/lpcxpresso/tools/bin/../lib/gcc/arm-none-eabi/4.5.1/../../../../arm-none-eabi/lib/thumb2\libcr_c.a(errno.o)
                0x100000dc                errno
 *(COMMON)
 COMMON         0x100000e0     0x2674 ./uip/uip.o
                0x100000e0                uip_len
                0x100000e4                uip_sappdata
                0x100000e8                uip_acc32
                0x100000ec                uip_flags
                0x100000f0                uip_appdata
                0x100000f4                uip_conn
                0x100000f8                uip_conns
                0x100020d8                uip_listenports
                0x10002128                uip_draddr
                0x1000212c                uip_stat
                0x10002158                uip_netmask
                0x1000215c                uip_hostaddr
                0x10002160                uip_buf
                0x10002752                uip_slen
 COMMON         0x10002754        0x4 e:/faku/sistemas_embebidos/software/nxp/lpcxpresso_4.3.0_1023/lpcxpresso/tools/bin/../lib/gcc/arm-none-eabi/4.5.1/../../../../arm-none-eabi/lib/thumb2\libcr_c.a(initio.o)
                0x10002754                _extra
 COMMON         0x10002758      0x140 e:/faku/sistemas_embebidos/software/nxp/lpcxpresso_4.3.0_1023/lpcxpresso/tools/bin/../lib/gcc/arm-none-eabi/4.5.1/../../../../arm-none-eabi/lib/thumb2\libcr_c.a(stdio.o)
                0x10002758                __Ciob
 COMMON         0x10002898        0x8 e:/faku/sistemas_embebidos/software/nxp/lpcxpresso_4.3.0_1023/lpcxpresso/tools/bin/../lib/gcc/arm-none-eabi/4.5.1/../../../../arm-none-eabi/lib/thumb2\libcr_c.a(__init_alloc.o)
                0x10002898                __heaps
                0x1000289c                __end_of_heap
                0x100028a0                . = ALIGN (0x4)
                0x100028a0                _ebss = .
                0x100028a0                PROVIDE (end, .)
                0x100028a0                PROVIDE (_pvHeapStart, .)
                0x10008000                PROVIDE (_vStackTop, (__top_RamLoc32 - 0x0))
OUTPUT(RDB1768cmsis2_uIP.axf elf32-littlearm)

.debug_abbrev   0x00000000     0x1735
 .debug_abbrev  0x00000000      0x1de ./uip/psock.o
 .debug_abbrev  0x000001de       0xb0 ./uip/timer.o
 .debug_abbrev  0x0000028e      0x1a6 ./uip/uip-fw.o
 .debug_abbrev  0x00000434      0x106 ./uip/uip-neighbor.o
 .debug_abbrev  0x0000053a       0xeb ./uip/uip-split.o
 .debug_abbrev  0x00000625      0x239 ./uip/uip.o
 .debug_abbrev  0x0000085e      0x183 ./uip/uip_arp.o
 .debug_abbrev  0x000009e1       0x6c ./uip/uiplib.o
 .debug_abbrev  0x00000a4d       0xf8 ./src/cr_startup_lpc176x.o
 .debug_abbrev  0x00000b45       0x7f ./main/clock-arch.o
 .debug_abbrev  0x00000bc4      0x18c ./main/main.o
 .debug_abbrev  0x00000d50       0xae ./main/tapdev.o
 .debug_abbrev  0x00000dfe      0x1b9 ./main/lpc1700/lpc17xx_emac.o
 .debug_abbrev  0x00000fb7      0x195 ./main/lpc1700/lpc17xx_systick.o
 .debug_abbrev  0x0000114c       0x4b ./apps/webserver/http-strings.o
 .debug_abbrev  0x00001197      0x1b0 ./apps/webserver/httpd-cgi.o
 .debug_abbrev  0x00001347      0x145 ./apps/webserver/httpd-fs.o
 .debug_abbrev  0x0000148c      0x1c6 ./apps/webserver/httpd.o
 .debug_abbrev  0x00001652       0xe3 E:\FAKU\Sistemas_Embebidos\WORKSPACES\uIP_Static_IP\CMSISv2p00_LPC17xx\Debug\libCMSISv2p00_LPC17xx.a(system_LPC17xx.o)

.debug_info     0x00000000     0x7161
 .debug_info    0x00000000      0x7d7 ./uip/psock.o
 .debug_info    0x000007d7      0x120 ./uip/timer.o
 .debug_info    0x000008f7      0x675 ./uip/uip-fw.o
 .debug_info    0x00000f6c      0x2cc ./uip/uip-neighbor.o
 .debug_info    0x00001238      0x30e ./uip/uip-split.o
 .debug_info    0x00001546      0xec9 ./uip/uip.o
 .debug_info    0x0000240f      0x4fc ./uip/uip_arp.o
 .debug_info    0x0000290b       0xef ./uip/uiplib.o
 .debug_info    0x000029fa      0x2ea ./src/cr_startup_lpc176x.o
 .debug_info    0x00002ce4       0xd0 ./main/clock-arch.o
 .debug_info    0x00002db4      0x927 ./main/main.o
 .debug_info    0x000036db      0x120 ./main/tapdev.o
 .debug_info    0x000037fb      0xadb ./main/lpc1700/lpc17xx_emac.o
 .debug_info    0x000042d6      0x5f6 ./main/lpc1700/lpc17xx_systick.o
 .debug_info    0x000048cc      0x446 ./apps/webserver/http-strings.o
 .debug_info    0x00004d12      0xe6e ./apps/webserver/httpd-cgi.o
 .debug_info    0x00005b80      0x805 ./apps/webserver/httpd-fs.o
 .debug_info    0x00006385      0xa4d ./apps/webserver/httpd.o
 .debug_info    0x00006dd2      0x38f E:\FAKU\Sistemas_Embebidos\WORKSPACES\uIP_Static_IP\CMSISv2p00_LPC17xx\Debug\libCMSISv2p00_LPC17xx.a(system_LPC17xx.o)

.debug_line     0x00000000     0x6768
 .debug_line    0x00000000      0x6eb ./uip/psock.o
 .debug_line    0x000006eb       0xe9 ./uip/timer.o
 .debug_line    0x000007d4      0x6b7 ./uip/uip-fw.o
 .debug_line    0x00000e8b      0x607 ./uip/uip-neighbor.o
 .debug_line    0x00001492      0x58d ./uip/uip-split.o
 .debug_line    0x00001a1f      0xa87 ./uip/uip.o
 .debug_line    0x000024a6      0x677 ./uip/uip_arp.o
 .debug_line    0x00002b1d      0x559 ./uip/uiplib.o
 .debug_line    0x00003076      0x4ab ./src/cr_startup_lpc176x.o
 .debug_line    0x00003521       0xde ./main/clock-arch.o
 .debug_line    0x000035ff      0x640 ./main/main.o
 .debug_line    0x00003c3f      0x4fd ./main/tapdev.o
 .debug_line    0x0000413c      0x77b ./main/lpc1700/lpc17xx_emac.o
 .debug_line    0x000048b7      0x4cb ./main/lpc1700/lpc17xx_systick.o
 .debug_line    0x00004d82       0x41 ./apps/webserver/http-strings.o
 .debug_line    0x00004dc3      0x797 ./apps/webserver/httpd-cgi.o
 .debug_line    0x0000555a      0x5c4 ./apps/webserver/httpd-fs.o
 .debug_line    0x00005b1e      0x7cd ./apps/webserver/httpd.o
 .debug_line    0x000062eb      0x47d E:\FAKU\Sistemas_Embebidos\WORKSPACES\uIP_Static_IP\CMSISv2p00_LPC17xx\Debug\libCMSISv2p00_LPC17xx.a(system_LPC17xx.o)

.debug_macinfo  0x00000000    0x6a53c
 .debug_macinfo
                0x00000000     0x51cd ./uip/psock.o
 .debug_macinfo
                0x000051cd     0x1728 ./uip/timer.o
 .debug_macinfo
                0x000068f5     0x519e ./uip/uip-fw.o
 .debug_macinfo
                0x0000ba93     0x4ebc ./uip/uip-neighbor.o
 .debug_macinfo
                0x0001094f     0x5146 ./uip/uip-split.o
 .debug_macinfo
                0x00015a95     0x53e9 ./uip/uip.o
 .debug_macinfo
                0x0001ae7e     0x507e ./uip/uip_arp.o
 .debug_macinfo
                0x0001fefc     0x4e55 ./uip/uiplib.o
 .debug_macinfo
                0x00024d51     0x3138 ./src/cr_startup_lpc176x.o
 .debug_macinfo
                0x00027e89     0x1b44 ./main/clock-arch.o
 .debug_macinfo
                0x000299cd     0x9649 ./main/main.o
 .debug_macinfo
                0x00033016     0x936a ./main/tapdev.o
 .debug_macinfo
                0x0003c380     0xa173 ./main/lpc1700/lpc17xx_emac.o
 .debug_macinfo
                0x000464f3     0x7a9b ./main/lpc1700/lpc17xx_systick.o
 .debug_macinfo
                0x0004df8e     0x16b1 ./apps/webserver/http-strings.o
 .debug_macinfo
                0x0004f63f     0x9757 ./apps/webserver/httpd-cgi.o
 .debug_macinfo
                0x00058d96     0x4ea0 ./apps/webserver/httpd-fs.o
 .debug_macinfo
                0x0005dc36     0x4fdb ./apps/webserver/httpd.o
 .debug_macinfo
                0x00062c11     0x792b E:\FAKU\Sistemas_Embebidos\WORKSPACES\uIP_Static_IP\CMSISv2p00_LPC17xx\Debug\libCMSISv2p00_LPC17xx.a(system_LPC17xx.o)

.debug_loc      0x00000000     0x1799
 .debug_loc     0x00000000      0x288 ./uip/psock.o
 .debug_loc     0x00000288       0xe0 ./uip/timer.o
 .debug_loc     0x00000368      0x230 ./uip/uip-fw.o
 .debug_loc     0x00000598      0x150 ./uip/uip-neighbor.o
 .debug_loc     0x000006e8       0x38 ./uip/uip-split.o
 .debug_loc     0x00000720      0x35c ./uip/uip.o
 .debug_loc     0x00000a7c      0x100 ./uip/uip_arp.o
 .debug_loc     0x00000b7c       0x38 ./uip/uiplib.o
 .debug_loc     0x00000bb4      0x260 ./src/cr_startup_lpc176x.o
 .debug_loc     0x00000e14       0x58 ./main/clock-arch.o
 .debug_loc     0x00000e6c       0x70 ./main/main.o
 .debug_loc     0x00000edc       0x9c ./main/tapdev.o
 .debug_loc     0x00000f78      0x188 ./main/lpc1700/lpc17xx_emac.o
 .debug_loc     0x00001100       0xd4 ./main/lpc1700/lpc17xx_systick.o
 .debug_loc     0x000011d4      0x269 ./apps/webserver/httpd-cgi.o
 .debug_loc     0x0000143d       0xe0 ./apps/webserver/httpd-fs.o
 .debug_loc     0x0000151d      0x25c ./apps/webserver/httpd.o
 .debug_loc     0x00001779       0x20 E:\FAKU\Sistemas_Embebidos\WORKSPACES\uIP_Static_IP\CMSISv2p00_LPC17xx\Debug\libCMSISv2p00_LPC17xx.a(system_LPC17xx.o)

.debug_pubnames
                0x00000000      0xb49
 .debug_pubnames
                0x00000000       0x90 ./uip/psock.o
 .debug_pubnames
                0x00000090       0x54 ./uip/timer.o
 .debug_pubnames
                0x000000e4       0x82 ./uip/uip-fw.o
 .debug_pubnames
                0x00000166       0x87 ./uip/uip-neighbor.o
 .debug_pubnames
                0x000001ed       0x27 ./uip/uip-split.o
 .debug_pubnames
                0x00000214      0x1b6 ./uip/uip.o
 .debug_pubnames
                0x000003ca       0x57 ./uip/uip_arp.o
 .debug_pubnames
                0x00000421       0x28 ./uip/uiplib.o
 .debug_pubnames
                0x00000449      0x118 ./src/cr_startup_lpc176x.o
 .debug_pubnames
                0x00000561       0x30 ./main/clock-arch.o
 .debug_pubnames
                0x00000591       0x34 ./main/main.o
 .debug_pubnames
                0x000005c5       0x42 ./main/tapdev.o
 .debug_pubnames
                0x00000607       0x48 ./main/lpc1700/lpc17xx_emac.o
 .debug_pubnames
                0x0000064f       0x49 ./main/lpc1700/lpc17xx_systick.o
 .debug_pubnames
                0x00000698      0x271 ./apps/webserver/http-strings.o
 .debug_pubnames
                0x00000909       0x20 ./apps/webserver/httpd-cgi.o
 .debug_pubnames
                0x00000929      0x19e ./apps/webserver/httpd-fs.o
 .debug_pubnames
                0x00000ac7       0x33 ./apps/webserver/httpd.o
 .debug_pubnames
                0x00000afa       0x4f E:\FAKU\Sistemas_Embebidos\WORKSPACES\uIP_Static_IP\CMSISv2p00_LPC17xx\Debug\libCMSISv2p00_LPC17xx.a(system_LPC17xx.o)

.debug_pubtypes
                0x00000000      0x9f9
 .debug_pubtypes
                0x00000000       0xcf ./uip/psock.o
 .debug_pubtypes
                0x000000cf       0x2d ./uip/timer.o
 .debug_pubtypes
                0x000000fc       0xa1 ./uip/uip-fw.o
 .debug_pubtypes
                0x0000019d       0x9b ./uip/uip-neighbor.o
 .debug_pubtypes
                0x00000238       0x50 ./uip/uip-split.o
 .debug_pubtypes
                0x00000288      0x123 ./uip/uip.o
 .debug_pubtypes
                0x000003ab       0xaa ./uip/uip_arp.o
 .debug_pubtypes
                0x00000455       0x12 ./uip/uiplib.o
 .debug_pubtypes
                0x00000467       0x12 ./src/cr_startup_lpc176x.o
 .debug_pubtypes
                0x00000479       0x2e ./main/clock-arch.o
 .debug_pubtypes
                0x000004a7      0x139 ./main/main.o
 .debug_pubtypes
                0x000005e0       0x1e ./main/tapdev.o
 .debug_pubtypes
                0x000005fe       0xa1 ./main/lpc1700/lpc17xx_emac.o
 .debug_pubtypes
                0x0000069f       0x85 ./main/lpc1700/lpc17xx_systick.o
 .debug_pubtypes
                0x00000724      0x144 ./apps/webserver/httpd-cgi.o
 .debug_pubtypes
                0x00000868       0x84 ./apps/webserver/httpd-fs.o
 .debug_pubtypes
                0x000008ec       0xcf ./apps/webserver/httpd.o
 .debug_pubtypes
                0x000009bb       0x3e E:\FAKU\Sistemas_Embebidos\WORKSPACES\uIP_Static_IP\CMSISv2p00_LPC17xx\Debug\libCMSISv2p00_LPC17xx.a(system_LPC17xx.o)

.debug_aranges  0x00000000      0x540
 .debug_aranges
                0x00000000       0x78 ./uip/psock.o
 .debug_aranges
                0x00000078       0x38 ./uip/timer.o
 .debug_aranges
                0x000000b0       0x68 ./uip/uip-fw.o
 .debug_aranges
                0x00000118       0x48 ./uip/uip-neighbor.o
 .debug_aranges
                0x00000160       0x20 ./uip/uip-split.o
 .debug_aranges
                0x00000180       0x98 ./uip/uip.o
 .debug_aranges
                0x00000218       0x40 ./uip/uip_arp.o
 .debug_aranges
                0x00000258       0x20 ./uip/uiplib.o
 .debug_aranges
                0x00000278       0x80 ./src/cr_startup_lpc176x.o
 .debug_aranges
                0x000002f8       0x28 ./main/clock-arch.o
 .debug_aranges
                0x00000320       0x28 ./main/main.o
 .debug_aranges
                0x00000348       0x30 ./main/tapdev.o
 .debug_aranges
                0x00000378       0x50 ./main/lpc1700/lpc17xx_emac.o
 .debug_aranges
                0x000003c8       0x38 ./main/lpc1700/lpc17xx_systick.o
 .debug_aranges
                0x00000400       0x70 ./apps/webserver/httpd-cgi.o
 .debug_aranges
                0x00000470       0x38 ./apps/webserver/httpd-fs.o
 .debug_aranges
                0x000004a8       0x70 ./apps/webserver/httpd.o
 .debug_aranges
                0x00000518       0x28 E:\FAKU\Sistemas_Embebidos\WORKSPACES\uIP_Static_IP\CMSISv2p00_LPC17xx\Debug\libCMSISv2p00_LPC17xx.a(system_LPC17xx.o)

.debug_ranges   0x00000000      0x420
 .debug_ranges  0x00000000       0x68 ./uip/psock.o
 .debug_ranges  0x00000068       0x28 ./uip/timer.o
 .debug_ranges  0x00000090       0x58 ./uip/uip-fw.o
 .debug_ranges  0x000000e8       0x38 ./uip/uip-neighbor.o
 .debug_ranges  0x00000120       0x10 ./uip/uip-split.o
 .debug_ranges  0x00000130       0x88 ./uip/uip.o
 .debug_ranges  0x000001b8       0x30 ./uip/uip_arp.o
 .debug_ranges  0x000001e8       0x10 ./uip/uiplib.o
 .debug_ranges  0x000001f8       0x70 ./src/cr_startup_lpc176x.o
 .debug_ranges  0x00000268       0x18 ./main/clock-arch.o
 .debug_ranges  0x00000280       0x18 ./main/main.o
 .debug_ranges  0x00000298       0x20 ./main/tapdev.o
 .debug_ranges  0x000002b8       0x40 ./main/lpc1700/lpc17xx_emac.o
 .debug_ranges  0x000002f8       0x28 ./main/lpc1700/lpc17xx_systick.o
 .debug_ranges  0x00000320       0x60 ./apps/webserver/httpd-cgi.o
 .debug_ranges  0x00000380       0x28 ./apps/webserver/httpd-fs.o
 .debug_ranges  0x000003a8       0x60 ./apps/webserver/httpd.o
 .debug_ranges  0x00000408       0x18 E:\FAKU\Sistemas_Embebidos\WORKSPACES\uIP_Static_IP\CMSISv2p00_LPC17xx\Debug\libCMSISv2p00_LPC17xx.a(system_LPC17xx.o)

.debug_str      0x00000000     0x1c31
 .debug_str     0x00000000      0x2ec ./uip/psock.o
                                0x351 (size before relaxing)
 .debug_str     0x000002ec       0x57 ./uip/timer.o
                                 0xc8 (size before relaxing)
 .debug_str     0x00000343      0x181 ./uip/uip-fw.o
                                0x2fc (size before relaxing)
 .debug_str     0x000004c4       0xc4 ./uip/uip-neighbor.o
                                0x1e9 (size before relaxing)
 .debug_str     0x00000588       0x5a ./uip/uip-split.o
                                0x1de (size before relaxing)
 .debug_str     0x000005e2      0x2b2 ./uip/uip.o
                                0x620 (size before relaxing)
 .debug_str     0x00000894      0x10d ./uip/uip_arp.o
                                0x2c8 (size before relaxing)
 .debug_str     0x000009a1       0x2a ./uip/uiplib.o
                                0x107 (size before relaxing)
 .debug_str     0x000009cb      0x17a ./src/cr_startup_lpc176x.o
                                0x251 (size before relaxing)
 .debug_str     0x00000b45       0x42 ./main/clock-arch.o
                                0x115 (size before relaxing)
 .debug_str     0x00000b87      0x17f ./main/main.o
                                0x452 (size before relaxing)
 .debug_str     0x00000d06       0x3d ./main/tapdev.o
                                0x12d (size before relaxing)
 .debug_str     0x00000d43      0x4cb ./main/lpc1700/lpc17xx_emac.o
                                0x5ea (size before relaxing)
 .debug_str     0x0000120e      0x311 ./main/lpc1700/lpc17xx_systick.o
                                0x46b (size before relaxing)
 .debug_str     0x0000151f      0x1f8 ./apps/webserver/http-strings.o
                                0x262 (size before relaxing)
 .debug_str     0x00001717      0x114 ./apps/webserver/httpd-cgi.o
                                0x5a8 (size before relaxing)
 .debug_str     0x0000182b      0x2b8 ./apps/webserver/httpd-fs.o
                                0x3d7 (size before relaxing)
 .debug_str     0x00001ae3       0xc8 ./apps/webserver/httpd.o
                                0x451 (size before relaxing)
 .debug_str     0x00001bab       0x86 E:\FAKU\Sistemas_Embebidos\WORKSPACES\uIP_Static_IP\CMSISv2p00_LPC17xx\Debug\libCMSISv2p00_LPC17xx.a(system_LPC17xx.o)
                                0x283 (size before relaxing)

.comment        0x00000000      0x284
 .comment       0x00000000       0x2a ./uip/psock.o
                                 0x2b (size before relaxing)
 .comment       0x00000000       0x2b ./uip/timer.o
 .comment       0x00000000       0x2b ./uip/uip-fw.o
 .comment       0x00000000       0x2b ./uip/uip-neighbor.o
 .comment       0x00000000       0x2b ./uip/uip-split.o
 .comment       0x00000000       0x2b ./uip/uip.o
 .comment       0x00000000       0x2b ./uip/uip_arp.o
 .comment       0x00000000       0x2b ./uip/uiplib.o
 .comment       0x00000000       0x2b ./src/cr_startup_lpc176x.o
 .comment       0x00000000       0x2b ./main/clock-arch.o
 .comment       0x00000000       0x2b ./main/main.o
 .comment       0x00000000       0x2b ./main/tapdev.o
 .comment       0x00000000       0x2b ./main/lpc1700/lpc17xx_emac.o
 .comment       0x00000000       0x2b ./main/lpc1700/lpc17xx_systick.o
 .comment       0x00000000       0x2b ./apps/webserver/http-strings.o
 .comment       0x00000000       0x2b ./apps/webserver/httpd-cgi.o
 .comment       0x00000000       0x2b ./apps/webserver/httpd-fs.o
 .comment       0x00000000       0x2b ./apps/webserver/httpd.o
 .comment       0x00000000       0x2b E:\FAKU\Sistemas_Embebidos\WORKSPACES\uIP_Static_IP\CMSISv2p00_LPC17xx\Debug\libCMSISv2p00_LPC17xx.a(system_LPC17xx.o)
 .comment       0x0000002a       0x2b e:/faku/sistemas_embebidos/software/nxp/lpcxpresso_4.3.0_1023/lpcxpresso/tools/bin/../lib/gcc/arm-none-eabi/4.5.1/../../../../arm-none-eabi/lib/thumb2\libcr_nohost.a(_cr__main.o)
 .comment       0x00000000       0x2b e:/faku/sistemas_embebidos/software/nxp/lpcxpresso_4.3.0_1023/lpcxpresso/tools/bin/../lib/gcc/arm-none-eabi/4.5.1/../../../../arm-none-eabi/lib/thumb2\libcr_c.a(fpprintf.o)
 .comment       0x00000000       0x2b e:/faku/sistemas_embebidos/software/nxp/lpcxpresso_4.3.0_1023/lpcxpresso/tools/bin/../lib/gcc/arm-none-eabi/4.5.1/../../../../arm-none-eabi/lib/thumb2\libcr_c.a(initio.o)
 .comment       0x00000000       0x2b e:/faku/sistemas_embebidos/software/nxp/lpcxpresso_4.3.0_1023/lpcxpresso/tools/bin/../lib/gcc/arm-none-eabi/4.5.1/../../../../arm-none-eabi/lib/thumb2\libcr_c.a(printf.o)
 .comment       0x00000000       0x2b e:/faku/sistemas_embebidos/software/nxp/lpcxpresso_4.3.0_1023/lpcxpresso/tools/bin/../lib/gcc/arm-none-eabi/4.5.1/../../../../arm-none-eabi/lib/thumb2\libcr_c.a(setvbuf.o)
 .comment       0x00000000       0x2b e:/faku/sistemas_embebidos/software/nxp/lpcxpresso_4.3.0_1023/lpcxpresso/tools/bin/../lib/gcc/arm-none-eabi/4.5.1/../../../../arm-none-eabi/lib/thumb2\libcr_c.a(stdio.o)
 .comment       0x00000000       0x2b e:/faku/sistemas_embebidos/software/nxp/lpcxpresso_4.3.0_1023/lpcxpresso/tools/bin/../lib/gcc/arm-none-eabi/4.5.1/../../../../arm-none-eabi/lib/thumb2\libcr_c.a(strchr.o)
 .comment       0x00000000       0x2b e:/faku/sistemas_embebidos/software/nxp/lpcxpresso_4.3.0_1023/lpcxpresso/tools/bin/../lib/gcc/arm-none-eabi/4.5.1/../../../../arm-none-eabi/lib/thumb2\libcr_c.a(strcpy.o)
 .comment       0x00000000       0x2b e:/faku/sistemas_embebidos/software/nxp/lpcxpresso_4.3.0_1023/lpcxpresso/tools/bin/../lib/gcc/arm-none-eabi/4.5.1/../../../../arm-none-eabi/lib/thumb2\libcr_c.a(strlen.o)
 .comment       0x00000000       0x2b e:/faku/sistemas_embebidos/software/nxp/lpcxpresso_4.3.0_1023/lpcxpresso/tools/bin/../lib/gcc/arm-none-eabi/4.5.1/../../../../arm-none-eabi/lib/thumb2\libcr_c.a(strncmp.o)
 .comment       0x00000000       0x2b e:/faku/sistemas_embebidos/software/nxp/lpcxpresso_4.3.0_1023/lpcxpresso/tools/bin/../lib/gcc/arm-none-eabi/4.5.1/../../../../arm-none-eabi/lib/thumb2\libcr_c.a(strncpy.o)
 .comment       0x00000000       0x2b e:/faku/sistemas_embebidos/software/nxp/lpcxpresso_4.3.0_1023/lpcxpresso/tools/bin/../lib/gcc/arm-none-eabi/4.5.1/../../../../arm-none-eabi/lib/thumb2\libcr_c.a(strrchr.o)
 .comment       0x00000000       0x2b e:/faku/sistemas_embebidos/software/nxp/lpcxpresso_4.3.0_1023/lpcxpresso/tools/bin/../lib/gcc/arm-none-eabi/4.5.1/../../../../arm-none-eabi/lib/thumb2\libcr_c.a(memcpy.o)
 .comment       0x00000000       0x2b e:/faku/sistemas_embebidos/software/nxp/lpcxpresso_4.3.0_1023/lpcxpresso/tools/bin/../lib/gcc/arm-none-eabi/4.5.1/../../../../arm-none-eabi/lib/thumb2\libcr_c.a(memset.o)
 .comment       0x00000000       0x2b e:/faku/sistemas_embebidos/software/nxp/lpcxpresso_4.3.0_1023/lpcxpresso/tools/bin/../lib/gcc/arm-none-eabi/4.5.1/../../../../arm-none-eabi/lib/thumb2\libcr_c.a(__fillbuf.o)
 .comment       0x00000000       0x2b e:/faku/sistemas_embebidos/software/nxp/lpcxpresso_4.3.0_1023/lpcxpresso/tools/bin/../lib/gcc/arm-none-eabi/4.5.1/../../../../arm-none-eabi/lib/thumb2\libcr_c.a(_deferredlazyseek.o)
 .comment       0x00000000       0x2b e:/faku/sistemas_embebidos/software/nxp/lpcxpresso_4.3.0_1023/lpcxpresso/tools/bin/../lib/gcc/arm-none-eabi/4.5.1/../../../../arm-none-eabi/lib/thumb2\libcr_c.a(_fdopen.o)
 .comment       0x00000000       0x2b e:/faku/sistemas_embebidos/software/nxp/lpcxpresso_4.3.0_1023/lpcxpresso/tools/bin/../lib/gcc/arm-none-eabi/4.5.1/../../../../arm-none-eabi/lib/thumb2\libcr_c.a(_fflush.o)
 .comment       0x00000000       0x2b e:/faku/sistemas_embebidos/software/nxp/lpcxpresso_4.3.0_1023/lpcxpresso/tools/bin/../lib/gcc/arm-none-eabi/4.5.1/../../../../arm-none-eabi/lib/thumb2\libcr_c.a(_frexpl.o)
 .comment       0x00000000       0x2b e:/faku/sistemas_embebidos/software/nxp/lpcxpresso_4.3.0_1023/lpcxpresso/tools/bin/../lib/gcc/arm-none-eabi/4.5.1/../../../../arm-none-eabi/lib/thumb2\libcr_c.a(_ldexpl.o)
 .comment       0x00000000       0x2b e:/faku/sistemas_embebidos/software/nxp/lpcxpresso_4.3.0_1023/lpcxpresso/tools/bin/../lib/gcc/arm-none-eabi/4.5.1/../../../../arm-none-eabi/lib/thumb2\libcr_c.a(_writebuf.o)
 .comment       0x00000000       0x2b e:/faku/sistemas_embebidos/software/nxp/lpcxpresso_4.3.0_1023/lpcxpresso/tools/bin/../lib/gcc/arm-none-eabi/4.5.1/../../../../arm-none-eabi/lib/thumb2\libcr_c.a(alloc.o)
 .comment       0x00000000       0x2b e:/faku/sistemas_embebidos/software/nxp/lpcxpresso_4.3.0_1023/lpcxpresso/tools/bin/../lib/gcc/arm-none-eabi/4.5.1/../../../../arm-none-eabi/lib/thumb2\libcr_c.a(ctype.o)
 .comment       0x00000000       0x2b e:/faku/sistemas_embebidos/software/nxp/lpcxpresso_4.3.0_1023/lpcxpresso/tools/bin/../lib/gcc/arm-none-eabi/4.5.1/../../../../arm-none-eabi/lib/thumb2\libcr_c.a(errno.o)
 .comment       0x00000000       0x2b e:/faku/sistemas_embebidos/software/nxp/lpcxpresso_4.3.0_1023/lpcxpresso/tools/bin/../lib/gcc/arm-none-eabi/4.5.1/../../../../arm-none-eabi/lib/thumb2\libcr_c.a(fclose.o)
 .comment       0x00000000       0x2b e:/faku/sistemas_embebidos/software/nxp/lpcxpresso_4.3.0_1023/lpcxpresso/tools/bin/../lib/gcc/arm-none-eabi/4.5.1/../../../../arm-none-eabi/lib/thumb2\libcr_c.a(fflush.o)
 .comment       0x00000000       0x2b e:/faku/sistemas_embebidos/software/nxp/lpcxpresso_4.3.0_1023/lpcxpresso/tools/bin/../lib/gcc/arm-none-eabi/4.5.1/../../../../arm-none-eabi/lib/thumb2\libcr_c.a(fseek.o)
 .comment       0x00000000       0x2b e:/faku/sistemas_embebidos/software/nxp/lpcxpresso_4.3.0_1023/lpcxpresso/tools/bin/../lib/gcc/arm-none-eabi/4.5.1/../../../../arm-none-eabi/lib/thumb2\libcr_c.a(ftell.o)
 .comment       0x00000000       0x2b e:/faku/sistemas_embebidos/software/nxp/lpcxpresso_4.3.0_1023/lpcxpresso/tools/bin/../lib/gcc/arm-none-eabi/4.5.1/../../../../arm-none-eabi/lib/thumb2\libcr_c.a(remove.o)
 .comment       0x00000000       0x2b e:/faku/sistemas_embebidos/software/nxp/lpcxpresso_4.3.0_1023/lpcxpresso/tools/bin/../lib/gcc/arm-none-eabi/4.5.1/../../../../arm-none-eabi/lib/thumb2\libcr_c.a(__init_alloc.o)
 .comment       0x00000000       0x2b e:/faku/sistemas_embebidos/software/nxp/lpcxpresso_4.3.0_1023/lpcxpresso/tools/bin/../lib/gcc/arm-none-eabi/4.5.1/../../../../arm-none-eabi/lib/thumb2\libcr_c.a(_do_fflush.o)
 .comment       0x00000000       0x2b e:/faku/sistemas_embebidos/software/nxp/lpcxpresso_4.3.0_1023/lpcxpresso/tools/bin/../lib/gcc/arm-none-eabi/4.5.1/../../../../arm-none-eabi/lib/thumb2\libcr_c.a(_hugeval.o)
 .comment       0x00000000       0x2b e:/faku/sistemas_embebidos/software/nxp/lpcxpresso_4.3.0_1023/lpcxpresso/tools/bin/../lib/gcc/arm-none-eabi/4.5.1/thumb2\libcr_eabihelpers.a(double.o)
 .comment       0x00000055       0x2b e:/faku/sistemas_embebidos/software/nxp/lpcxpresso_4.3.0_1023/lpcxpresso/tools/bin/../lib/gcc/arm-none-eabi/4.5.1/../../../../arm-none-eabi/lib/thumb2\libcr_nohost.a(__sys_appexit.o)
 .comment       0x00000080       0x2b e:/faku/sistemas_embebidos/software/nxp/lpcxpresso_4.3.0_1023/lpcxpresso/tools/bin/../lib/gcc/arm-none-eabi/4.5.1/../../../../arm-none-eabi/lib/thumb2\libcr_nohost.a(__sys_close.o)
 .comment       0x000000ab       0x2b e:/faku/sistemas_embebidos/software/nxp/lpcxpresso_4.3.0_1023/lpcxpresso/tools/bin/../lib/gcc/arm-none-eabi/4.5.1/../../../../arm-none-eabi/lib/thumb2\libcr_nohost.a(__sys_flen.o)
 .comment       0x000000d6       0x2b e:/faku/sistemas_embebidos/software/nxp/lpcxpresso_4.3.0_1023/lpcxpresso/tools/bin/../lib/gcc/arm-none-eabi/4.5.1/../../../../arm-none-eabi/lib/thumb2\libcr_nohost.a(__sys_istty.o)
 .comment       0x00000101       0x2b e:/faku/sistemas_embebidos/software/nxp/lpcxpresso_4.3.0_1023/lpcxpresso/tools/bin/../lib/gcc/arm-none-eabi/4.5.1/../../../../arm-none-eabi/lib/thumb2\libcr_nohost.a(__sys_read.o)
 .comment       0x0000012c       0x2b e:/faku/sistemas_embebidos/software/nxp/lpcxpresso_4.3.0_1023/lpcxpresso/tools/bin/../lib/gcc/arm-none-eabi/4.5.1/../../../../arm-none-eabi/lib/thumb2\libcr_nohost.a(__sys_readc.o)
 .comment       0x00000157       0x2b e:/faku/sistemas_embebidos/software/nxp/lpcxpresso_4.3.0_1023/lpcxpresso/tools/bin/../lib/gcc/arm-none-eabi/4.5.1/../../../../arm-none-eabi/lib/thumb2\libcr_nohost.a(__sys_remove.o)
 .comment       0x00000182       0x2b e:/faku/sistemas_embebidos/software/nxp/lpcxpresso_4.3.0_1023/lpcxpresso/tools/bin/../lib/gcc/arm-none-eabi/4.5.1/../../../../arm-none-eabi/lib/thumb2\libcr_nohost.a(__sys_rename.o)
 .comment       0x000001ad       0x2b e:/faku/sistemas_embebidos/software/nxp/lpcxpresso_4.3.0_1023/lpcxpresso/tools/bin/../lib/gcc/arm-none-eabi/4.5.1/../../../../arm-none-eabi/lib/thumb2\libcr_nohost.a(__sys_seek.o)
 .comment       0x000001d8       0x2b e:/faku/sistemas_embebidos/software/nxp/lpcxpresso_4.3.0_1023/lpcxpresso/tools/bin/../lib/gcc/arm-none-eabi/4.5.1/../../../../arm-none-eabi/lib/thumb2\libcr_nohost.a(__sys_tmpnam.o)
 .comment       0x00000203       0x2b e:/faku/sistemas_embebidos/software/nxp/lpcxpresso_4.3.0_1023/lpcxpresso/tools/bin/../lib/gcc/arm-none-eabi/4.5.1/../../../../arm-none-eabi/lib/thumb2\libcr_nohost.a(__sys_write.o)
 .comment       0x0000022e       0x2b e:/faku/sistemas_embebidos/software/nxp/lpcxpresso_4.3.0_1023/lpcxpresso/tools/bin/../lib/gcc/arm-none-eabi/4.5.1/../../../../arm-none-eabi/lib/thumb2\libcr_nohost.a(_cr_sbrk.o)
 .comment       0x00000259       0x2b e:/faku/sistemas_embebidos/software/nxp/lpcxpresso_4.3.0_1023/lpcxpresso/tools/bin/../lib/gcc/arm-none-eabi/4.5.1/../../../../arm-none-eabi/lib/thumb2\libcr_nohost.a(_cr_check_heap.o)

.ARM.attributes
                0x00000000       0x2f
 .ARM.attributes
                0x00000000       0x31 ./uip/psock.o
 .ARM.attributes
                0x00000031       0x31 ./uip/timer.o
 .ARM.attributes
                0x00000062       0x31 ./uip/uip-fw.o
 .ARM.attributes
                0x00000093       0x31 ./uip/uip-neighbor.o
 .ARM.attributes
                0x000000c4       0x31 ./uip/uip-split.o
 .ARM.attributes
                0x000000f5       0x31 ./uip/uip.o
 .ARM.attributes
                0x00000126       0x31 ./uip/uip_arp.o
 .ARM.attributes
                0x00000157       0x31 ./uip/uiplib.o
 .ARM.attributes
                0x00000188       0x31 ./src/cr_startup_lpc176x.o
 .ARM.attributes
                0x000001b9       0x31 ./main/clock-arch.o
 .ARM.attributes
                0x000001ea       0x31 ./main/main.o
 .ARM.attributes
                0x0000021b       0x31 ./main/tapdev.o
 .ARM.attributes
                0x0000024c       0x31 ./main/lpc1700/lpc17xx_emac.o
 .ARM.attributes
                0x0000027d       0x31 ./main/lpc1700/lpc17xx_systick.o
 .ARM.attributes
                0x000002ae       0x31 ./apps/webserver/http-strings.o
 .ARM.attributes
                0x000002df       0x31 ./apps/webserver/httpd-cgi.o
 .ARM.attributes
                0x00000310       0x31 ./apps/webserver/httpd-fs.o
 .ARM.attributes
                0x00000341       0x31 ./apps/webserver/httpd.o
 .ARM.attributes
                0x00000372       0x31 E:\FAKU\Sistemas_Embebidos\WORKSPACES\uIP_Static_IP\CMSISv2p00_LPC17xx\Debug\libCMSISv2p00_LPC17xx.a(system_LPC17xx.o)
 .ARM.attributes
                0x000003a3       0x31 e:/faku/sistemas_embebidos/software/nxp/lpcxpresso_4.3.0_1023/lpcxpresso/tools/bin/../lib/gcc/arm-none-eabi/4.5.1/../../../../arm-none-eabi/lib/thumb2\libcr_nohost.a(_cr__main.o)
 .ARM.attributes
                0x000003d4       0x31 e:/faku/sistemas_embebidos/software/nxp/lpcxpresso_4.3.0_1023/lpcxpresso/tools/bin/../lib/gcc/arm-none-eabi/4.5.1/../../../../arm-none-eabi/lib/thumb2\libcr_c.a(fpprintf.o)
 .ARM.attributes
                0x00000405       0x31 e:/faku/sistemas_embebidos/software/nxp/lpcxpresso_4.3.0_1023/lpcxpresso/tools/bin/../lib/gcc/arm-none-eabi/4.5.1/../../../../arm-none-eabi/lib/thumb2\libcr_c.a(initio.o)
 .ARM.attributes
                0x00000436       0x31 e:/faku/sistemas_embebidos/software/nxp/lpcxpresso_4.3.0_1023/lpcxpresso/tools/bin/../lib/gcc/arm-none-eabi/4.5.1/../../../../arm-none-eabi/lib/thumb2\libcr_c.a(printf.o)
 .ARM.attributes
                0x00000467       0x31 e:/faku/sistemas_embebidos/software/nxp/lpcxpresso_4.3.0_1023/lpcxpresso/tools/bin/../lib/gcc/arm-none-eabi/4.5.1/../../../../arm-none-eabi/lib/thumb2\libcr_c.a(setvbuf.o)
 .ARM.attributes
                0x00000498       0x31 e:/faku/sistemas_embebidos/software/nxp/lpcxpresso_4.3.0_1023/lpcxpresso/tools/bin/../lib/gcc/arm-none-eabi/4.5.1/../../../../arm-none-eabi/lib/thumb2\libcr_c.a(stdio.o)
 .ARM.attributes
                0x000004c9       0x31 e:/faku/sistemas_embebidos/software/nxp/lpcxpresso_4.3.0_1023/lpcxpresso/tools/bin/../lib/gcc/arm-none-eabi/4.5.1/../../../../arm-none-eabi/lib/thumb2\libcr_c.a(strchr.o)
 .ARM.attributes
                0x000004fa       0x31 e:/faku/sistemas_embebidos/software/nxp/lpcxpresso_4.3.0_1023/lpcxpresso/tools/bin/../lib/gcc/arm-none-eabi/4.5.1/../../../../arm-none-eabi/lib/thumb2\libcr_c.a(strcpy.o)
 .ARM.attributes
                0x0000052b       0x31 e:/faku/sistemas_embebidos/software/nxp/lpcxpresso_4.3.0_1023/lpcxpresso/tools/bin/../lib/gcc/arm-none-eabi/4.5.1/../../../../arm-none-eabi/lib/thumb2\libcr_c.a(strlen.o)
 .ARM.attributes
                0x0000055c       0x31 e:/faku/sistemas_embebidos/software/nxp/lpcxpresso_4.3.0_1023/lpcxpresso/tools/bin/../lib/gcc/arm-none-eabi/4.5.1/../../../../arm-none-eabi/lib/thumb2\libcr_c.a(strncmp.o)
 .ARM.attributes
                0x0000058d       0x31 e:/faku/sistemas_embebidos/software/nxp/lpcxpresso_4.3.0_1023/lpcxpresso/tools/bin/../lib/gcc/arm-none-eabi/4.5.1/../../../../arm-none-eabi/lib/thumb2\libcr_c.a(strncpy.o)
 .ARM.attributes
                0x000005be       0x31 e:/faku/sistemas_embebidos/software/nxp/lpcxpresso_4.3.0_1023/lpcxpresso/tools/bin/../lib/gcc/arm-none-eabi/4.5.1/../../../../arm-none-eabi/lib/thumb2\libcr_c.a(strrchr.o)
 .ARM.attributes
                0x000005ef       0x31 e:/faku/sistemas_embebidos/software/nxp/lpcxpresso_4.3.0_1023/lpcxpresso/tools/bin/../lib/gcc/arm-none-eabi/4.5.1/../../../../arm-none-eabi/lib/thumb2\libcr_c.a(memcpy.o)
 .ARM.attributes
                0x00000620       0x31 e:/faku/sistemas_embebidos/software/nxp/lpcxpresso_4.3.0_1023/lpcxpresso/tools/bin/../lib/gcc/arm-none-eabi/4.5.1/../../../../arm-none-eabi/lib/thumb2\libcr_c.a(memset.o)
 .ARM.attributes
                0x00000651       0x31 e:/faku/sistemas_embebidos/software/nxp/lpcxpresso_4.3.0_1023/lpcxpresso/tools/bin/../lib/gcc/arm-none-eabi/4.5.1/../../../../arm-none-eabi/lib/thumb2\libcr_c.a(__fillbuf.o)
 .ARM.attributes
                0x00000682       0x31 e:/faku/sistemas_embebidos/software/nxp/lpcxpresso_4.3.0_1023/lpcxpresso/tools/bin/../lib/gcc/arm-none-eabi/4.5.1/../../../../arm-none-eabi/lib/thumb2\libcr_c.a(_deferredlazyseek.o)
 .ARM.attributes
                0x000006b3       0x31 e:/faku/sistemas_embebidos/software/nxp/lpcxpresso_4.3.0_1023/lpcxpresso/tools/bin/../lib/gcc/arm-none-eabi/4.5.1/../../../../arm-none-eabi/lib/thumb2\libcr_c.a(_fdopen.o)
 .ARM.attributes
                0x000006e4       0x31 e:/faku/sistemas_embebidos/software/nxp/lpcxpresso_4.3.0_1023/lpcxpresso/tools/bin/../lib/gcc/arm-none-eabi/4.5.1/../../../../arm-none-eabi/lib/thumb2\libcr_c.a(_fflush.o)
 .ARM.attributes
                0x00000715       0x31 e:/faku/sistemas_embebidos/software/nxp/lpcxpresso_4.3.0_1023/lpcxpresso/tools/bin/../lib/gcc/arm-none-eabi/4.5.1/../../../../arm-none-eabi/lib/thumb2\libcr_c.a(_frexpl.o)
 .ARM.attributes
                0x00000746       0x31 e:/faku/sistemas_embebidos/software/nxp/lpcxpresso_4.3.0_1023/lpcxpresso/tools/bin/../lib/gcc/arm-none-eabi/4.5.1/../../../../arm-none-eabi/lib/thumb2\libcr_c.a(_ldexpl.o)
 .ARM.attributes
                0x00000777       0x31 e:/faku/sistemas_embebidos/software/nxp/lpcxpresso_4.3.0_1023/lpcxpresso/tools/bin/../lib/gcc/arm-none-eabi/4.5.1/../../../../arm-none-eabi/lib/thumb2\libcr_c.a(_writebuf.o)
 .ARM.attributes
                0x000007a8       0x31 e:/faku/sistemas_embebidos/software/nxp/lpcxpresso_4.3.0_1023/lpcxpresso/tools/bin/../lib/gcc/arm-none-eabi/4.5.1/../../../../arm-none-eabi/lib/thumb2\libcr_c.a(alloc.o)
 .ARM.attributes
                0x000007d9       0x31 e:/faku/sistemas_embebidos/software/nxp/lpcxpresso_4.3.0_1023/lpcxpresso/tools/bin/../lib/gcc/arm-none-eabi/4.5.1/../../../../arm-none-eabi/lib/thumb2\libcr_c.a(ctype.o)
 .ARM.attributes
                0x0000080a       0x31 e:/faku/sistemas_embebidos/software/nxp/lpcxpresso_4.3.0_1023/lpcxpresso/tools/bin/../lib/gcc/arm-none-eabi/4.5.1/../../../../arm-none-eabi/lib/thumb2\libcr_c.a(errno.o)
 .ARM.attributes
                0x0000083b       0x31 e:/faku/sistemas_embebidos/software/nxp/lpcxpresso_4.3.0_1023/lpcxpresso/tools/bin/../lib/gcc/arm-none-eabi/4.5.1/../../../../arm-none-eabi/lib/thumb2\libcr_c.a(fclose.o)
 .ARM.attributes
                0x0000086c       0x31 e:/faku/sistemas_embebidos/software/nxp/lpcxpresso_4.3.0_1023/lpcxpresso/tools/bin/../lib/gcc/arm-none-eabi/4.5.1/../../../../arm-none-eabi/lib/thumb2\libcr_c.a(fflush.o)
 .ARM.attributes
                0x0000089d       0x31 e:/faku/sistemas_embebidos/software/nxp/lpcxpresso_4.3.0_1023/lpcxpresso/tools/bin/../lib/gcc/arm-none-eabi/4.5.1/../../../../arm-none-eabi/lib/thumb2\libcr_c.a(fseek.o)
 .ARM.attributes
                0x000008ce       0x31 e:/faku/sistemas_embebidos/software/nxp/lpcxpresso_4.3.0_1023/lpcxpresso/tools/bin/../lib/gcc/arm-none-eabi/4.5.1/../../../../arm-none-eabi/lib/thumb2\libcr_c.a(ftell.o)
 .ARM.attributes
                0x000008ff       0x31 e:/faku/sistemas_embebidos/software/nxp/lpcxpresso_4.3.0_1023/lpcxpresso/tools/bin/../lib/gcc/arm-none-eabi/4.5.1/../../../../arm-none-eabi/lib/thumb2\libcr_c.a(remove.o)
 .ARM.attributes
                0x00000930       0x31 e:/faku/sistemas_embebidos/software/nxp/lpcxpresso_4.3.0_1023/lpcxpresso/tools/bin/../lib/gcc/arm-none-eabi/4.5.1/../../../../arm-none-eabi/lib/thumb2\libcr_c.a(__init_alloc.o)
 .ARM.attributes
                0x00000961       0x31 e:/faku/sistemas_embebidos/software/nxp/lpcxpresso_4.3.0_1023/lpcxpresso/tools/bin/../lib/gcc/arm-none-eabi/4.5.1/../../../../arm-none-eabi/lib/thumb2\libcr_c.a(_do_fflush.o)
 .ARM.attributes
                0x00000992       0x31 e:/faku/sistemas_embebidos/software/nxp/lpcxpresso_4.3.0_1023/lpcxpresso/tools/bin/../lib/gcc/arm-none-eabi/4.5.1/../../../../arm-none-eabi/lib/thumb2\libcr_c.a(_hugeval.o)
 .ARM.attributes
                0x000009c3       0x21 e:/faku/sistemas_embebidos/software/nxp/lpcxpresso_4.3.0_1023/lpcxpresso/tools/bin/../lib/gcc/arm-none-eabi/4.5.1/thumb2\libcr_eabihelpers.a(division.o)
 .ARM.attributes
                0x000009e4       0x31 e:/faku/sistemas_embebidos/software/nxp/lpcxpresso_4.3.0_1023/lpcxpresso/tools/bin/../lib/gcc/arm-none-eabi/4.5.1/thumb2\libcr_eabihelpers.a(double.o)
 .ARM.attributes
                0x00000a15       0x21 e:/faku/sistemas_embebidos/software/nxp/lpcxpresso_4.3.0_1023/lpcxpresso/tools/bin/../lib/gcc/arm-none-eabi/4.5.1/thumb2\libcr_eabihelpers.a(memcpy.o)
 .ARM.attributes
                0x00000a36       0x31 e:/faku/sistemas_embebidos/software/nxp/lpcxpresso_4.3.0_1023/lpcxpresso/tools/bin/../lib/gcc/arm-none-eabi/4.5.1/../../../../arm-none-eabi/lib/thumb2\libcr_nohost.a(__sys_appexit.o)
 .ARM.attributes
                0x00000a67       0x31 e:/faku/sistemas_embebidos/software/nxp/lpcxpresso_4.3.0_1023/lpcxpresso/tools/bin/../lib/gcc/arm-none-eabi/4.5.1/../../../../arm-none-eabi/lib/thumb2\libcr_nohost.a(__sys_close.o)
 .ARM.attributes
                0x00000a98       0x31 e:/faku/sistemas_embebidos/software/nxp/lpcxpresso_4.3.0_1023/lpcxpresso/tools/bin/../lib/gcc/arm-none-eabi/4.5.1/../../../../arm-none-eabi/lib/thumb2\libcr_nohost.a(__sys_flen.o)
 .ARM.attributes
                0x00000ac9       0x31 e:/faku/sistemas_embebidos/software/nxp/lpcxpresso_4.3.0_1023/lpcxpresso/tools/bin/../lib/gcc/arm-none-eabi/4.5.1/../../../../arm-none-eabi/lib/thumb2\libcr_nohost.a(__sys_istty.o)
 .ARM.attributes
                0x00000afa       0x31 e:/faku/sistemas_embebidos/software/nxp/lpcxpresso_4.3.0_1023/lpcxpresso/tools/bin/../lib/gcc/arm-none-eabi/4.5.1/../../../../arm-none-eabi/lib/thumb2\libcr_nohost.a(__sys_read.o)
 .ARM.attributes
                0x00000b2b       0x31 e:/faku/sistemas_embebidos/software/nxp/lpcxpresso_4.3.0_1023/lpcxpresso/tools/bin/../lib/gcc/arm-none-eabi/4.5.1/../../../../arm-none-eabi/lib/thumb2\libcr_nohost.a(__sys_readc.o)
 .ARM.attributes
                0x00000b5c       0x31 e:/faku/sistemas_embebidos/software/nxp/lpcxpresso_4.3.0_1023/lpcxpresso/tools/bin/../lib/gcc/arm-none-eabi/4.5.1/../../../../arm-none-eabi/lib/thumb2\libcr_nohost.a(__sys_remove.o)
 .ARM.attributes
                0x00000b8d       0x31 e:/faku/sistemas_embebidos/software/nxp/lpcxpresso_4.3.0_1023/lpcxpresso/tools/bin/../lib/gcc/arm-none-eabi/4.5.1/../../../../arm-none-eabi/lib/thumb2\libcr_nohost.a(__sys_rename.o)
 .ARM.attributes
                0x00000bbe       0x31 e:/faku/sistemas_embebidos/software/nxp/lpcxpresso_4.3.0_1023/lpcxpresso/tools/bin/../lib/gcc/arm-none-eabi/4.5.1/../../../../arm-none-eabi/lib/thumb2\libcr_nohost.a(__sys_seek.o)
 .ARM.attributes
                0x00000bef       0x31 e:/faku/sistemas_embebidos/software/nxp/lpcxpresso_4.3.0_1023/lpcxpresso/tools/bin/../lib/gcc/arm-none-eabi/4.5.1/../../../../arm-none-eabi/lib/thumb2\libcr_nohost.a(__sys_tmpnam.o)
 .ARM.attributes
                0x00000c20       0x31 e:/faku/sistemas_embebidos/software/nxp/lpcxpresso_4.3.0_1023/lpcxpresso/tools/bin/../lib/gcc/arm-none-eabi/4.5.1/../../../../arm-none-eabi/lib/thumb2\libcr_nohost.a(__sys_write.o)
 .ARM.attributes
                0x00000c51       0x31 e:/faku/sistemas_embebidos/software/nxp/lpcxpresso_4.3.0_1023/lpcxpresso/tools/bin/../lib/gcc/arm-none-eabi/4.5.1/../../../../arm-none-eabi/lib/thumb2\libcr_nohost.a(_cr_sbrk.o)
 .ARM.attributes
                0x00000c82       0x31 e:/faku/sistemas_embebidos/software/nxp/lpcxpresso_4.3.0_1023/lpcxpresso/tools/bin/../lib/gcc/arm-none-eabi/4.5.1/../../../../arm-none-eabi/lib/thumb2\libcr_nohost.a(_cr_check_heap.o)

.debug_frame    0x00000000      0xe5c
 .debug_frame   0x00000000      0x184 ./uip/psock.o
 .debug_frame   0x00000184       0x8c ./uip/timer.o
 .debug_frame   0x00000210      0x138 ./uip/uip-fw.o
 .debug_frame   0x00000348       0xc4 ./uip/uip-neighbor.o
 .debug_frame   0x0000040c       0x30 ./uip/uip-split.o
 .debug_frame   0x0000043c      0x1ec ./uip/uip.o
 .debug_frame   0x00000628       0xa8 ./uip/uip_arp.o
 .debug_frame   0x000006d0       0x2c ./uip/uiplib.o
 .debug_frame   0x000006fc      0x158 ./src/cr_startup_lpc176x.o
 .debug_frame   0x00000854       0x44 ./main/clock-arch.o
 .debug_frame   0x00000898       0x4c ./main/main.o
 .debug_frame   0x000008e4       0x6c ./main/tapdev.o
 .debug_frame   0x00000950       0xe0 ./main/lpc1700/lpc17xx_emac.o
 .debug_frame   0x00000a30       0x84 ./main/lpc1700/lpc17xx_systick.o
 .debug_frame   0x00000ab4      0x178 ./apps/webserver/httpd-cgi.o
 .debug_frame   0x00000c2c       0x88 ./apps/webserver/httpd-fs.o
 .debug_frame   0x00000cb4      0x16c ./apps/webserver/httpd.o
 .debug_frame   0x00000e20       0x3c E:\FAKU\Sistemas_Embebidos\WORKSPACES\uIP_Static_IP\CMSISv2p00_LPC17xx\Debug\libCMSISv2p00_LPC17xx.a(system_LPC17xx.o)
