Archive member included because of file (symbol)

E:\FAKU\Sistemas_Embebidos\WORKSPACES\CAPEAR\CMSISv2p00_LPC17xx\Debug\libCMSISv2p00_LPC17xx.a(system_LPC17xx.o)
                              ./src/cr_startup_lpc176x.o (SystemInit)
e:/faku/sistemas_embebidos/software/nxp/lpcxpresso_4.3.0_1023/lpcxpresso/tools/bin/../lib/gcc/arm-none-eabi/4.5.1/../../../../arm-none-eabi/lib/thumb2\libcr_nohost.a(_cr__main.o)
                              ./src/cr_startup_lpc176x.o (__main)
e:/faku/sistemas_embebidos/software/nxp/lpcxpresso_4.3.0_1023/lpcxpresso/tools/bin/../lib/gcc/arm-none-eabi/4.5.1/../../../../arm-none-eabi/lib/thumb2\libcr_c.a(fpprintf.o)
                              ./apps/webserver/httpd-cgi.o (snprintf)
e:/faku/sistemas_embebidos/software/nxp/lpcxpresso_4.3.0_1023/lpcxpresso/tools/bin/../lib/gcc/arm-none-eabi/4.5.1/../../../../arm-none-eabi/lib/thumb2\libcr_c.a(initio.o)
                              e:/faku/sistemas_embebidos/software/nxp/lpcxpresso_4.3.0_1023/lpcxpresso/tools/bin/../lib/gcc/arm-none-eabi/4.5.1/../../../../arm-none-eabi/lib/thumb2\libcr_nohost.a(_cr__main.o) (_initio)
e:/faku/sistemas_embebidos/software/nxp/lpcxpresso_4.3.0_1023/lpcxpresso/tools/bin/../lib/gcc/arm-none-eabi/4.5.1/../../../../arm-none-eabi/lib/thumb2\libcr_c.a(printf.o)
                              e:/faku/sistemas_embebidos/software/nxp/lpcxpresso_4.3.0_1023/lpcxpresso/tools/bin/../lib/gcc/arm-none-eabi/4.5.1/../../../../arm-none-eabi/lib/thumb2\libcr_c.a(fpprintf.o) (__vfprintf)
e:/faku/sistemas_embebidos/software/nxp/lpcxpresso_4.3.0_1023/lpcxpresso/tools/bin/../lib/gcc/arm-none-eabi/4.5.1/../../../../arm-none-eabi/lib/thumb2\libcr_c.a(setvbuf.o)
                              e:/faku/sistemas_embebidos/software/nxp/lpcxpresso_4.3.0_1023/lpcxpresso/tools/bin/../lib/gcc/arm-none-eabi/4.5.1/../../../../arm-none-eabi/lib/thumb2\libcr_c.a(initio.o) (setvbuf)
e:/faku/sistemas_embebidos/software/nxp/lpcxpresso_4.3.0_1023/lpcxpresso/tools/bin/../lib/gcc/arm-none-eabi/4.5.1/../../../../arm-none-eabi/lib/thumb2\libcr_c.a(stdio.o)
                              e:/faku/sistemas_embebidos/software/nxp/lpcxpresso_4.3.0_1023/lpcxpresso/tools/bin/../lib/gcc/arm-none-eabi/4.5.1/../../../../arm-none-eabi/lib/thumb2\libcr_c.a(fpprintf.o) (__Ciob)
e:/faku/sistemas_embebidos/software/nxp/lpcxpresso_4.3.0_1023/lpcxpresso/tools/bin/../lib/gcc/arm-none-eabi/4.5.1/../../../../arm-none-eabi/lib/thumb2\libcr_c.a(strchr.o)
                              ./apps/webserver/httpd-cgi.o (strchr)
e:/faku/sistemas_embebidos/software/nxp/lpcxpresso_4.3.0_1023/lpcxpresso/tools/bin/../lib/gcc/arm-none-eabi/4.5.1/../../../../arm-none-eabi/lib/thumb2\libcr_c.a(strcpy.o)
                              ./apps/webserver/httpd.o (strcpy)
e:/faku/sistemas_embebidos/software/nxp/lpcxpresso_4.3.0_1023/lpcxpresso/tools/bin/../lib/gcc/arm-none-eabi/4.5.1/../../../../arm-none-eabi/lib/thumb2\libcr_c.a(strlen.o)
                              ./apps/webserver/httpd-cgi.o (strlen)
e:/faku/sistemas_embebidos/software/nxp/lpcxpresso_4.3.0_1023/lpcxpresso/tools/bin/../lib/gcc/arm-none-eabi/4.5.1/../../../../arm-none-eabi/lib/thumb2\libcr_c.a(strncmp.o)
                              ./apps/webserver/httpd-cgi.o (strncmp)
e:/faku/sistemas_embebidos/software/nxp/lpcxpresso_4.3.0_1023/lpcxpresso/tools/bin/../lib/gcc/arm-none-eabi/4.5.1/../../../../arm-none-eabi/lib/thumb2\libcr_c.a(strncpy.o)
                              ./apps/webserver/httpd.o (strncpy)
e:/faku/sistemas_embebidos/software/nxp/lpcxpresso_4.3.0_1023/lpcxpresso/tools/bin/../lib/gcc/arm-none-eabi/4.5.1/../../../../arm-none-eabi/lib/thumb2\libcr_c.a(strrchr.o)
                              ./apps/webserver/httpd.o (strrchr)
e:/faku/sistemas_embebidos/software/nxp/lpcxpresso_4.3.0_1023/lpcxpresso/tools/bin/../lib/gcc/arm-none-eabi/4.5.1/../../../../arm-none-eabi/lib/thumb2\libcr_c.a(memcpy.o)
                              ./uip/psock.o (memcpy)
e:/faku/sistemas_embebidos/software/nxp/lpcxpresso_4.3.0_1023/lpcxpresso/tools/bin/../lib/gcc/arm-none-eabi/4.5.1/../../../../arm-none-eabi/lib/thumb2\libcr_c.a(memset.o)
                              ./uip/uip_arp.o (memset)
e:/faku/sistemas_embebidos/software/nxp/lpcxpresso_4.3.0_1023/lpcxpresso/tools/bin/../lib/gcc/arm-none-eabi/4.5.1/../../../../arm-none-eabi/lib/thumb2\libcr_c.a(__fillbuf.o)
                              e:/faku/sistemas_embebidos/software/nxp/lpcxpresso_4.3.0_1023/lpcxpresso/tools/bin/../lib/gcc/arm-none-eabi/4.5.1/../../../../arm-none-eabi/lib/thumb2\libcr_c.a(stdio.o) (__filbuf)
e:/faku/sistemas_embebidos/software/nxp/lpcxpresso_4.3.0_1023/lpcxpresso/tools/bin/../lib/gcc/arm-none-eabi/4.5.1/../../../../arm-none-eabi/lib/thumb2\libcr_c.a(_deferredlazyseek.o)
                              e:/faku/sistemas_embebidos/software/nxp/lpcxpresso_4.3.0_1023/lpcxpresso/tools/bin/../lib/gcc/arm-none-eabi/4.5.1/../../../../arm-none-eabi/lib/thumb2\libcr_c.a(__fillbuf.o) (_deferredlazyseek)
[...]
Memory Configuration

Name             Origin             Length             Attributes
MFlash512        0x00000000         0x00080000         xr
RamLoc32         0x10000000         0x00008000         xrw
RamAHB32         0x2007c000         0x00008000         xrw
*default*        0x00000000         0xffffffff

Linker script and memory map

LOAD ./uip/psock.o
LOAD ./uip/timer.o
LOAD ./uip/uip-fw.o
LOAD ./uip/uip-neighbor.o
LOAD ./uip/uip-split.o
LOAD ./uip/uip.o
LOAD ./uip/uip_arp.o
LOAD ./uip/uiplib.o
LOAD ./src/cr_startup_lpc176x.o
LOAD ./main/clock-arch.o
LOAD ./main/main.o
LOAD ./main/tapdev.o
LOAD ./main/lpc1700/lpc17xx_emac.o
LOAD ./main/lpc1700/lpc17xx_systick.o
LOAD ./apps/webserver/http-strings.o
LOAD ./apps/webserver/httpd-cgi.o
LOAD ./apps/webserver/httpd-fs.o
LOAD ./apps/webserver/httpd.o
LOAD E:\FAKU\Sistemas_Embebidos\WORKSPACES\CAPEAR\CMSISv2p00_LPC17xx\Debug\libCMSISv2p00_LPC17xx.a
START GROUP
LOAD e:/faku/sistemas_embebidos/software/nxp/lpcxpresso_4.3.0_1023/lpcxpresso/tools/bin/../lib/gcc/arm-none-eabi/4.5.1/../../../../arm-none-eabi/lib/thumb2\libcr_nohost.a
LOAD e:/faku/sistemas_embebidos/software/nxp/lpcxpresso_4.3.0_1023/lpcxpresso/tools/bin/../lib/gcc/arm-none-eabi/4.5.1/../../../../arm-none-eabi/lib/thumb2\libcr_c.a
LOAD e:/faku/sistemas_embebidos/software/nxp/lpcxpresso_4.3.0_1023/lpcxpresso/tools/bin/../lib/gcc/arm-none-eabi/4.5.1/thumb2\libcr_eabihelpers.a
END GROUP
                0x00080000                __top_MFlash512 = 0x80000
                0x10008000                __top_RamLoc32 = 0x10008000
                0x20084000                __top_RamAHB32 = 0x20084000

.text           0x00000000     0x9128
 FILL mask 0xff
 *(.isr_vector)
 .isr_vector    0x00000000       0xcc ./src/cr_startup_lpc176x.o
                0x00000000                g_pfnVectors
                0x000000cc                . = ALIGN (0x4)
                0x000000cc                __section_table_start = .
                0x000000cc                __data_section_table = .
                0x000000cc        0x4 LONG 0x9128 LOADADDR (.data)
                0x000000d0        0x4 LONG 0x10000000 ADDR (.data)
                0x000000d4        0x4 LONG 0x48 SIZEOF (.data)
                0x000000d8        0x4 LONG 0x9128 LOADADDR (.data_RAM2)
                0x000000dc        0x4 LONG 0x2007c000 ADDR (.data_RAM2)
                0x000000e0        0x4 LONG 0x0 SIZEOF (.data_RAM2)
                0x000000e4                __data_section_table_end = .
                0x000000e4                __bss_section_table = .
                0x000000e4        0x4 LONG 0x10000048 ADDR (.bss)
                0x000000e8        0x4 LONG 0x2850 SIZEOF (.bss)
                0x000000ec        0x4 LONG 0x2007c000 ADDR (.bss_RAM2)
                0x000000f0        0x4 LONG 0x0 SIZEOF (.bss_RAM2)
                0x000000f4                __bss_section_table_end = .
                0x000000f4                __section_table_end = .
 *(.after_vectors*)
 .after_vectors
                0x000000f4      0x174 ./src/cr_startup_lpc176x.o
                0x000000f4                data_init
                0x00000144                bss_init
                0x00000184                ResetISR
                0x00000218                NMI_Handler
                0x00000220                HardFault_Handler
                0x00000228                MemManage_Handler
                0x00000230                BusFault_Handler
                0x00000238                UsageFault_Handler
                0x00000240                SVCall_Handler
                0x00000248                DebugMon_Handler
                0x00000250                PendSV_Handler
                0x00000260                EINT2_IRQHandler
                0x00000260                UART1_IRQHandler
                0x00000260                EINT3_IRQHandler
                0x00000260                CANActivity_IRQHandler
                0x00000260                TIMER3_IRQHandler
                0x00000260                UART0_IRQHandler
                0x00000260                PWM1_IRQHandler
                0x00000260                USBActivity_IRQHandler
                0x00000260                IntDefaultHandler
                0x00000260                PLL0_IRQHandler
                0x00000260                CAN_IRQHandler
                0x00000260                I2C0_IRQHandler
                0x00000260                I2C1_IRQHandler
                0x00000260                I2S_IRQHandler
                0x00000260                I2C2_IRQHandler
                0x00000260                RTC_IRQHandler
                0x00000260                TIMER0_IRQHandler
                0x00000260                SPI_IRQHandler
                0x00000260                RIT_IRQHandler
                0x00000260                EINT1_IRQHandler
                0x00000260                TIMER1_IRQHandler
                0x00000260                UART2_IRQHandler
                0x00000260                ADC_IRQHandler
                0x00000260                SSP1_IRQHandler
                0x00000260                USB_IRQHandler
                0x00000260                BOD_IRQHandler
                0x00000260                SSP0_IRQHandler
                0x00000260                WDT_IRQHandler
                0x00000260                QEI_IRQHandler
                0x00000260                EINT0_IRQHandler
                0x00000260                TIMER2_IRQHandler
                0x00000260                DMA_IRQHandler
                0x00000260                PLL1_IRQHandler
                0x00000260                UART3_IRQHandler
                0x00000260                MCPWM_IRQHandler
                0x00000260                ENET_IRQHandler
 *(.text*)
 .text.buf_setup
                0x00000268       0x24 ./uip/psock.o
 .text.buf_bufto
                0x0000028c       0xa0 ./uip/psock.o
 .text.send_data
                0x0000032c       0x6c ./uip/psock.o
 .text.data_acked
                0x00000398       0x84 ./uip/psock.o
 .text.psock_send
                0x0000041c       0x94 ./uip/psock.o
                0x0000041c                psock_send
 .text.psock_generator_send
                0x000004b0       0xb8 ./uip/psock.o
                0x000004b0                psock_generator_send
 .text.psock_datalen
                0x00000568       0x24 ./uip/psock.o
                0x00000568                psock_datalen
 .text.psock_newdata
                0x0000058c       0x58 ./uip/psock.o
                0x0000058c                psock_newdata
 .text.psock_readto
                0x000005e4       0xcc ./uip/psock.o
                0x000005e4                psock_readto
 .text.psock_init
                0x000006b0       0x48 ./uip/psock.o
                0x000006b0                psock_init
 .text.timer_set
                0x000006f8       0x24 ./uip/timer.o
                0x000006f8                timer_set
 .text.timer_reset
                0x0000071c       0x20 ./uip/timer.o
                0x0000071c                timer_reset
 .text.timer_expired
                0x0000073c       0x2c ./uip/timer.o
                0x0000073c                timer_expired
 .text.uip_add32
                0x00000768      0x14c ./uip/uip.o
                0x00000768                uip_add32
 .text.chksum   0x000008b4       0x98 ./uip/uip.o
 .text.uip_ipchksum
                0x0000094c       0x3c ./uip/uip.o
                0x0000094c                uip_ipchksum
 .text.upper_layer_chksum
                0x00000988       0x8c ./uip/uip.o
 .text.uip_tcpchksum
                0x00000a14       0x14 ./uip/uip.o
                0x00000a14                uip_tcpchksum
 .text.uip_init
                0x00000a28       0xcc ./uip/uip.o
                0x00000a28                uip_init
 .text.uip_listen
                0x00000af4       0x84 ./uip/uip.o
                0x00000af4                uip_listen
 .text.uip_add_rcv_nxt
                0x00000b78       0x84 ./uip/uip.o
 .text.uip_process
                0x00000bfc     0x1d84 ./uip/uip.o
                0x00000bfc                uip_process
 .text.htons    0x00002980       0x30 ./uip/uip.o
                0x00002980                htons
 .text.uip_send
                0x000029b0       0x54 ./uip/uip.o
                0x000029b0                uip_send
 .text.uip_arp_timer
                0x00002a04       0xc0 ./uip/uip_arp.o
                0x00002a04                uip_arp_timer
 .text.uip_arp_update
                0x00002ac4      0x254 ./uip/uip_arp.o
 .text.uip_arp_arpin
                0x00002d18      0x1e0 ./uip/uip_arp.o
                0x00002d18                uip_arp_arpin
 .text.uip_arp_out
                0x00002ef8      0x318 ./uip/uip_arp.o
                0x00002ef8                uip_arp_out
 .text.clock_init
                0x00003210       0x10 ./main/clock-arch.o
                0x00003210                clock_init
 .text.clock_time
                0x00003220       0x18 ./main/clock-arch.o
                0x00003220                clock_time
 .text.uip_log  0x00003238       0x14 ./main/main.o
                0x00003238                uip_log
 .text.main     0x0000324c      0x240 ./main/main.o
                0x0000324c                main
 .text.tapdev_init
                0x0000348c        0xc ./main/tapdev.o
                0x0000348c                tapdev_init
 .text.tapdev_read
                0x00003498       0x1c ./main/tapdev.o
                0x00003498                tapdev_read
 .text.tapdev_send
                0x000034b4       0x1c ./main/tapdev.o
                0x000034b4                tapdev_send
 .text.EMAC_Init
                0x000034d0      0x37c ./main/lpc1700/lpc17xx_emac.o
                0x000034d0                EMAC_Init
 .text.write_PHY
                0x0000384c       0x60 ./main/lpc1700/lpc17xx_emac.o
 .text.read_PHY
                0x000038ac       0x74 ./main/lpc1700/lpc17xx_emac.o
 .text.EMAC_ReadPacket
                0x00003920       0xac ./main/lpc1700/lpc17xx_emac.o
                0x00003920                EMAC_ReadPacket
 .text.EMAC_SendPacket
                0x000039cc      0x10c ./main/lpc1700/lpc17xx_emac.o
                0x000039cc                EMAC_SendPacket
 .text.rx_descr_init
                0x00003ad8       0xd4 ./main/lpc1700/lpc17xx_emac.o
 .text.tx_descr_init
                0x00003bac       0xc0 ./main/lpc1700/lpc17xx_emac.o
 .text.NVIC_SetPriority
                0x00003c6c       0x5c ./main/lpc1700/lpc17xx_systick.o
 .text.SysTick_Config
                0x00003cc8       0x64 ./main/lpc1700/lpc17xx_systick.o
 .text.SysTick_Handler
                0x00003d2c       0x24 ./main/lpc1700/lpc17xx_systick.o
                0x00003d2c                SysTick_Handler
 .text.init_timer
                0x00003d50       0x34 ./main/lpc1700/lpc17xx_systick.o
                0x00003d50                init_timer
 .text.nullfunction
                0x00003d84       0x30 ./apps/webserver/httpd-cgi.o
 .text.httpd_cgi
                0x00003db4       0x64 ./apps/webserver/httpd-cgi.o
                0x00003db4                httpd_cgi
 .text.generate_file_stats
                0x00003e18       0x44 ./apps/webserver/httpd-cgi.o
 .text.file_stats
                0x00003e5c       0x74 ./apps/webserver/httpd-cgi.o
 .text.generate_tcp_stats
                0x00003ed0      0x128 ./apps/webserver/httpd-cgi.o
 .text.tcp_stats
                0x00003ff8       0xb4 ./apps/webserver/httpd-cgi.o
 .text.generate_port_status
                0x000040ac       0x74 ./apps/webserver/httpd-cgi.o
 .text.port_status
                0x00004120       0x64 ./apps/webserver/httpd-cgi.o
 .text.port_toggle
                0x00004184       0x5c ./apps/webserver/httpd-cgi.o
 .text.port_on  0x000041e0       0x54 ./apps/webserver/httpd-cgi.o
 .text.port_of  0x00004234       0x54 ./apps/webserver/httpd-cgi.o
 .text.generate_net_stats
                0x00004288       0x54 ./apps/webserver/httpd-cgi.o
 .text.net_stats
                0x000042dc       0x90 ./apps/webserver/httpd-cgi.o
 .text.httpd_fs_strcmp
                0x0000436c       0x6c ./apps/webserver/httpd-fs.o
 .text.httpd_fs_open
                0x000043d8       0x88 ./apps/webserver/httpd-fs.o
                0x000043d8                httpd_fs_open
 .text.httpd_fs_count
                0x00004460       0x60 ./apps/webserver/httpd-fs.o
                0x00004460                httpd_fs_count
 .text.generate_part_of_file
                0x000044c0       0x78 ./apps/webserver/httpd.o
 .text.send_file
                0x00004538       0x94 ./apps/webserver/httpd.o
 .text.send_part_of_file
                0x000045cc       0x68 ./apps/webserver/httpd.o
 .text.next_scriptstate
                0x00004634       0x50 ./apps/webserver/httpd.o
 .text.handle_script
                0x00004684      0x22c ./apps/webserver/httpd.o
 .text.send_headers
                0x000048b0      0x2d4 ./apps/webserver/httpd.o
 .text.handle_output
                0x00004b84      0x17c ./apps/webserver/httpd.o
 .text.handle_input
                0x00004d00      0x1c0 ./apps/webserver/httpd.o
 .text.handle_connection
                0x00004ec0       0x28 ./apps/webserver/httpd.o
 .text.httpd_appcall
                0x00004ee8      0x118 ./apps/webserver/httpd.o
                0x00004ee8                httpd_appcall
 .text.httpd_init
                0x00005000       0x10 ./apps/webserver/httpd.o
                0x00005000                httpd_init
 .text.SystemInit
                0x00005010       0xe4 E:\FAKU\Sistemas_Embebidos\WORKSPACES\CAPEAR\CMSISv2p00_LPC17xx\Debug\libCMSISv2p00_LPC17xx.a(system_LPC17xx.o)
                0x00005010                SystemInit
 .text.__main   0x000050f4       0x14 e:/faku/sistemas_embebidos/software/nxp/lpcxpresso_4.3.0_1023/lpcxpresso/tools/bin/../lib/gcc/arm-none-eabi/4.5.1/../../../../arm-none-eabi/lib/thumb2\libcr_nohost.a(_cr__main.o)
                0x000050f4                __main
 .text.fp_round
                0x00005108       0x56 e:/faku/sistemas_embebidos/software/nxp/lpcxpresso_4.3.0_1023/lpcxpresso/tools/bin/../lib/gcc/arm-none-eabi/4.5.1/../../../../arm-none-eabi/lib/thumb2\libcr_c.a(fpprintf.o)
 .text.lose_trailing_zeros
                0x0000515e       0x1e e:/faku/sistemas_embebidos/software/nxp/lpcxpresso_4.3.0_1023/lpcxpresso/tools/bin/../lib/gcc/arm-none-eabi/4.5.1/../../../../arm-none-eabi/lib/thumb2\libcr_c.a(fpprintf.o)
 .text.pr_dec.clone.0
                0x0000517c       0x24 e:/faku/sistemas_embebidos/software/nxp/lpcxpresso_4.3.0_1023/lpcxpresso/tools/bin/../lib/gcc/arm-none-eabi/4.5.1/../../../../arm-none-eabi/lib/thumb2\libcr_c.a(fpprintf.o)
 .text.sprintf  0x000051a0       0x70 e:/faku/sistemas_embebidos/software/nxp/lpcxpresso_4.3.0_1023/lpcxpresso/tools/bin/../lib/gcc/arm-none-eabi/4.5.1/../../../../arm-none-eabi/lib/thumb2\libcr_c.a(fpprintf.o)
                0x000051a0                sprintf
 .text.fp_display
                0x00005210      0x918 e:/faku/sistemas_embebidos/software/nxp/lpcxpresso_4.3.0_1023/lpcxpresso/tools/bin/../lib/gcc/arm-none-eabi/4.5.1/../../../../arm-none-eabi/lib/thumb2\libcr_c.a(fpprintf.o)
 .text.snprintf
                0x00005b28       0x6c e:/faku/sistemas_embebidos/software/nxp/lpcxpresso_4.3.0_1023/lpcxpresso/tools/bin/../lib/gcc/arm-none-eabi/4.5.1/../../../../arm-none-eabi/lib/thumb2\libcr_c.a(fpprintf.o)
                0x00005b28                snprintf
 .text._initio  0x00005b94       0x9c e:/faku/sistemas_embebidos/software/nxp/lpcxpresso_4.3.0_1023/lpcxpresso/tools/bin/../lib/gcc/arm-none-eabi/4.5.1/../../../../arm-none-eabi/lib/thumb2\libcr_c.a(initio.o)
                0x00005b94                _initio
 .text.__vfprintf
                0x00005c30      0xc3c e:/faku/sistemas_embebidos/software/nxp/lpcxpresso_4.3.0_1023/lpcxpresso/tools/bin/../lib/gcc/arm-none-eabi/4.5.1/../../../../arm-none-eabi/lib/thumb2\libcr_c.a(printf.o)
                0x00005c30                __vfprintf
 .text.setvbuf  0x0000686c       0x48 e:/faku/sistemas_embebidos/software/nxp/lpcxpresso_4.3.0_1023/lpcxpresso/tools/bin/../lib/gcc/arm-none-eabi/4.5.1/../../../../arm-none-eabi/lib/thumb2\libcr_c.a(setvbuf.o)
                0x0000686c                setvbuf
 .text.strchr   0x000068b4       0x18 e:/faku/sistemas_embebidos/software/nxp/lpcxpresso_4.3.0_1023/lpcxpresso/tools/bin/../lib/gcc/arm-none-eabi/4.5.1/../../../../arm-none-eabi/lib/thumb2\libcr_c.a(strchr.o)
                0x000068b4                strchr
 .text.strcpy   0x000068cc       0x42 e:/faku/sistemas_embebidos/software/nxp/lpcxpresso_4.3.0_1023/lpcxpresso/tools/bin/../lib/gcc/arm-none-eabi/4.5.1/../../../../arm-none-eabi/lib/thumb2\libcr_c.a(strcpy.o)
                0x000068cc                strcpy
 .text.strlen   0x0000690e       0x4e e:/faku/sistemas_embebidos/software/nxp/lpcxpresso_4.3.0_1023/lpcxpresso/tools/bin/../lib/gcc/arm-none-eabi/4.5.1/../../../../arm-none-eabi/lib/thumb2\libcr_c.a(strlen.o)
                0x0000690e                strlen
 .text.strncmp  0x0000695c       0x58 e:/faku/sistemas_embebidos/software/nxp/lpcxpresso_4.3.0_1023/lpcxpresso/tools/bin/../lib/gcc/arm-none-eabi/4.5.1/../../../../arm-none-eabi/lib/thumb2\libcr_c.a(strncmp.o)
                0x0000695c                strncmp
 .text.strncpy  0x000069b4       0x58 e:/faku/sistemas_embebidos/software/nxp/lpcxpresso_4.3.0_1023/lpcxpresso/tools/bin/../lib/gcc/arm-none-eabi/4.5.1/../../../../arm-none-eabi/lib/thumb2\libcr_c.a(strncpy.o)
                0x000069b4                strncpy
 .text.strrchr  0x00006a0c       0x24 e:/faku/sistemas_embebidos/software/nxp/lpcxpresso_4.3.0_1023/lpcxpresso/tools/bin/../lib/gcc/arm-none-eabi/4.5.1/../../../../arm-none-eabi/lib/thumb2\libcr_c.a(strrchr.o)
                0x00006a0c                strrchr
 .text.memcpy   0x00006a30        0x4 e:/faku/sistemas_embebidos/software/nxp/lpcxpresso_4.3.0_1023/lpcxpresso/tools/bin/../lib/gcc/arm-none-eabi/4.5.1/../../../../arm-none-eabi/lib/thumb2\libcr_c.a(memcpy.o)
                0x00006a30                memcpy
 .text.memset   0x00006a34        0x4 e:/faku/sistemas_embebidos/software/nxp/lpcxpresso_4.3.0_1023/lpcxpresso/tools/bin/../lib/gcc/arm-none-eabi/4.5.1/../../../../arm-none-eabi/lib/thumb2\libcr_c.a(memset.o)
                0x00006a34                memset
 .text._deferredlazyseek
                0x00006a38       0x44 e:/faku/sistemas_embebidos/software/nxp/lpcxpresso_4.3.0_1023/lpcxpresso/tools/bin/../lib/gcc/arm-none-eabi/4.5.1/../../../../arm-none-eabi/lib/thumb2\libcr_c.a(_deferredlazyseek.o)
                0x00006a38                _deferredlazyseek
 .text.__flsbuf
                0x00006a7c      0x15e e:/faku/sistemas_embebidos/software/nxp/lpcxpresso_4.3.0_1023/lpcxpresso/tools/bin/../lib/gcc/arm-none-eabi/4.5.1/../../../../arm-none-eabi/lib/thumb2\libcr_c.a(_deferredlazyseek.o)
                0x00006a7c                __flsbuf
 .text._fdopen  0x00006bda       0x6e e:/faku/sistemas_embebidos/software/nxp/lpcxpresso_4.3.0_1023/lpcxpresso/tools/bin/../lib/gcc/arm-none-eabi/4.5.1/../../../../arm-none-eabi/lib/thumb2\libcr_c.a(_fdopen.o)
                0x00006bda                _fdopen
 .text._fflush  0x00006c48       0x58 e:/faku/sistemas_embebidos/software/nxp/lpcxpresso_4.3.0_1023/lpcxpresso/tools/bin/../lib/gcc/arm-none-eabi/4.5.1/../../../../arm-none-eabi/lib/thumb2\libcr_c.a(_fflush.o)
                0x00006c48                _fflush
 .text._frexpl  0x00006ca0       0x62 e:/faku/sistemas_embebidos/software/nxp/lpcxpresso_4.3.0_1023/lpcxpresso/tools/bin/../lib/gcc/arm-none-eabi/4.5.1/../../../../arm-none-eabi/lib/thumb2\libcr_c.a(_frexpl.o)
                0x00006ca0                _frexpl
 *fill*         0x00006d02        0x2 00
 .text._ldexpl  0x00006d04       0x50 e:/faku/sistemas_embebidos/software/nxp/lpcxpresso_4.3.0_1023/lpcxpresso/tools/bin/../lib/gcc/arm-none-eabi/4.5.1/../../../../arm-none-eabi/lib/thumb2\libcr_c.a(_ldexpl.o)
                0x00006d04                _ldexpl
 .text._Cwritebuf
                0x00006d54       0x88 e:/faku/sistemas_embebidos/software/nxp/lpcxpresso_4.3.0_1023/lpcxpresso/tools/bin/../lib/gcc/arm-none-eabi/4.5.1/../../../../arm-none-eabi/lib/thumb2\libcr_c.a(_writebuf.o)
                0x00006d54                _Cwritebuf
 .text.malloc   0x00006ddc       0xd0 e:/faku/sistemas_embebidos/software/nxp/lpcxpresso_4.3.0_1023/lpcxpresso/tools/bin/../lib/gcc/arm-none-eabi/4.5.1/../../../../arm-none-eabi/lib/thumb2\libcr_c.a(alloc.o)
                0x00006ddc                malloc
 .text.free     0x00006eac        0xa e:/faku/sistemas_embebidos/software/nxp/lpcxpresso_4.3.0_1023/lpcxpresso/tools/bin/../lib/gcc/arm-none-eabi/4.5.1/../../../../arm-none-eabi/lib/thumb2\libcr_c.a(alloc.o)
                0x00006eac                free
 *fill*         0x00006eb6        0x2 00
 .text._Csys_alloc
                0x00006eb8       0x20 e:/faku/sistemas_embebidos/software/nxp/lpcxpresso_4.3.0_1023/lpcxpresso/tools/bin/../lib/gcc/arm-none-eabi/4.5.1/../../../../arm-none-eabi/lib/thumb2\libcr_c.a(alloc.o)
                0x00006eb8                _Csys_alloc
 .text.fclose   0x00006ed8       0x72 e:/faku/sistemas_embebidos/software/nxp/lpcxpresso_4.3.0_1023/lpcxpresso/tools/bin/../lib/gcc/arm-none-eabi/4.5.1/../../../../arm-none-eabi/lib/thumb2\libcr_c.a(fclose.o)
                0x00006ed8                fclose
 *fill*         0x00006f4a        0x2 00
 .text.fflush   0x00006f4c       0x34 e:/faku/sistemas_embebidos/software/nxp/lpcxpresso_4.3.0_1023/lpcxpresso/tools/bin/../lib/gcc/arm-none-eabi/4.5.1/../../../../arm-none-eabi/lib/thumb2\libcr_c.a(fflush.o)
                0x00006f4c                fflush
 .text.fseek    0x00006f80      0x110 e:/faku/sistemas_embebidos/software/nxp/lpcxpresso_4.3.0_1023/lpcxpresso/tools/bin/../lib/gcc/arm-none-eabi/4.5.1/../../../../arm-none-eabi/lib/thumb2\libcr_c.a(fseek.o)
                0x00006f80                fseek
 .text.ftell    0x00007090       0x50 e:/faku/sistemas_embebidos/software/nxp/lpcxpresso_4.3.0_1023/lpcxpresso/tools/bin/../lib/gcc/arm-none-eabi/4.5.1/../../../../arm-none-eabi/lib/thumb2\libcr_c.a(ftell.o)
                0x00007090                ftell
 .text.remove   0x000070e0       0x14 e:/faku/sistemas_embebidos/software/nxp/lpcxpresso_4.3.0_1023/lpcxpresso/tools/bin/../lib/gcc/arm-none-eabi/4.5.1/../../../../arm-none-eabi/lib/thumb2\libcr_c.a(remove.o)
                0x000070e0                remove
 .text._do_fflush
                0x000070f4       0x44 e:/faku/sistemas_embebidos/software/nxp/lpcxpresso_4.3.0_1023/lpcxpresso/tools/bin/../lib/gcc/arm-none-eabi/4.5.1/../../../../arm-none-eabi/lib/thumb2\libcr_c.a(_do_fflush.o)
                0x000070f4                _do_fflush
 .text.__aeabi_dmul
                0x00007138      0x128 e:/faku/sistemas_embebidos/software/nxp/lpcxpresso_4.3.0_1023/lpcxpresso/tools/bin/../lib/gcc/arm-none-eabi/4.5.1/thumb2\libcr_eabihelpers.a(double.o)
                0x00007138                __aeabi_dmul
 .text.__aeabi_ddiv
                0x00007260      0x144 e:/faku/sistemas_embebidos/software/nxp/lpcxpresso_4.3.0_1023/lpcxpresso/tools/bin/../lib/gcc/arm-none-eabi/4.5.1/thumb2\libcr_eabihelpers.a(double.o)
                0x00007260                __aeabi_ddiv
 .text.__aeabi_dsub
                0x000073a4      0x1d8 e:/faku/sistemas_embebidos/software/nxp/lpcxpresso_4.3.0_1023/lpcxpresso/tools/bin/../lib/gcc/arm-none-eabi/4.5.1/thumb2\libcr_eabihelpers.a(double.o)
                0x000073a4                __aeabi_dsub
 .text.__aeabi_dadd
                0x0000757c      0x13c e:/faku/sistemas_embebidos/software/nxp/lpcxpresso_4.3.0_1023/lpcxpresso/tools/bin/../lib/gcc/arm-none-eabi/4.5.1/thumb2\libcr_eabihelpers.a(double.o)
                0x0000757c                __aeabi_dadd
 .text.__aeabi_d2iz
                0x000076b8       0x3e e:/faku/sistemas_embebidos/software/nxp/lpcxpresso_4.3.0_1023/lpcxpresso/tools/bin/../lib/gcc/arm-none-eabi/4.5.1/thumb2\libcr_eabihelpers.a(double.o)
                0x000076b8                __aeabi_d2iz
 .text.__bhs_ui2d
                0x000076f6       0x50 e:/faku/sistemas_embebidos/software/nxp/lpcxpresso_4.3.0_1023/lpcxpresso/tools/bin/../lib/gcc/arm-none-eabi/4.5.1/thumb2\libcr_eabihelpers.a(double.o)
                0x000076f6                __bhs_ui2d
 .text.__aeabi_i2d
                0x00007746       0x10 e:/faku/sistemas_embebidos/software/nxp/lpcxpresso_4.3.0_1023/lpcxpresso/tools/bin/../lib/gcc/arm-none-eabi/4.5.1/thumb2\libcr_eabihelpers.a(double.o)
                0x00007746                __aeabi_i2d
 .text.__aeabi_dcmpeq
                0x00007756       0x36 e:/faku/sistemas_embebidos/software/nxp/lpcxpresso_4.3.0_1023/lpcxpresso/tools/bin/../lib/gcc/arm-none-eabi/4.5.1/thumb2\libcr_eabihelpers.a(double.o)
                0x00007756                __aeabi_dcmpeq
 .text.__aeabi_dcmplt
                0x0000778c       0x5a e:/faku/sistemas_embebidos/software/nxp/lpcxpresso_4.3.0_1023/lpcxpresso/tools/bin/../lib/gcc/arm-none-eabi/4.5.1/thumb2\libcr_eabihelpers.a(double.o)
                0x0000778c                __aeabi_dcmplt
 .text.__aeabi_dcmple
                0x000077e6       0x5a e:/faku/sistemas_embebidos/software/nxp/lpcxpresso_4.3.0_1023/lpcxpresso/tools/bin/../lib/gcc/arm-none-eabi/4.5.1/thumb2\libcr_eabihelpers.a(double.o)
                0x000077e6                __aeabi_dcmple
 .text.__aeabi_dcmpge
                0x00007840       0x5a e:/faku/sistemas_embebidos/software/nxp/lpcxpresso_4.3.0_1023/lpcxpresso/tools/bin/../lib/gcc/arm-none-eabi/4.5.1/thumb2\libcr_eabihelpers.a(double.o)
                0x00007840                __aeabi_dcmpge
 .text.__aeabi_memcpy
                0x0000789a       0x26 e:/faku/sistemas_embebidos/software/nxp/lpcxpresso_4.3.0_1023/lpcxpresso/tools/bin/../lib/gcc/arm-none-eabi/4.5.1/thumb2\libcr_eabihelpers.a(memcpy.o)
                0x0000789a                __aeabi_memcpy4
                0x0000789a                __aeabi_memcpy8
                0x0000789a                __aeabi_memcpy
 .text.__aeabi_memset_lowlevel
                0x000078c0       0x24 e:/faku/sistemas_embebidos/software/nxp/lpcxpresso_4.3.0_1023/lpcxpresso/tools/bin/../lib/gcc/arm-none-eabi/4.5.1/thumb2\libcr_eabihelpers.a(memcpy.o)
                0x000078c0                __aeabi_lowlevel_memset
 .text.__sys_appexit
                0x000078e4        0x2 e:/faku/sistemas_embebidos/software/nxp/lpcxpresso_4.3.0_1023/lpcxpresso/tools/bin/../lib/gcc/arm-none-eabi/4.5.1/../../../../arm-none-eabi/lib/thumb2\libcr_nohost.a(__sys_appexit.o)
                0x000078e4                __sys_appexit
                0x000078e4                __exit
 .text.__sys_close
                0x000078e6        0x6 e:/faku/sistemas_embebidos/software/nxp/lpcxpresso_4.3.0_1023/lpcxpresso/tools/bin/../lib/gcc/arm-none-eabi/4.5.1/../../../../arm-none-eabi/lib/thumb2\libcr_nohost.a(__sys_close.o)
                0x000078e6                __sys_close
 .text.__sys_flen
                0x000078ec        0x6 e:/faku/sistemas_embebidos/software/nxp/lpcxpresso_4.3.0_1023/lpcxpresso/tools/bin/../lib/gcc/arm-none-eabi/4.5.1/../../../../arm-none-eabi/lib/thumb2\libcr_nohost.a(__sys_flen.o)
                0x000078ec                __sys_flen
 .text.__sys_istty
                0x000078f2        0x6 e:/faku/sistemas_embebidos/software/nxp/lpcxpresso_4.3.0_1023/lpcxpresso/tools/bin/../lib/gcc/arm-none-eabi/4.5.1/../../../../arm-none-eabi/lib/thumb2\libcr_nohost.a(__sys_istty.o)
                0x000078f2                __sys_istty
 .text.__sys_remove
                0x000078f8        0x6 e:/faku/sistemas_embebidos/software/nxp/lpcxpresso_4.3.0_1023/lpcxpresso/tools/bin/../lib/gcc/arm-none-eabi/4.5.1/../../../../arm-none-eabi/lib/thumb2\libcr_nohost.a(__sys_remove.o)
                0x000078f8                __sys_remove
 .text.__sys_seek
                0x000078fe        0x6 e:/faku/sistemas_embebidos/software/nxp/lpcxpresso_4.3.0_1023/lpcxpresso/tools/bin/../lib/gcc/arm-none-eabi/4.5.1/../../../../arm-none-eabi/lib/thumb2\libcr_nohost.a(__sys_seek.o)
                0x000078fe                __sys_seek
 .text.__sys_tmpnam
                0x00007904        0x6 e:/faku/sistemas_embebidos/software/nxp/lpcxpresso_4.3.0_1023/lpcxpresso/tools/bin/../lib/gcc/arm-none-eabi/4.5.1/../../../../arm-none-eabi/lib/thumb2\libcr_nohost.a(__sys_tmpnam.o)
                0x00007904                __sys_tmpnam
 .text.__sys_write
                0x0000790a        0x4 e:/faku/sistemas_embebidos/software/nxp/lpcxpresso_4.3.0_1023/lpcxpresso/tools/bin/../lib/gcc/arm-none-eabi/4.5.1/../../../../arm-none-eabi/lib/thumb2\libcr_nohost.a(__sys_write.o)
                0x0000790a                __sys_write
                0x0000790a                __write
 *fill*         0x0000790e        0x2 00
 .text._sbrk    0x00007910       0x40 e:/faku/sistemas_embebidos/software/nxp/lpcxpresso_4.3.0_1023/lpcxpresso/tools/bin/../lib/gcc/arm-none-eabi/4.5.1/../../../../arm-none-eabi/lib/thumb2\libcr_nohost.a(_cr_sbrk.o)
                0x00007910                _sbrk
 .text.__check_heap_overflow
                0x00007950       0x2c e:/faku/sistemas_embebidos/software/nxp/lpcxpresso_4.3.0_1023/lpcxpresso/tools/bin/../lib/gcc/arm-none-eabi/4.5.1/../../../../arm-none-eabi/lib/thumb2\libcr_nohost.a(_cr_check_heap.o)
                0x00007950                __check_heap_overflow
 *(.rodata .rodata.*)
 .rodata        0x0000797c      0x128 ./uip/uip.o
                0x00007984                uip_ethaddr
 .rodata        0x00007aa4        0xc ./uip/uip_arp.o
 .rodata        0x00007ab0      0x288 ./apps/webserver/http-strings.o
                0x00007ab0                http_http
                0x00007ab8                http_200
                0x00007ac0                http_301
                0x00007ac8                http_302
                0x00007ad0                http_get
                0x00007ad8                http_10
                0x00007ae4                http_11
                0x00007af0                http_content_type
                0x00007b00                http_texthtml
                0x00007b0c                http_location
                0x00007b18                http_host
                0x00007b20                http_crnl
                0x00007b24                http_index_html
                0x00007b30                http_404_html
                0x00007b3c                http_referer
                0x00007b48                http_header_200
                0x00007b9c                http_header_404
                0x00007bf8                http_content_type_plain
                0x00007c18                http_content_type_html
                0x00007c34                http_content_type_css
                0x00007c50                http_content_type_text
                0x00007c6c                http_content_type_png
                0x00007c88                http_content_type_gif
                0x00007ca4                http_content_type_jpg
                0x00007cc4                http_content_type_binary
                0x00007cf0                http_html
                0x00007cf8                http_shtml
                0x00007d00                http_htm
                0x00007d08                http_css
                0x00007d10                http_png
                0x00007d18                http_gif
                0x00007d20                http_jpg
                0x00007d28                http_text
                0x00007d30                http_txt
 .rodata        0x00007d38      0x164 ./apps/webserver/httpd-cgi.o
 .rodata        0x00007e9c     0x107c ./apps/webserver/httpd-fs.o
                0x00008e8c                file_404_html
                0x00008ea0                file_capear_shtml
                0x00008eb4                file_index_html
                0x00008ec8                file_port_of_shtml
                0x00008edc                file_port_on_shtml
                0x00008ef0                file_port_sw_shtml
                0x00008f04                file_testpage_html
 .rodata.str1.1
                0x00008f18       0x34 e:/faku/sistemas_embebidos/software/nxp/lpcxpresso_4.3.0_1023/lpcxpresso/tools/bin/../lib/gcc/arm-none-eabi/4.5.1/../../../../arm-none-eabi/lib/thumb2\libcr_c.a(fpprintf.o)
                                 0x35 (size before relaxing)
 .rodata.str1.1
                0x00008f4c        0x4 e:/faku/sistemas_embebidos/software/nxp/lpcxpresso_4.3.0_1023/lpcxpresso/tools/bin/../lib/gcc/arm-none-eabi/4.5.1/../../../../arm-none-eabi/lib/thumb2\libcr_c.a(initio.o)
 .rodata.str1.1
                0x00008f50       0x31 e:/faku/sistemas_embebidos/software/nxp/lpcxpresso_4.3.0_1023/lpcxpresso/tools/bin/../lib/gcc/arm-none-eabi/4.5.1/../../../../arm-none-eabi/lib/thumb2\libcr_c.a(printf.o)
                                 0x38 (size before relaxing)
 .rodata.str1.1
                0x00008f81       0x18 e:/faku/sistemas_embebidos/software/nxp/lpcxpresso_4.3.0_1023/lpcxpresso/tools/bin/../lib/gcc/arm-none-eabi/4.5.1/../../../../arm-none-eabi/lib/thumb2\libcr_c.a(alloc.o)
 .rodata.__ctype
                0x00008f99      0x180 e:/faku/sistemas_embebidos/software/nxp/lpcxpresso_4.3.0_1023/lpcxpresso/tools/bin/../lib/gcc/arm-none-eabi/4.5.1/../../../../arm-none-eabi/lib/thumb2\libcr_c.a(ctype.o)
                0x00008f99                __ctype
 *fill*         0x00009119        0x7 00
 .rodata.__huge_vall
                0x00009120        0x8 e:/faku/sistemas_embebidos/software/nxp/lpcxpresso_4.3.0_1023/lpcxpresso/tools/bin/../lib/gcc/arm-none-eabi/4.5.1/../../../../arm-none-eabi/lib/thumb2\libcr_c.a(_hugeval.o)
                0x00009120                __huge_vall
                0x00009128                . = ALIGN (0x4)

.glue_7         0x00009128        0x0
 .glue_7        0x00000000        0x0 linker stubs

.glue_7t        0x00009128        0x0
 .glue_7t       0x00000000        0x0 linker stubs

.vfp11_veneer   0x00009128        0x0
 .vfp11_veneer  0x00000000        0x0 linker stubs

.v4_bx          0x00009128        0x0
 .v4_bx         0x00000000        0x0 linker stubs

.ARM.extab
 *(.ARM.extab* .gnu.linkonce.armextab.*)
                0x00009128                __exidx_start = .

.ARM.exidx
 *(.ARM.exidx* .gnu.linkonce.armexidx.*)
                0x00009128                __exidx_end = .
                0x00009128                _etext = .

.data_RAM2      0x2007c000        0x0 load address 0x00009128
 FILL mask 0xff
 *(.data.$RAM2*)
 *(.data.$RamAHB32*)
                0x2007c000                . = ALIGN (0x4)

.uninit_RESERVED
                0x10000000        0x0
 *(.bss.$RESERVED*)
                0x10000000                . = ALIGN (0x4)
                0x10000000                _end_uninit_RESERVED = .

.data           0x10000000       0x48 load address 0x00009128
 FILL mask 0xff
                0x10000000                _data = .
 *(vtable)
 *(.data*)
 .data          0x10000000       0x44 ./apps/webserver/httpd-cgi.o
 .data.SystemCoreClock
                0x10000044        0x4 E:\FAKU\Sistemas_Embebidos\WORKSPACES\CAPEAR\CMSISv2p00_LPC17xx\Debug\libCMSISv2p00_LPC17xx.a(system_LPC17xx.o)
                0x10000044                SystemCoreClock
                0x10000048                . = ALIGN (0x4)
                0x10000048                _edata = .

.bss_RAM2       0x2007c000        0x0
 *(.bss.$RAM2*)
 *(.bss.$RamAHB32*)
                0x2007c000                . = ALIGN (0x4)

.bss            0x10000048     0x2850
                0x10000048                _bss = .
 *(.bss*)
 .bss           0x10000048       0x10 ./uip/uip.o
 .bss           0x10000058       0x68 ./uip/uip_arp.o
 .bss           0x100000c0        0x4 ./main/lpc1700/lpc17xx_systick.o
                0x100000c0                systick_counter
 .bss           0x100000c4       0x10 ./apps/webserver/httpd-fs.o
 .bss.errno     0x100000d4        0x4 e:/faku/sistemas_embebidos/software/nxp/lpcxpresso_4.3.0_1023/lpcxpresso/tools/bin/../lib/gcc/arm-none-eabi/4.5.1/../../../../arm-none-eabi/lib/thumb2\libcr_c.a(errno.o)
                0x100000d4                errno
 *(COMMON)
 COMMON         0x100000d8     0x2674 ./uip/uip.o
                0x100000d8                uip_len
                0x100000dc                uip_sappdata
                0x100000e0                uip_acc32
                0x100000e4                uip_flags
                0x100000e8                uip_appdata
                0x100000ec                uip_conn
                0x100000f0                uip_conns
                0x100020d0                uip_listenports
                0x10002120                uip_draddr
                0x10002124                uip_stat
                0x10002150                uip_netmask
                0x10002154                uip_hostaddr
                0x10002158                uip_buf
                0x1000274a                uip_slen
 COMMON         0x1000274c        0x4 e:/faku/sistemas_embebidos/software/nxp/lpcxpresso_4.3.0_1023/lpcxpresso/tools/bin/../lib/gcc/arm-none-eabi/4.5.1/../../../../arm-none-eabi/lib/thumb2\libcr_c.a(initio.o)
                0x1000274c                _extra
 COMMON         0x10002750      0x140 e:/faku/sistemas_embebidos/software/nxp/lpcxpresso_4.3.0_1023/lpcxpresso/tools/bin/../lib/gcc/arm-none-eabi/4.5.1/../../../../arm-none-eabi/lib/thumb2\libcr_c.a(stdio.o)
                0x10002750                __Ciob
 COMMON         0x10002890        0x8 e:/faku/sistemas_embebidos/software/nxp/lpcxpresso_4.3.0_1023/lpcxpresso/tools/bin/../lib/gcc/arm-none-eabi/4.5.1/../../../../arm-none-eabi/lib/thumb2\libcr_c.a(__init_alloc.o)
                0x10002890                __heaps
                0x10002894                __end_of_heap
                0x10002898                . = ALIGN (0x4)
                0x10002898                _ebss = .
                0x10002898                PROVIDE (end, .)
                0x10002898                PROVIDE (_pvHeapStart, .)
                0x10008000                PROVIDE (_vStackTop, (__top_RamLoc32 - 0x0))
OUTPUT(RDB1768cmsis2_uIP.axf elf32-littlearm)

.debug_abbrev   0x00000000     0x1735
 .debug_abbrev  0x00000000      0x1de ./uip/psock.o
 .debug_abbrev  0x000001de       0xb0 ./uip/timer.o
 .debug_abbrev  0x0000028e      0x1a6 ./uip/uip-fw.o
 .debug_abbrev  0x00000434      0x106 ./uip/uip-neighbor.o
 .debug_abbrev  0x0000053a       0xeb ./uip/uip-split.o
 .debug_abbrev  0x00000625      0x239 ./uip/uip.o
 .debug_abbrev  0x0000085e      0x183 ./uip/uip_arp.o
 .debug_abbrev  0x000009e1       0x6c ./uip/uiplib.o
 .debug_abbrev  0x00000a4d       0xf8 ./src/cr_startup_lpc176x.o
 .debug_abbrev  0x00000b45       0x7f ./main/clock-arch.o
 .debug_abbrev  0x00000bc4      0x18c ./main/main.o
 .debug_abbrev  0x00000d50       0xae ./main/tapdev.o
 .debug_abbrev  0x00000dfe      0x1b9 ./main/lpc1700/lpc17xx_emac.o
 .debug_abbrev  0x00000fb7      0x195 ./main/lpc1700/lpc17xx_systick.o
 .debug_abbrev  0x0000114c       0x4b ./apps/webserver/http-strings.o
 .debug_abbrev  0x00001197      0x1b0 ./apps/webserver/httpd-cgi.o
 .debug_abbrev  0x00001347      0x145 ./apps/webserver/httpd-fs.o
 .debug_abbrev  0x0000148c      0x1c6 ./apps/webserver/httpd.o
 .debug_abbrev  0x00001652       0xe3 E:\FAKU\Sistemas_Embebidos\WORKSPACES\CAPEAR\CMSISv2p00_LPC17xx\Debug\libCMSISv2p00_LPC17xx.a(system_LPC17xx.o)

.debug_info     0x00000000     0x6f3b
 .debug_info    0x00000000      0x7d7 ./uip/psock.o
 .debug_info    0x000007d7      0x120 ./uip/timer.o
 .debug_info    0x000008f7      0x675 ./uip/uip-fw.o
 .debug_info    0x00000f6c      0x2cc ./uip/uip-neighbor.o
 .debug_info    0x00001238      0x30e ./uip/uip-split.o
 .debug_info    0x00001546      0xec9 ./uip/uip.o
 .debug_info    0x0000240f      0x4fc ./uip/uip_arp.o
 .debug_info    0x0000290b       0xef ./uip/uiplib.o
 .debug_info    0x000029fa      0x2ea ./src/cr_startup_lpc176x.o
 .debug_info    0x00002ce4       0xd0 ./main/clock-arch.o
 .debug_info    0x00002db4      0x927 ./main/main.o
 .debug_info    0x000036db      0x120 ./main/tapdev.o
 .debug_info    0x000037fb      0xadb ./main/lpc1700/lpc17xx_emac.o
 .debug_info    0x000042d6      0x5f6 ./main/lpc1700/lpc17xx_systick.o
 .debug_info    0x000048cc      0x446 ./apps/webserver/http-strings.o
 .debug_info    0x00004d12      0xf2e ./apps/webserver/httpd-cgi.o
 .debug_info    0x00005c40      0x51f ./apps/webserver/httpd-fs.o
 .debug_info    0x0000615f      0xa4d ./apps/webserver/httpd.o
 .debug_info    0x00006bac      0x38f E:\FAKU\Sistemas_Embebidos\WORKSPACES\CAPEAR\CMSISv2p00_LPC17xx\Debug\libCMSISv2p00_LPC17xx.a(system_LPC17xx.o)

.debug_line     0x00000000     0x6657
 .debug_line    0x00000000      0x6d6 ./uip/psock.o
 .debug_line    0x000006d6       0xe2 ./uip/timer.o
 .debug_line    0x000007b8      0x6a2 ./uip/uip-fw.o
 .debug_line    0x00000e5a      0x5f2 ./uip/uip-neighbor.o
 .debug_line    0x0000144c      0x578 ./uip/uip-split.o
 .debug_line    0x000019c4      0xa72 ./uip/uip.o
 .debug_line    0x00002436      0x662 ./uip/uip_arp.o
 .debug_line    0x00002a98      0x544 ./uip/uiplib.o
 .debug_line    0x00002fdc      0x4a4 ./src/cr_startup_lpc176x.o
 .debug_line    0x00003480       0xd7 ./main/clock-arch.o
 .debug_line    0x00003557      0x624 ./main/main.o
 .debug_line    0x00003b7b      0x4ef ./main/tapdev.o
 .debug_line    0x0000406a      0x75f ./main/lpc1700/lpc17xx_emac.o
 .debug_line    0x000047c9      0x4c4 ./main/lpc1700/lpc17xx_systick.o
 .debug_line    0x00004c8d       0x41 ./apps/webserver/http-strings.o
 .debug_line    0x00004cce      0x7a5 ./apps/webserver/httpd-cgi.o
 .debug_line    0x00005473      0x5af ./apps/webserver/httpd-fs.o
 .debug_line    0x00005a22      0x7b8 ./apps/webserver/httpd.o
 .debug_line    0x000061da      0x47d E:\FAKU\Sistemas_Embebidos\WORKSPACES\CAPEAR\CMSISv2p00_LPC17xx\Debug\libCMSISv2p00_LPC17xx.a(system_LPC17xx.o)

.debug_macinfo  0x00000000    0x6a53f
 .debug_macinfo
                0x00000000     0x51cd ./uip/psock.o
 .debug_macinfo
                0x000051cd     0x1728 ./uip/timer.o
 .debug_macinfo
                0x000068f5     0x519e ./uip/uip-fw.o
 .debug_macinfo
                0x0000ba93     0x4ebc ./uip/uip-neighbor.o
 .debug_macinfo
                0x0001094f     0x5146 ./uip/uip-split.o
 .debug_macinfo
                0x00015a95     0x53e9 ./uip/uip.o
 .debug_macinfo
                0x0001ae7e     0x507e ./uip/uip_arp.o
 .debug_macinfo
                0x0001fefc     0x4e55 ./uip/uiplib.o
 .debug_macinfo
                0x00024d51     0x3138 ./src/cr_startup_lpc176x.o
 .debug_macinfo
                0x00027e89     0x1b44 ./main/clock-arch.o
 .debug_macinfo
                0x000299cd     0x9649 ./main/main.o
 .debug_macinfo
                0x00033016     0x936a ./main/tapdev.o
 .debug_macinfo
                0x0003c380     0xa173 ./main/lpc1700/lpc17xx_emac.o
 .debug_macinfo
                0x000464f3     0x7a9b ./main/lpc1700/lpc17xx_systick.o
 .debug_macinfo
                0x0004df8e     0x16b1 ./apps/webserver/http-strings.o
 .debug_macinfo
                0x0004f63f     0x9757 ./apps/webserver/httpd-cgi.o
 .debug_macinfo
                0x00058d96     0x4ea3 ./apps/webserver/httpd-fs.o
 .debug_macinfo
                0x0005dc39     0x4fdb ./apps/webserver/httpd.o
 .debug_macinfo
                0x00062c14     0x792b E:\FAKU\Sistemas_Embebidos\WORKSPACES\CAPEAR\CMSISv2p00_LPC17xx\Debug\libCMSISv2p00_LPC17xx.a(system_LPC17xx.o)

.debug_loc      0x00000000     0x1809
 .debug_loc     0x00000000      0x288 ./uip/psock.o
 .debug_loc     0x00000288       0xe0 ./uip/timer.o
 .debug_loc     0x00000368      0x230 ./uip/uip-fw.o
 .debug_loc     0x00000598      0x150 ./uip/uip-neighbor.o
 .debug_loc     0x000006e8       0x38 ./uip/uip-split.o
 .debug_loc     0x00000720      0x35c ./uip/uip.o
 .debug_loc     0x00000a7c      0x100 ./uip/uip_arp.o
 .debug_loc     0x00000b7c       0x38 ./uip/uiplib.o
 .debug_loc     0x00000bb4      0x260 ./src/cr_startup_lpc176x.o
 .debug_loc     0x00000e14       0x58 ./main/clock-arch.o
 .debug_loc     0x00000e6c       0x70 ./main/main.o
 .debug_loc     0x00000edc       0x9c ./main/tapdev.o
 .debug_loc     0x00000f78      0x188 ./main/lpc1700/lpc17xx_emac.o
 .debug_loc     0x00001100       0xd4 ./main/lpc1700/lpc17xx_systick.o
 .debug_loc     0x000011d4      0x2d9 ./apps/webserver/httpd-cgi.o
 .debug_loc     0x000014ad       0xe0 ./apps/webserver/httpd-fs.o
 .debug_loc     0x0000158d      0x25c ./apps/webserver/httpd.o
 .debug_loc     0x000017e9       0x20 E:\FAKU\Sistemas_Embebidos\WORKSPACES\CAPEAR\CMSISv2p00_LPC17xx\Debug\libCMSISv2p00_LPC17xx.a(system_LPC17xx.o)

.debug_pubnames
                0x00000000      0xa8c
 .debug_pubnames
                0x00000000       0x90 ./uip/psock.o
 .debug_pubnames
                0x00000090       0x54 ./uip/timer.o
 .debug_pubnames
                0x000000e4       0x82 ./uip/uip-fw.o
 .debug_pubnames
                0x00000166       0x87 ./uip/uip-neighbor.o
 .debug_pubnames
                0x000001ed       0x27 ./uip/uip-split.o
 .debug_pubnames
                0x00000214      0x1b6 ./uip/uip.o
 .debug_pubnames
                0x000003ca       0x57 ./uip/uip_arp.o
 .debug_pubnames
                0x00000421       0x28 ./uip/uiplib.o
 .debug_pubnames
                0x00000449      0x118 ./src/cr_startup_lpc176x.o
 .debug_pubnames
                0x00000561       0x30 ./main/clock-arch.o
 .debug_pubnames
                0x00000591       0x34 ./main/main.o
 .debug_pubnames
                0x000005c5       0x42 ./main/tapdev.o
 .debug_pubnames
                0x00000607       0x48 ./main/lpc1700/lpc17xx_emac.o
 .debug_pubnames
                0x0000064f       0x49 ./main/lpc1700/lpc17xx_systick.o
 .debug_pubnames
                0x00000698      0x271 ./apps/webserver/http-strings.o
 .debug_pubnames
                0x00000909       0x20 ./apps/webserver/httpd-cgi.o
 .debug_pubnames
                0x00000929       0xe1 ./apps/webserver/httpd-fs.o
 .debug_pubnames
                0x00000a0a       0x33 ./apps/webserver/httpd.o
 .debug_pubnames
                0x00000a3d       0x4f E:\FAKU\Sistemas_Embebidos\WORKSPACES\CAPEAR\CMSISv2p00_LPC17xx\Debug\libCMSISv2p00_LPC17xx.a(system_LPC17xx.o)

.debug_pubtypes
                0x00000000      0x9f9
 .debug_pubtypes
                0x00000000       0xcf ./uip/psock.o
 .debug_pubtypes
                0x000000cf       0x2d ./uip/timer.o
 .debug_pubtypes
                0x000000fc       0xa1 ./uip/uip-fw.o
 .debug_pubtypes
                0x0000019d       0x9b ./uip/uip-neighbor.o
 .debug_pubtypes
                0x00000238       0x50 ./uip/uip-split.o
 .debug_pubtypes
                0x00000288      0x123 ./uip/uip.o
 .debug_pubtypes
                0x000003ab       0xaa ./uip/uip_arp.o
 .debug_pubtypes
                0x00000455       0x12 ./uip/uiplib.o
 .debug_pubtypes
                0x00000467       0x12 ./src/cr_startup_lpc176x.o
 .debug_pubtypes
                0x00000479       0x2e ./main/clock-arch.o
 .debug_pubtypes
                0x000004a7      0x139 ./main/main.o
 .debug_pubtypes
                0x000005e0       0x1e ./main/tapdev.o
 .debug_pubtypes
                0x000005fe       0xa1 ./main/lpc1700/lpc17xx_emac.o
 .debug_pubtypes
                0x0000069f       0x85 ./main/lpc1700/lpc17xx_systick.o
 .debug_pubtypes
                0x00000724      0x144 ./apps/webserver/httpd-cgi.o
 .debug_pubtypes
                0x00000868       0x84 ./apps/webserver/httpd-fs.o
 .debug_pubtypes
                0x000008ec       0xcf ./apps/webserver/httpd.o
 .debug_pubtypes
                0x000009bb       0x3e E:\FAKU\Sistemas_Embebidos\WORKSPACES\CAPEAR\CMSISv2p00_LPC17xx\Debug\libCMSISv2p00_LPC17xx.a(system_LPC17xx.o)

.debug_aranges  0x00000000      0x550
 .debug_aranges
                0x00000000       0x78 ./uip/psock.o
 .debug_aranges
                0x00000078       0x38 ./uip/timer.o
 .debug_aranges
                0x000000b0       0x68 ./uip/uip-fw.o
 .debug_aranges
                0x00000118       0x48 ./uip/uip-neighbor.o
 .debug_aranges
                0x00000160       0x20 ./uip/uip-split.o
 .debug_aranges
                0x00000180       0x98 ./uip/uip.o
 .debug_aranges
                0x00000218       0x40 ./uip/uip_arp.o
 .debug_aranges
                0x00000258       0x20 ./uip/uiplib.o
 .debug_aranges
                0x00000278       0x80 ./src/cr_startup_lpc176x.o
 .debug_aranges
                0x000002f8       0x28 ./main/clock-arch.o
 .debug_aranges
                0x00000320       0x28 ./main/main.o
 .debug_aranges
                0x00000348       0x30 ./main/tapdev.o
 .debug_aranges
                0x00000378       0x50 ./main/lpc1700/lpc17xx_emac.o
 .debug_aranges
                0x000003c8       0x38 ./main/lpc1700/lpc17xx_systick.o
 .debug_aranges
                0x00000400       0x80 ./apps/webserver/httpd-cgi.o
 .debug_aranges
                0x00000480       0x38 ./apps/webserver/httpd-fs.o
 .debug_aranges
                0x000004b8       0x70 ./apps/webserver/httpd.o
 .debug_aranges
                0x00000528       0x28 E:\FAKU\Sistemas_Embebidos\WORKSPACES\CAPEAR\CMSISv2p00_LPC17xx\Debug\libCMSISv2p00_LPC17xx.a(system_LPC17xx.o)

.debug_ranges   0x00000000      0x430
 .debug_ranges  0x00000000       0x68 ./uip/psock.o
 .debug_ranges  0x00000068       0x28 ./uip/timer.o
 .debug_ranges  0x00000090       0x58 ./uip/uip-fw.o
 .debug_ranges  0x000000e8       0x38 ./uip/uip-neighbor.o
 .debug_ranges  0x00000120       0x10 ./uip/uip-split.o
 .debug_ranges  0x00000130       0x88 ./uip/uip.o
 .debug_ranges  0x000001b8       0x30 ./uip/uip_arp.o
 .debug_ranges  0x000001e8       0x10 ./uip/uiplib.o
 .debug_ranges  0x000001f8       0x70 ./src/cr_startup_lpc176x.o
 .debug_ranges  0x00000268       0x18 ./main/clock-arch.o
 .debug_ranges  0x00000280       0x18 ./main/main.o
 .debug_ranges  0x00000298       0x20 ./main/tapdev.o
 .debug_ranges  0x000002b8       0x40 ./main/lpc1700/lpc17xx_emac.o
 .debug_ranges  0x000002f8       0x28 ./main/lpc1700/lpc17xx_systick.o
 .debug_ranges  0x00000320       0x70 ./apps/webserver/httpd-cgi.o
 .debug_ranges  0x00000390       0x28 ./apps/webserver/httpd-fs.o
 .debug_ranges  0x000003b8       0x60 ./apps/webserver/httpd.o
 .debug_ranges  0x00000418       0x18 E:\FAKU\Sistemas_Embebidos\WORKSPACES\CAPEAR\CMSISv2p00_LPC17xx\Debug\libCMSISv2p00_LPC17xx.a(system_LPC17xx.o)

.debug_str      0x00000000     0x1b0f
 .debug_str     0x00000000      0x2e5 ./uip/psock.o
                                0x34a (size before relaxing)
 .debug_str     0x000002e5       0x57 ./uip/timer.o
                                 0xc1 (size before relaxing)
 .debug_str     0x0000033c      0x181 ./uip/uip-fw.o
                                0x2f5 (size before relaxing)
 .debug_str     0x000004bd       0xc4 ./uip/uip-neighbor.o
                                0x1e2 (size before relaxing)
 .debug_str     0x00000581       0x5a ./uip/uip-split.o
                                0x1d7 (size before relaxing)
 .debug_str     0x000005db      0x2b2 ./uip/uip.o
                                0x619 (size before relaxing)
 .debug_str     0x0000088d      0x10d ./uip/uip_arp.o
                                0x2c1 (size before relaxing)
 .debug_str     0x0000099a       0x2a ./uip/uiplib.o
                                0x100 (size before relaxing)
 .debug_str     0x000009c4      0x17a ./src/cr_startup_lpc176x.o
                                0x24a (size before relaxing)
 .debug_str     0x00000b3e       0x42 ./main/clock-arch.o
                                0x10e (size before relaxing)
 .debug_str     0x00000b80      0x17f ./main/main.o
                                0x44b (size before relaxing)
 .debug_str     0x00000cff       0x3d ./main/tapdev.o
                                0x126 (size before relaxing)
 .debug_str     0x00000d3c      0x4cb ./main/lpc1700/lpc17xx_emac.o
                                0x5e3 (size before relaxing)
 .debug_str     0x00001207      0x311 ./main/lpc1700/lpc17xx_systick.o
                                0x464 (size before relaxing)
 .debug_str     0x00001518      0x1f8 ./apps/webserver/http-strings.o
                                0x25b (size before relaxing)
 .debug_str     0x00001710      0x132 ./apps/webserver/httpd-cgi.o
                                0x5bf (size before relaxing)
 .debug_str     0x00001842      0x186 ./apps/webserver/httpd-fs.o
                                0x29e (size before relaxing)
 .debug_str     0x000019c8       0xc8 ./apps/webserver/httpd.o
                                0x44a (size before relaxing)
 .debug_str     0x00001a90       0x7f E:\FAKU\Sistemas_Embebidos\WORKSPACES\CAPEAR\CMSISv2p00_LPC17xx\Debug\libCMSISv2p00_LPC17xx.a(system_LPC17xx.o)
                                0x27c (size before relaxing)

.comment        0x00000000      0x284
 .comment       0x00000000       0x2a ./uip/psock.o
                                 0x2b (size before relaxing)
 .comment       0x00000000       0x2b ./uip/timer.o
 .comment       0x00000000       0x2b ./uip/uip-fw.o
 .comment       0x00000000       0x2b ./uip/uip-neighbor.o
 .comment       0x00000000       0x2b ./uip/uip-split.o
 .comment       0x00000000       0x2b ./uip/uip.o
 .comment       0x00000000       0x2b ./uip/uip_arp.o
 .comment       0x00000000       0x2b ./uip/uiplib.o
 .comment       0x00000000       0x2b ./src/cr_startup_lpc176x.o
 .comment       0x00000000       0x2b ./main/clock-arch.o
 .comment       0x00000000       0x2b ./main/main.o
 .comment       0x00000000       0x2b ./main/tapdev.o
 .comment       0x00000000       0x2b ./main/lpc1700/lpc17xx_emac.o
 .comment       0x00000000       0x2b ./main/lpc1700/lpc17xx_systick.o
 .comment       0x00000000       0x2b ./apps/webserver/http-strings.o
 .comment       0x00000000       0x2b ./apps/webserver/httpd-cgi.o
 .comment       0x00000000       0x2b ./apps/webserver/httpd-fs.o
 .comment       0x00000000       0x2b ./apps/webserver/httpd.o
 .comment       0x00000000       0x2b E:\FAKU\Sistemas_Embebidos\WORKSPACES\CAPEAR\CMSISv2p00_LPC17xx\Debug\libCMSISv2p00_LPC17xx.a(system_LPC17xx.o)
 .comment       0x0000002a       0x2b e:/faku/sistemas_embebidos/software/nxp/lpcxpresso_4.3.0_1023/lpcxpresso/tools/bin/../lib/gcc/arm-none-eabi/4.5.1/../../../../arm-none-eabi/lib/thumb2\libcr_nohost.a(_cr__main.o)
 .comment       0x00000000       0x2b e:/faku/sistemas_embebidos/software/nxp/lpcxpresso_4.3.0_1023/lpcxpresso/tools/bin/../lib/gcc/arm-none-eabi/4.5.1/../../../../arm-none-eabi/lib/thumb2\libcr_c.a(fpprintf.o)
 .comment       0x00000000       0x2b e:/faku/sistemas_embebidos/software/nxp/lpcxpresso_4.3.0_1023/lpcxpresso/tools/bin/../lib/gcc/arm-none-eabi/4.5.1/../../../../arm-none-eabi/lib/thumb2\libcr_c.a(initio.o)
 .comment       0x00000000       0x2b e:/faku/sistemas_embebidos/software/nxp/lpcxpresso_4.3.0_1023/lpcxpresso/tools/bin/../lib/gcc/arm-none-eabi/4.5.1/../../../../arm-none-eabi/lib/thumb2\libcr_c.a(printf.o)
 .comment       0x00000000       0x2b e:/faku/sistemas_embebidos/software/nxp/lpcxpresso_4.3.0_1023/lpcxpresso/tools/bin/../lib/gcc/arm-none-eabi/4.5.1/../../../../arm-none-eabi/lib/thumb2\libcr_c.a(setvbuf.o)
 .comment       0x00000000       0x2b e:/faku/sistemas_embebidos/software/nxp/lpcxpresso_4.3.0_1023/lpcxpresso/tools/bin/../lib/gcc/arm-none-eabi/4.5.1/../../../../arm-none-eabi/lib/thumb2\libcr_c.a(stdio.o)
 .comment       0x00000000       0x2b e:/faku/sistemas_embebidos/software/nxp/lpcxpresso_4.3.0_1023/lpcxpresso/tools/bin/../lib/gcc/arm-none-eabi/4.5.1/../../../../arm-none-eabi/lib/thumb2\libcr_c.a(strchr.o)
 .comment       0x00000000       0x2b e:/faku/sistemas_embebidos/software/nxp/lpcxpresso_4.3.0_1023/lpcxpresso/tools/bin/../lib/gcc/arm-none-eabi/4.5.1/../../../../arm-none-eabi/lib/thumb2\libcr_c.a(strcpy.o)
 .comment       0x00000000       0x2b e:/faku/sistemas_embebidos/software/nxp/lpcxpresso_4.3.0_1023/lpcxpresso/tools/bin/../lib/gcc/arm-none-eabi/4.5.1/../../../../arm-none-eabi/lib/thumb2\libcr_c.a(strlen.o)
 .comment       0x00000000       0x2b e:/faku/sistemas_embebidos/software/nxp/lpcxpresso_4.3.0_1023/lpcxpresso/tools/bin/../lib/gcc/arm-none-eabi/4.5.1/../../../../arm-none-eabi/lib/thumb2\libcr_c.a(strncmp.o)
 .comment       0x00000000       0x2b e:/faku/sistemas_embebidos/software/nxp/lpcxpresso_4.3.0_1023/lpcxpresso/tools/bin/../lib/gcc/arm-none-eabi/4.5.1/../../../../arm-none-eabi/lib/thumb2\libcr_c.a(strncpy.o)
 .comment       0x00000000       0x2b e:/faku/sistemas_embebidos/software/nxp/lpcxpresso_4.3.0_1023/lpcxpresso/tools/bin/../lib/gcc/arm-none-eabi/4.5.1/../../../../arm-none-eabi/lib/thumb2\libcr_c.a(strrchr.o)
 .comment       0x00000000       0x2b e:/faku/sistemas_embebidos/software/nxp/lpcxpresso_4.3.0_1023/lpcxpresso/tools/bin/../lib/gcc/arm-none-eabi/4.5.1/../../../../arm-none-eabi/lib/thumb2\libcr_c.a(memcpy.o)
 .comment       0x00000000       0x2b e:/faku/sistemas_embebidos/software/nxp/lpcxpresso_4.3.0_1023/lpcxpresso/tools/bin/../lib/gcc/arm-none-eabi/4.5.1/../../../../arm-none-eabi/lib/thumb2\libcr_c.a(memset.o)
 .comment       0x00000000       0x2b e:/faku/sistemas_embebidos/software/nxp/lpcxpresso_4.3.0_1023/lpcxpresso/tools/bin/../lib/gcc/arm-none-eabi/4.5.1/../../../../arm-none-eabi/lib/thumb2\libcr_c.a(__fillbuf.o)
 .comment       0x00000000       0x2b e:/faku/sistemas_embebidos/software/nxp/lpcxpresso_4.3.0_1023/lpcxpresso/tools/bin/../lib/gcc/arm-none-eabi/4.5.1/../../../../arm-none-eabi/lib/thumb2\libcr_c.a(_deferredlazyseek.o)
 .comment       0x00000000       0x2b e:/faku/sistemas_embebidos/software/nxp/lpcxpresso_4.3.0_1023/lpcxpresso/tools/bin/../lib/gcc/arm-none-eabi/4.5.1/../../../../arm-none-eabi/lib/thumb2\libcr_c.a(_fdopen.o)
 .comment       0x00000000       0x2b e:/faku/sistemas_embebidos/software/nxp/lpcxpresso_4.3.0_1023/lpcxpresso/tools/bin/../lib/gcc/arm-none-eabi/4.5.1/../../../../arm-none-eabi/lib/thumb2\libcr_c.a(_fflush.o)
 .comment       0x00000000       0x2b e:/faku/sistemas_embebidos/software/nxp/lpcxpresso_4.3.0_1023/lpcxpresso/tools/bin/../lib/gcc/arm-none-eabi/4.5.1/../../../../arm-none-eabi/lib/thumb2\libcr_c.a(_frexpl.o)
 .comment       0x00000000       0x2b e:/faku/sistemas_embebidos/software/nxp/lpcxpresso_4.3.0_1023/lpcxpresso/tools/bin/../lib/gcc/arm-none-eabi/4.5.1/../../../../arm-none-eabi/lib/thumb2\libcr_c.a(_ldexpl.o)
 .comment       0x00000000       0x2b e:/faku/sistemas_embebidos/software/nxp/lpcxpresso_4.3.0_1023/lpcxpresso/tools/bin/../lib/gcc/arm-none-eabi/4.5.1/../../../../arm-none-eabi/lib/thumb2\libcr_c.a(_writebuf.o)
 .comment       0x00000000       0x2b e:/faku/sistemas_embebidos/software/nxp/lpcxpresso_4.3.0_1023/lpcxpresso/tools/bin/../lib/gcc/arm-none-eabi/4.5.1/../../../../arm-none-eabi/lib/thumb2\libcr_c.a(alloc.o)
 .comment       0x00000000       0x2b e:/faku/sistemas_embebidos/software/nxp/lpcxpresso_4.3.0_1023/lpcxpresso/tools/bin/../lib/gcc/arm-none-eabi/4.5.1/../../../../arm-none-eabi/lib/thumb2\libcr_c.a(ctype.o)
 .comment       0x00000000       0x2b e:/faku/sistemas_embebidos/software/nxp/lpcxpresso_4.3.0_1023/lpcxpresso/tools/bin/../lib/gcc/arm-none-eabi/4.5.1/../../../../arm-none-eabi/lib/thumb2\libcr_c.a(errno.o)
 .comment       0x00000000       0x2b e:/faku/sistemas_embebidos/software/nxp/lpcxpresso_4.3.0_1023/lpcxpresso/tools/bin/../lib/gcc/arm-none-eabi/4.5.1/../../../../arm-none-eabi/lib/thumb2\libcr_c.a(fclose.o)
 .comment       0x00000000       0x2b e:/faku/sistemas_embebidos/software/nxp/lpcxpresso_4.3.0_1023/lpcxpresso/tools/bin/../lib/gcc/arm-none-eabi/4.5.1/../../../../arm-none-eabi/lib/thumb2\libcr_c.a(fflush.o)
 .comment       0x00000000       0x2b e:/faku/sistemas_embebidos/software/nxp/lpcxpresso_4.3.0_1023/lpcxpresso/tools/bin/../lib/gcc/arm-none-eabi/4.5.1/../../../../arm-none-eabi/lib/thumb2\libcr_c.a(fseek.o)
 .comment       0x00000000       0x2b e:/faku/sistemas_embebidos/software/nxp/lpcxpresso_4.3.0_1023/lpcxpresso/tools/bin/../lib/gcc/arm-none-eabi/4.5.1/../../../../arm-none-eabi/lib/thumb2\libcr_c.a(ftell.o)
 .comment       0x00000000       0x2b e:/faku/sistemas_embebidos/software/nxp/lpcxpresso_4.3.0_1023/lpcxpresso/tools/bin/../lib/gcc/arm-none-eabi/4.5.1/../../../../arm-none-eabi/lib/thumb2\libcr_c.a(remove.o)
 .comment       0x00000000       0x2b e:/faku/sistemas_embebidos/software/nxp/lpcxpresso_4.3.0_1023/lpcxpresso/tools/bin/../lib/gcc/arm-none-eabi/4.5.1/../../../../arm-none-eabi/lib/thumb2\libcr_c.a(__init_alloc.o)
 .comment       0x00000000       0x2b e:/faku/sistemas_embebidos/software/nxp/lpcxpresso_4.3.0_1023/lpcxpresso/tools/bin/../lib/gcc/arm-none-eabi/4.5.1/../../../../arm-none-eabi/lib/thumb2\libcr_c.a(_do_fflush.o)
 .comment       0x00000000       0x2b e:/faku/sistemas_embebidos/software/nxp/lpcxpresso_4.3.0_1023/lpcxpresso/tools/bin/../lib/gcc/arm-none-eabi/4.5.1/../../../../arm-none-eabi/lib/thumb2\libcr_c.a(_hugeval.o)
 .comment       0x00000000       0x2b e:/faku/sistemas_embebidos/software/nxp/lpcxpresso_4.3.0_1023/lpcxpresso/tools/bin/../lib/gcc/arm-none-eabi/4.5.1/thumb2\libcr_eabihelpers.a(double.o)
 .comment       0x00000055       0x2b e:/faku/sistemas_embebidos/software/nxp/lpcxpresso_4.3.0_1023/lpcxpresso/tools/bin/../lib/gcc/arm-none-eabi/4.5.1/../../../../arm-none-eabi/lib/thumb2\libcr_nohost.a(__sys_appexit.o)
 .comment       0x00000080       0x2b e:/faku/sistemas_embebidos/software/nxp/lpcxpresso_4.3.0_1023/lpcxpresso/tools/bin/../lib/gcc/arm-none-eabi/4.5.1/../../../../arm-none-eabi/lib/thumb2\libcr_nohost.a(__sys_close.o)
 .comment       0x000000ab       0x2b e:/faku/sistemas_embebidos/software/nxp/lpcxpresso_4.3.0_1023/lpcxpresso/tools/bin/../lib/gcc/arm-none-eabi/4.5.1/../../../../arm-none-eabi/lib/thumb2\libcr_nohost.a(__sys_flen.o)
 .comment       0x000000d6       0x2b e:/faku/sistemas_embebidos/software/nxp/lpcxpresso_4.3.0_1023/lpcxpresso/tools/bin/../lib/gcc/arm-none-eabi/4.5.1/../../../../arm-none-eabi/lib/thumb2\libcr_nohost.a(__sys_istty.o)
 .comment       0x00000101       0x2b e:/faku/sistemas_embebidos/software/nxp/lpcxpresso_4.3.0_1023/lpcxpresso/tools/bin/../lib/gcc/arm-none-eabi/4.5.1/../../../../arm-none-eabi/lib/thumb2\libcr_nohost.a(__sys_read.o)
 .comment       0x0000012c       0x2b e:/faku/sistemas_embebidos/software/nxp/lpcxpresso_4.3.0_1023/lpcxpresso/tools/bin/../lib/gcc/arm-none-eabi/4.5.1/../../../../arm-none-eabi/lib/thumb2\libcr_nohost.a(__sys_readc.o)
 .comment       0x00000157       0x2b e:/faku/sistemas_embebidos/software/nxp/lpcxpresso_4.3.0_1023/lpcxpresso/tools/bin/../lib/gcc/arm-none-eabi/4.5.1/../../../../arm-none-eabi/lib/thumb2\libcr_nohost.a(__sys_remove.o)
 .comment       0x00000182       0x2b e:/faku/sistemas_embebidos/software/nxp/lpcxpresso_4.3.0_1023/lpcxpresso/tools/bin/../lib/gcc/arm-none-eabi/4.5.1/../../../../arm-none-eabi/lib/thumb2\libcr_nohost.a(__sys_rename.o)
 .comment       0x000001ad       0x2b e:/faku/sistemas_embebidos/software/nxp/lpcxpresso_4.3.0_1023/lpcxpresso/tools/bin/../lib/gcc/arm-none-eabi/4.5.1/../../../../arm-none-eabi/lib/thumb2\libcr_nohost.a(__sys_seek.o)
 .comment       0x000001d8       0x2b e:/faku/sistemas_embebidos/software/nxp/lpcxpresso_4.3.0_1023/lpcxpresso/tools/bin/../lib/gcc/arm-none-eabi/4.5.1/../../../../arm-none-eabi/lib/thumb2\libcr_nohost.a(__sys_tmpnam.o)
 .comment       0x00000203       0x2b e:/faku/sistemas_embebidos/software/nxp/lpcxpresso_4.3.0_1023/lpcxpresso/tools/bin/../lib/gcc/arm-none-eabi/4.5.1/../../../../arm-none-eabi/lib/thumb2\libcr_nohost.a(__sys_write.o)
 .comment       0x0000022e       0x2b e:/faku/sistemas_embebidos/software/nxp/lpcxpresso_4.3.0_1023/lpcxpresso/tools/bin/../lib/gcc/arm-none-eabi/4.5.1/../../../../arm-none-eabi/lib/thumb2\libcr_nohost.a(_cr_sbrk.o)
 .comment       0x00000259       0x2b e:/faku/sistemas_embebidos/software/nxp/lpcxpresso_4.3.0_1023/lpcxpresso/tools/bin/../lib/gcc/arm-none-eabi/4.5.1/../../../../arm-none-eabi/lib/thumb2\libcr_nohost.a(_cr_check_heap.o)

.ARM.attributes
                0x00000000       0x2f
 .ARM.attributes
                0x00000000       0x31 ./uip/psock.o
 .ARM.attributes
                0x00000031       0x31 ./uip/timer.o
 .ARM.attributes
                0x00000062       0x31 ./uip/uip-fw.o
 .ARM.attributes
                0x00000093       0x31 ./uip/uip-neighbor.o
 .ARM.attributes
                0x000000c4       0x31 ./uip/uip-split.o
 .ARM.attributes
                0x000000f5       0x31 ./uip/uip.o
 .ARM.attributes
                0x00000126       0x31 ./uip/uip_arp.o
 .ARM.attributes
                0x00000157       0x31 ./uip/uiplib.o
 .ARM.attributes
                0x00000188       0x31 ./src/cr_startup_lpc176x.o
 .ARM.attributes
                0x000001b9       0x31 ./main/clock-arch.o
 .ARM.attributes
                0x000001ea       0x31 ./main/main.o
 .ARM.attributes
                0x0000021b       0x31 ./main/tapdev.o
 .ARM.attributes
                0x0000024c       0x31 ./main/lpc1700/lpc17xx_emac.o
 .ARM.attributes
                0x0000027d       0x31 ./main/lpc1700/lpc17xx_systick.o
 .ARM.attributes
                0x000002ae       0x31 ./apps/webserver/http-strings.o
 .ARM.attributes
                0x000002df       0x31 ./apps/webserver/httpd-cgi.o
 .ARM.attributes
                0x00000310       0x31 ./apps/webserver/httpd-fs.o
 .ARM.attributes
                0x00000341       0x31 ./apps/webserver/httpd.o
 .ARM.attributes
                0x00000372       0x31 E:\FAKU\Sistemas_Embebidos\WORKSPACES\CAPEAR\CMSISv2p00_LPC17xx\Debug\libCMSISv2p00_LPC17xx.a(system_LPC17xx.o)
 .ARM.attributes
                0x000003a3       0x31 e:/faku/sistemas_embebidos/software/nxp/lpcxpresso_4.3.0_1023/lpcxpresso/tools/bin/../lib/gcc/arm-none-eabi/4.5.1/../../../../arm-none-eabi/lib/thumb2\libcr_nohost.a(_cr__main.o)
 .ARM.attributes
                0x000003d4       0x31 e:/faku/sistemas_embebidos/software/nxp/lpcxpresso_4.3.0_1023/lpcxpresso/tools/bin/../lib/gcc/arm-none-eabi/4.5.1/../../../../arm-none-eabi/lib/thumb2\libcr_c.a(fpprintf.o)
 .ARM.attributes
                0x00000405       0x31 e:/faku/sistemas_embebidos/software/nxp/lpcxpresso_4.3.0_1023/lpcxpresso/tools/bin/../lib/gcc/arm-none-eabi/4.5.1/../../../../arm-none-eabi/lib/thumb2\libcr_c.a(initio.o)
 .ARM.attributes
                0x00000436       0x31 e:/faku/sistemas_embebidos/software/nxp/lpcxpresso_4.3.0_1023/lpcxpresso/tools/bin/../lib/gcc/arm-none-eabi/4.5.1/../../../../arm-none-eabi/lib/thumb2\libcr_c.a(printf.o)
 .ARM.attributes
                0x00000467       0x31 e:/faku/sistemas_embebidos/software/nxp/lpcxpresso_4.3.0_1023/lpcxpresso/tools/bin/../lib/gcc/arm-none-eabi/4.5.1/../../../../arm-none-eabi/lib/thumb2\libcr_c.a(setvbuf.o)
 .ARM.attributes
                0x00000498       0x31 e:/faku/sistemas_embebidos/software/nxp/lpcxpresso_4.3.0_1023/lpcxpresso/tools/bin/../lib/gcc/arm-none-eabi/4.5.1/../../../../arm-none-eabi/lib/thumb2\libcr_c.a(stdio.o)
 .ARM.attributes
                0x000004c9       0x31 e:/faku/sistemas_embebidos/software/nxp/lpcxpresso_4.3.0_1023/lpcxpresso/tools/bin/../lib/gcc/arm-none-eabi/4.5.1/../../../../arm-none-eabi/lib/thumb2\libcr_c.a(strchr.o)
 .ARM.attributes
                0x000004fa       0x31 e:/faku/sistemas_embebidos/software/nxp/lpcxpresso_4.3.0_1023/lpcxpresso/tools/bin/../lib/gcc/arm-none-eabi/4.5.1/../../../../arm-none-eabi/lib/thumb2\libcr_c.a(strcpy.o)
 .ARM.attributes
                0x0000052b       0x31 e:/faku/sistemas_embebidos/software/nxp/lpcxpresso_4.3.0_1023/lpcxpresso/tools/bin/../lib/gcc/arm-none-eabi/4.5.1/../../../../arm-none-eabi/lib/thumb2\libcr_c.a(strlen.o)
 .ARM.attributes
                0x0000055c       0x31 e:/faku/sistemas_embebidos/software/nxp/lpcxpresso_4.3.0_1023/lpcxpresso/tools/bin/../lib/gcc/arm-none-eabi/4.5.1/../../../../arm-none-eabi/lib/thumb2\libcr_c.a(strncmp.o)
 .ARM.attributes
                0x0000058d       0x31 e:/faku/sistemas_embebidos/software/nxp/lpcxpresso_4.3.0_1023/lpcxpresso/tools/bin/../lib/gcc/arm-none-eabi/4.5.1/../../../../arm-none-eabi/lib/thumb2\libcr_c.a(strncpy.o)
 .ARM.attributes
                0x000005be       0x31 e:/faku/sistemas_embebidos/software/nxp/lpcxpresso_4.3.0_1023/lpcxpresso/tools/bin/../lib/gcc/arm-none-eabi/4.5.1/../../../../arm-none-eabi/lib/thumb2\libcr_c.a(strrchr.o)
 .ARM.attributes
                0x000005ef       0x31 e:/faku/sistemas_embebidos/software/nxp/lpcxpresso_4.3.0_1023/lpcxpresso/tools/bin/../lib/gcc/arm-none-eabi/4.5.1/../../../../arm-none-eabi/lib/thumb2\libcr_c.a(memcpy.o)
 .ARM.attributes
                0x00000620       0x31 e:/faku/sistemas_embebidos/software/nxp/lpcxpresso_4.3.0_1023/lpcxpresso/tools/bin/../lib/gcc/arm-none-eabi/4.5.1/../../../../arm-none-eabi/lib/thumb2\libcr_c.a(memset.o)
 .ARM.attributes
                0x00000651       0x31 e:/faku/sistemas_embebidos/software/nxp/lpcxpresso_4.3.0_1023/lpcxpresso/tools/bin/../lib/gcc/arm-none-eabi/4.5.1/../../../../arm-none-eabi/lib/thumb2\libcr_c.a(__fillbuf.o)
 .ARM.attributes
                0x00000682       0x31 e:/faku/sistemas_embebidos/software/nxp/lpcxpresso_4.3.0_1023/lpcxpresso/tools/bin/../lib/gcc/arm-none-eabi/4.5.1/../../../../arm-none-eabi/lib/thumb2\libcr_c.a(_deferredlazyseek.o)
 .ARM.attributes
                0x000006b3       0x31 e:/faku/sistemas_embebidos/software/nxp/lpcxpresso_4.3.0_1023/lpcxpresso/tools/bin/../lib/gcc/arm-none-eabi/4.5.1/../../../../arm-none-eabi/lib/thumb2\libcr_c.a(_fdopen.o)
 .ARM.attributes
                0x000006e4       0x31 e:/faku/sistemas_embebidos/software/nxp/lpcxpresso_4.3.0_1023/lpcxpresso/tools/bin/../lib/gcc/arm-none-eabi/4.5.1/../../../../arm-none-eabi/lib/thumb2\libcr_c.a(_fflush.o)
 .ARM.attributes
                0x00000715       0x31 e:/faku/sistemas_embebidos/software/nxp/lpcxpresso_4.3.0_1023/lpcxpresso/tools/bin/../lib/gcc/arm-none-eabi/4.5.1/../../../../arm-none-eabi/lib/thumb2\libcr_c.a(_frexpl.o)
 .ARM.attributes
                0x00000746       0x31 e:/faku/sistemas_embebidos/software/nxp/lpcxpresso_4.3.0_1023/lpcxpresso/tools/bin/../lib/gcc/arm-none-eabi/4.5.1/../../../../arm-none-eabi/lib/thumb2\libcr_c.a(_ldexpl.o)
 .ARM.attributes
                0x00000777       0x31 e:/faku/sistemas_embebidos/software/nxp/lpcxpresso_4.3.0_1023/lpcxpresso/tools/bin/../lib/gcc/arm-none-eabi/4.5.1/../../../../arm-none-eabi/lib/thumb2\libcr_c.a(_writebuf.o)
 .ARM.attributes
                0x000007a8       0x31 e:/faku/sistemas_embebidos/software/nxp/lpcxpresso_4.3.0_1023/lpcxpresso/tools/bin/../lib/gcc/arm-none-eabi/4.5.1/../../../../arm-none-eabi/lib/thumb2\libcr_c.a(alloc.o)
 .ARM.attributes
                0x000007d9       0x31 e:/faku/sistemas_embebidos/software/nxp/lpcxpresso_4.3.0_1023/lpcxpresso/tools/bin/../lib/gcc/arm-none-eabi/4.5.1/../../../../arm-none-eabi/lib/thumb2\libcr_c.a(ctype.o)
 .ARM.attributes
                0x0000080a       0x31 e:/faku/sistemas_embebidos/software/nxp/lpcxpresso_4.3.0_1023/lpcxpresso/tools/bin/../lib/gcc/arm-none-eabi/4.5.1/../../../../arm-none-eabi/lib/thumb2\libcr_c.a(errno.o)
 .ARM.attributes
                0x0000083b       0x31 e:/faku/sistemas_embebidos/software/nxp/lpcxpresso_4.3.0_1023/lpcxpresso/tools/bin/../lib/gcc/arm-none-eabi/4.5.1/../../../../arm-none-eabi/lib/thumb2\libcr_c.a(fclose.o)
 .ARM.attributes
                0x0000086c       0x31 e:/faku/sistemas_embebidos/software/nxp/lpcxpresso_4.3.0_1023/lpcxpresso/tools/bin/../lib/gcc/arm-none-eabi/4.5.1/../../../../arm-none-eabi/lib/thumb2\libcr_c.a(fflush.o)
 .ARM.attributes
                0x0000089d       0x31 e:/faku/sistemas_embebidos/software/nxp/lpcxpresso_4.3.0_1023/lpcxpresso/tools/bin/../lib/gcc/arm-none-eabi/4.5.1/../../../../arm-none-eabi/lib/thumb2\libcr_c.a(fseek.o)
 .ARM.attributes
                0x000008ce       0x31 e:/faku/sistemas_embebidos/software/nxp/lpcxpresso_4.3.0_1023/lpcxpresso/tools/bin/../lib/gcc/arm-none-eabi/4.5.1/../../../../arm-none-eabi/lib/thumb2\libcr_c.a(ftell.o)
 .ARM.attributes
                0x000008ff       0x31 e:/faku/sistemas_embebidos/software/nxp/lpcxpresso_4.3.0_1023/lpcxpresso/tools/bin/../lib/gcc/arm-none-eabi/4.5.1/../../../../arm-none-eabi/lib/thumb2\libcr_c.a(remove.o)
 .ARM.attributes
                0x00000930       0x31 e:/faku/sistemas_embebidos/software/nxp/lpcxpresso_4.3.0_1023/lpcxpresso/tools/bin/../lib/gcc/arm-none-eabi/4.5.1/../../../../arm-none-eabi/lib/thumb2\libcr_c.a(__init_alloc.o)
 .ARM.attributes
                0x00000961       0x31 e:/faku/sistemas_embebidos/software/nxp/lpcxpresso_4.3.0_1023/lpcxpresso/tools/bin/../lib/gcc/arm-none-eabi/4.5.1/../../../../arm-none-eabi/lib/thumb2\libcr_c.a(_do_fflush.o)
 .ARM.attributes
                0x00000992       0x31 e:/faku/sistemas_embebidos/software/nxp/lpcxpresso_4.3.0_1023/lpcxpresso/tools/bin/../lib/gcc/arm-none-eabi/4.5.1/../../../../arm-none-eabi/lib/thumb2\libcr_c.a(_hugeval.o)
 .ARM.attributes
                0x000009c3       0x21 e:/faku/sistemas_embebidos/software/nxp/lpcxpresso_4.3.0_1023/lpcxpresso/tools/bin/../lib/gcc/arm-none-eabi/4.5.1/thumb2\libcr_eabihelpers.a(division.o)
 .ARM.attributes
                0x000009e4       0x31 e:/faku/sistemas_embebidos/software/nxp/lpcxpresso_4.3.0_1023/lpcxpresso/tools/bin/../lib/gcc/arm-none-eabi/4.5.1/thumb2\libcr_eabihelpers.a(double.o)
 .ARM.attributes
                0x00000a15       0x21 e:/faku/sistemas_embebidos/software/nxp/lpcxpresso_4.3.0_1023/lpcxpresso/tools/bin/../lib/gcc/arm-none-eabi/4.5.1/thumb2\libcr_eabihelpers.a(memcpy.o)
 .ARM.attributes
                0x00000a36       0x31 e:/faku/sistemas_embebidos/software/nxp/lpcxpresso_4.3.0_1023/lpcxpresso/tools/bin/../lib/gcc/arm-none-eabi/4.5.1/../../../../arm-none-eabi/lib/thumb2\libcr_nohost.a(__sys_appexit.o)
 .ARM.attributes
                0x00000a67       0x31 e:/faku/sistemas_embebidos/software/nxp/lpcxpresso_4.3.0_1023/lpcxpresso/tools/bin/../lib/gcc/arm-none-eabi/4.5.1/../../../../arm-none-eabi/lib/thumb2\libcr_nohost.a(__sys_close.o)
 .ARM.attributes
                0x00000a98       0x31 e:/faku/sistemas_embebidos/software/nxp/lpcxpresso_4.3.0_1023/lpcxpresso/tools/bin/../lib/gcc/arm-none-eabi/4.5.1/../../../../arm-none-eabi/lib/thumb2\libcr_nohost.a(__sys_flen.o)
 .ARM.attributes
                0x00000ac9       0x31 e:/faku/sistemas_embebidos/software/nxp/lpcxpresso_4.3.0_1023/lpcxpresso/tools/bin/../lib/gcc/arm-none-eabi/4.5.1/../../../../arm-none-eabi/lib/thumb2\libcr_nohost.a(__sys_istty.o)
 .ARM.attributes
                0x00000afa       0x31 e:/faku/sistemas_embebidos/software/nxp/lpcxpresso_4.3.0_1023/lpcxpresso/tools/bin/../lib/gcc/arm-none-eabi/4.5.1/../../../../arm-none-eabi/lib/thumb2\libcr_nohost.a(__sys_read.o)
 .ARM.attributes
                0x00000b2b       0x31 e:/faku/sistemas_embebidos/software/nxp/lpcxpresso_4.3.0_1023/lpcxpresso/tools/bin/../lib/gcc/arm-none-eabi/4.5.1/../../../../arm-none-eabi/lib/thumb2\libcr_nohost.a(__sys_readc.o)
 .ARM.attributes
                0x00000b5c       0x31 e:/faku/sistemas_embebidos/software/nxp/lpcxpresso_4.3.0_1023/lpcxpresso/tools/bin/../lib/gcc/arm-none-eabi/4.5.1/../../../../arm-none-eabi/lib/thumb2\libcr_nohost.a(__sys_remove.o)
 .ARM.attributes
                0x00000b8d       0x31 e:/faku/sistemas_embebidos/software/nxp/lpcxpresso_4.3.0_1023/lpcxpresso/tools/bin/../lib/gcc/arm-none-eabi/4.5.1/../../../../arm-none-eabi/lib/thumb2\libcr_nohost.a(__sys_rename.o)
 .ARM.attributes
                0x00000bbe       0x31 e:/faku/sistemas_embebidos/software/nxp/lpcxpresso_4.3.0_1023/lpcxpresso/tools/bin/../lib/gcc/arm-none-eabi/4.5.1/../../../../arm-none-eabi/lib/thumb2\libcr_nohost.a(__sys_seek.o)
 .ARM.attributes
                0x00000bef       0x31 e:/faku/sistemas_embebidos/software/nxp/lpcxpresso_4.3.0_1023/lpcxpresso/tools/bin/../lib/gcc/arm-none-eabi/4.5.1/../../../../arm-none-eabi/lib/thumb2\libcr_nohost.a(__sys_tmpnam.o)
 .ARM.attributes
                0x00000c20       0x31 e:/faku/sistemas_embebidos/software/nxp/lpcxpresso_4.3.0_1023/lpcxpresso/tools/bin/../lib/gcc/arm-none-eabi/4.5.1/../../../../arm-none-eabi/lib/thumb2\libcr_nohost.a(__sys_write.o)
 .ARM.attributes
                0x00000c51       0x31 e:/faku/sistemas_embebidos/software/nxp/lpcxpresso_4.3.0_1023/lpcxpresso/tools/bin/../lib/gcc/arm-none-eabi/4.5.1/../../../../arm-none-eabi/lib/thumb2\libcr_nohost.a(_cr_sbrk.o)
 .ARM.attributes
                0x00000c82       0x31 e:/faku/sistemas_embebidos/software/nxp/lpcxpresso_4.3.0_1023/lpcxpresso/tools/bin/../lib/gcc/arm-none-eabi/4.5.1/../../../../arm-none-eabi/lib/thumb2\libcr_nohost.a(_cr_check_heap.o)

.debug_frame    0x00000000      0xe94
 .debug_frame   0x00000000      0x184 ./uip/psock.o
 .debug_frame   0x00000184       0x8c ./uip/timer.o
 .debug_frame   0x00000210      0x138 ./uip/uip-fw.o
 .debug_frame   0x00000348       0xc4 ./uip/uip-neighbor.o
 .debug_frame   0x0000040c       0x30 ./uip/uip-split.o
 .debug_frame   0x0000043c      0x1ec ./uip/uip.o
 .debug_frame   0x00000628       0xa8 ./uip/uip_arp.o
 .debug_frame   0x000006d0       0x2c ./uip/uiplib.o
 .debug_frame   0x000006fc      0x158 ./src/cr_startup_lpc176x.o
 .debug_frame   0x00000854       0x44 ./main/clock-arch.o
 .debug_frame   0x00000898       0x4c ./main/main.o
 .debug_frame   0x000008e4       0x6c ./main/tapdev.o
 .debug_frame   0x00000950       0xe0 ./main/lpc1700/lpc17xx_emac.o
 .debug_frame   0x00000a30       0x84 ./main/lpc1700/lpc17xx_systick.o
 .debug_frame   0x00000ab4      0x1b0 ./apps/webserver/httpd-cgi.o
 .debug_frame   0x00000c64       0x88 ./apps/webserver/httpd-fs.o
 .debug_frame   0x00000cec      0x16c ./apps/webserver/httpd.o
 .debug_frame   0x00000e58       0x3c E:\FAKU\Sistemas_Embebidos\WORKSPACES\CAPEAR\CMSISv2p00_LPC17xx\Debug\libCMSISv2p00_LPC17xx.a(system_LPC17xx.o)
